[2026-06-08 09:57:13] [INFO] Navigating to: /
[2026-06-08 09:57:13] [INFO] Navigating to: /
[2026-06-08 09:57:13] [INFO] Navigating to: /
[2026-06-08 09:57:13] [INFO] Navigating to: /
[2026-06-08 09:57:13] [INFO] Navigating to: /
[2026-06-08 09:57:13] [INFO] Navigating to: /
[2026-06-08 09:57:43] [INFO] Navigating to: /
[2026-06-08 09:57:43] [INFO] Navigating to: /
[2026-06-08 09:57:44] [INFO] Navigating to: /
[2026-06-08 09:57:48] [INFO] Navigating to: /
[2026-06-08 09:57:50] [INFO] Navigating to: /
[2026-06-08 09:57:51] [INFO] Navigating to: /
[2026-06-08 09:58:12] [INFO] Page fully loaded (networkidle)
[2026-06-08 09:58:12] [INFO] LoginPage opened
[2026-06-08 09:58:12] [INFO] Attempting login with user: locked_out_user
[2026-06-08 09:58:12] [INFO] Login button clicked for user: locked_out_user
[2026-06-08 09:58:14] [INFO] Navigating to: /
[2026-06-08 09:58:16] [INFO] Navigating to: /
[2026-06-08 09:58:17] [INFO] Navigating to: /
[2026-06-08 09:58:18] [INFO] Page fully loaded (networkidle)
[2026-06-08 09:58:18] [INFO] LoginPage opened
[2026-06-08 09:58:20] [INFO] Navigating to: /
[2026-06-08 09:58:22] [INFO] Navigating to: /
[2026-06-08 09:58:24] [INFO] Navigating to: /
[2026-06-08 09:58:44] [INFO] Page fully loaded (networkidle)
[2026-06-08 09:58:44] [INFO] LoginPage opened
[2026-06-08 09:58:44] [INFO] Attempting login with user: standard_user
[2026-06-08 09:58:44] [INFO] Login button clicked for user: standard_user
[2026-06-08 09:58:44] [INFO] Inventory page ready
[2026-06-08 09:58:44] [INFO] First item added to cart
[2026-06-08 09:58:45] [INFO] Navigating to: /
[2026-06-08 09:58:48] [INFO] Navigating to: /
[2026-06-08 09:58:50] [INFO] Navigating to: /
[2026-06-08 09:58:51] [INFO] Page fully loaded (networkidle)
[2026-06-08 09:58:51] [INFO] LoginPage opened
[2026-06-08 09:58:51] [INFO] Attempting login with user: standard_user
[2026-06-08 09:58:51] [INFO] Login button clicked for user: standard_user
[2026-06-08 09:58:51] [INFO] Inventory page ready
[2026-06-08 09:58:52] [INFO] Navigating to: /
[2026-06-08 09:58:53] [INFO] Page fully loaded (networkidle)
[2026-06-08 09:58:53] [INFO] LoginPage opened
[2026-06-08 09:58:53] [INFO] Attempting login with user: wrong_user
[2026-06-08 09:58:53] [INFO] Login button clicked for user: wrong_user
[2026-06-08 09:58:54] [INFO] Navigating to: /
[2026-06-08 09:58:56] [INFO] Navigating to: /
[2026-06-08 09:59:09] [INFO] Page fully loaded (networkidle)
[2026-06-08 09:59:09] [INFO] LoginPage opened
[2026-06-08 09:59:09] [INFO] Attempting login with user: locked_out_user
[2026-06-08 09:59:09] [INFO] Login button clicked for user: locked_out_user
[2026-06-08 09:59:10] [INFO] Navigating to: /
[2026-06-08 09:59:11] [INFO] Page fully loaded (networkidle)
[2026-06-08 09:59:11] [INFO] LoginPage opened
[2026-06-08 09:59:11] [INFO] Screenshot taken: login-page-baseline
[2026-06-08 09:59:12] [INFO] Page fully loaded (networkidle)
[2026-06-08 09:59:12] [INFO] LoginPage opened
[2026-06-08 09:59:12] [INFO] Attempting login with user: standard_user
[2026-06-08 09:59:12] [INFO] Login button clicked for user: standard_user
[2026-06-08 09:59:12] [INFO] Navigating to: /
[2026-06-08 09:59:12] [INFO] Inventory page ready
[2026-06-08 09:59:13] [INFO] Navigating to: /
[2026-06-08 09:59:23] [INFO] Page fully loaded (networkidle)
[2026-06-08 09:59:23] [INFO] LoginPage opened
[2026-06-08 09:59:23] [INFO] Attempting login with user: standard_user
[2026-06-08 09:59:23] [INFO] Login button clicked for user: standard_user
[2026-06-08 09:59:23] [INFO] Inventory page ready
[2026-06-08 09:59:23] [INFO] First item added to cart
[2026-06-08 09:59:24] [INFO] Navigating to: /
[2026-06-08 09:59:25] [INFO] Navigating to: /
[2026-06-08 09:59:27] [INFO] Navigating to: /
[2026-06-08 09:59:43] [INFO] Page fully loaded (networkidle)
[2026-06-08 09:59:43] [INFO] LoginPage opened
[2026-06-08 09:59:43] [INFO] Attempting login with user: standard_user
[2026-06-08 09:59:43] [INFO] Page fully loaded (networkidle)
[2026-06-08 09:59:43] [INFO] LoginPage opened
[2026-06-08 09:59:43] [INFO] Attempting login with user: standard_user
[2026-06-08 09:59:43] [INFO] Login button clicked for user: standard_user
[2026-06-08 09:59:43] [INFO] Inventory page ready
[2026-06-08 09:59:46] [INFO] Page fully loaded (networkidle)
[2026-06-08 09:59:46] [INFO] LoginPage opened
[2026-06-08 09:59:46] [INFO] Attempting login with user: wrong_user
[2026-06-08 09:59:46] [INFO] Login button clicked for user: wrong_user
[2026-06-08 14:15:13] [INFO] Navigating to: /
[2026-06-08 14:15:13] [INFO] Navigating to: /
[2026-06-08 14:15:13] [INFO] Navigating to: /
[2026-06-08 14:15:13] [INFO] Navigating to: /
[2026-06-08 14:15:13] [INFO] Navigating to: /
[2026-06-08 14:15:13] [INFO] Navigating to: /
[2026-06-08 14:15:41] [INFO] Page fully loaded (networkidle)
[2026-06-08 14:15:41] [INFO] LoginPage opened
[2026-06-08 14:15:41] [INFO] Attempting login with user: standard_user
[2026-06-08 14:15:41] [INFO] Page fully loaded (networkidle)
[2026-06-08 14:15:41] [INFO] LoginPage opened
[2026-06-08 14:15:41] [INFO] Attempting login with user: standard_user
[2026-06-08 14:15:41] [INFO] Page fully loaded (networkidle)
[2026-06-08 14:15:41] [INFO] LoginPage opened
[2026-06-08 14:15:41] [INFO] Attempting login with user: standard_user
[2026-06-08 14:15:41] [INFO] Login button clicked for user: standard_user
[2026-06-08 14:15:41] [INFO] Login button clicked for user: standard_user
[2026-06-08 14:15:41] [INFO] Inventory page ready
[2026-06-08 14:15:41] [INFO] Page fully loaded (networkidle)
[2026-06-08 14:15:41] [INFO] LoginPage opened
[2026-06-08 14:15:41] [INFO] Attempting login with user: standard_user
[2026-06-08 14:15:41] [INFO] Page fully loaded (networkidle)
[2026-06-08 14:15:41] [INFO] Login button clicked for user: standard_user
[2026-06-08 14:15:41] [INFO] LoginPage opened
[2026-06-08 14:15:41] [INFO] Attempting login with user: standard_user
[2026-06-08 14:15:41] [INFO] Inventory page ready
[2026-06-08 14:15:41] [INFO] Inventory page ready
[2026-06-08 14:15:41] [INFO] Page fully loaded (networkidle)
[2026-06-08 14:15:41] [INFO] LoginPage opened
[2026-06-08 14:15:41] [INFO] Attempting login with user: standard_user
[2026-06-08 14:15:41] [INFO] Sorting inventory by: za
[2026-06-08 14:15:41] [INFO] First item added to cart
[2026-06-08 14:15:41] [INFO] Login button clicked for user: standard_user
[2026-06-08 14:15:41] [INFO] Inventory page ready
[2026-06-08 14:15:41] [INFO] Login button clicked for user: standard_user
[2026-06-08 14:15:41] [INFO] Inventory page ready
[2026-06-08 14:15:41] [INFO] Login button clicked for user: standard_user
[2026-06-08 14:15:41] [INFO] Inventory page ready
[2026-06-08 14:15:42] [INFO] Item at index 0 added to cart
[2026-06-08 14:15:42] [INFO] Sorting inventory by: az
[2026-06-08 14:15:42] [INFO] Item at index 1 added to cart
[2026-06-08 14:15:42] [INFO] Cart opened
[2026-06-08 14:15:42] [INFO] Navigating to: /
[2026-06-08 14:15:42] [INFO] Navigating to: /
[2026-06-08 14:15:42] [INFO] Navigating to: /
[2026-06-08 14:15:43] [INFO] Logged out
[2026-06-08 14:15:43] [INFO] Navigating to: /
[2026-06-08 14:15:44] [INFO] Navigating to: /
[2026-06-08 14:15:45] [INFO] Navigating to: /
[2026-06-08 14:15:57] [INFO] Page fully loaded (networkidle)
[2026-06-08 14:15:57] [INFO] LoginPage opened
[2026-06-08 14:15:57] [INFO] Attempting login with user: standard_user
[2026-06-08 14:15:57] [INFO] Login button clicked for user: standard_user
[2026-06-08 14:15:57] [INFO] Inventory page ready
[2026-06-08 14:15:59] [INFO] Page fully loaded (networkidle)
[2026-06-08 14:15:59] [INFO] LoginPage opened
[2026-06-08 14:15:59] [INFO] Attempting login with user: wrong_user
[2026-06-08 14:15:59] [INFO] Page fully loaded (networkidle)
[2026-06-08 14:15:59] [INFO] LoginPage opened
[2026-06-08 14:15:59] [INFO] Attempting login with user: locked_out_user
[2026-06-08 14:15:59] [INFO] Login button clicked for user: wrong_user
[2026-06-08 14:15:59] [INFO] Login button clicked for user: locked_out_user
[2026-06-08 14:15:59] [INFO] Page fully loaded (networkidle)
[2026-06-08 14:15:59] [INFO] LoginPage opened
[2026-06-08 14:15:59] [INFO] Attempting login with user: standard_user
[2026-06-08 14:15:59] [INFO] Login button clicked for user: standard_user
[2026-06-08 14:15:59] [INFO] Inventory page ready
[2026-06-08 14:16:00] [INFO] Navigating to: /
[2026-06-08 14:16:00] [INFO] Navigating to: /
[2026-06-08 14:16:02] [INFO] Navigating to: /
[2026-06-08 14:16:02] [INFO] Navigating to: /
[2026-06-08 14:16:05] [INFO] Page fully loaded (networkidle)
[2026-06-08 14:16:05] [INFO] LoginPage opened
[2026-06-08 14:16:05] [INFO] Attempting login with user: standard_user
[2026-06-08 14:16:05] [INFO] Login button clicked for user: standard_user
[2026-06-08 14:16:05] [INFO] Inventory page ready
[2026-06-08 14:16:05] [INFO] Sorting inventory by: az
[2026-06-08 14:16:06] [INFO] Navigating to: /
[2026-06-08 14:16:06] [INFO] Page fully loaded (networkidle)
[2026-06-08 14:16:06] [INFO] LoginPage opened
[2026-06-08 14:16:06] [INFO] Screenshot taken: login-page-baseline
[2026-06-08 14:16:06] [INFO] Page fully loaded (networkidle)
[2026-06-08 14:16:06] [INFO] Page fully loaded (networkidle)
[2026-06-08 14:16:06] [INFO] LoginPage opened
[2026-06-08 14:16:06] [INFO] Attempting login with user: standard_user
[2026-06-08 14:16:06] [INFO] LoginPage opened
[2026-06-08 14:16:06] [INFO] Attempting login with user: standard_user
[2026-06-08 14:16:06] [INFO] Login button clicked for user: standard_user
[2026-06-08 14:16:06] [INFO] Login button clicked for user: standard_user
[2026-06-08 14:16:06] [INFO] Inventory page ready
[2026-06-08 14:16:06] [INFO] Inventory page ready
[2026-06-08 14:16:06] [INFO] Page fully loaded (networkidle)
[2026-06-08 14:16:06] [INFO] LoginPage opened
[2026-06-08 14:16:06] [INFO] Attempting login with user: standard_user
[2026-06-08 14:16:06] [INFO] Item at index 0 added to cart
[2026-06-08 14:16:06] [INFO] First item added to cart
[2026-06-08 14:16:06] [INFO] Item at index 1 added to cart
[2026-06-08 14:16:06] [INFO] Cart opened
[2026-06-08 14:16:06] [INFO] Login button clicked for user: standard_user
[2026-06-08 14:16:06] [INFO] Page fully loaded (networkidle)
[2026-06-08 14:16:06] [INFO] LoginPage opened
[2026-06-08 14:16:06] [INFO] Attempting login with user: standard_user
[2026-06-08 14:16:07] [INFO] Inventory page ready
[2026-06-08 14:16:07] [INFO] Sorting inventory by: za
[2026-06-08 14:16:07] [INFO] Login button clicked for user: standard_user
[2026-06-08 14:16:07] [INFO] Inventory page ready
[2026-06-08 14:16:07] [INFO] Navigating to: /
[2026-06-08 14:16:08] [INFO] Navigating to: /
[2026-06-08 14:16:08] [INFO] Logged out
[2026-06-08 14:16:08] [INFO] Page fully loaded (networkidle)
[2026-06-08 14:16:08] [INFO] LoginPage opened
[2026-06-08 14:16:08] [INFO] Attempting login with user: standard_user
[2026-06-08 14:16:08] [INFO] Login button clicked for user: standard_user
[2026-06-08 14:16:08] [INFO] Inventory page ready
[2026-06-08 14:16:09] [INFO] Navigating to: /
[2026-06-08 14:16:09] [INFO] Page fully loaded (networkidle)
[2026-06-08 14:16:09] [INFO] LoginPage opened
[2026-06-08 14:16:09] [INFO] Attempting login with user: wrong_user
[2026-06-08 14:16:10] [INFO] Login button clicked for user: wrong_user
[2026-06-08 14:16:10] [INFO] Navigating to: /
[2026-06-08 14:16:10] [INFO] Page fully loaded (networkidle)
[2026-06-08 14:16:10] [INFO] LoginPage opened
[2026-06-08 14:16:10] [INFO] Screenshot taken: login-page-baseline
[2026-06-08 14:16:10] [INFO] Navigating to: /
[2026-06-08 14:16:11] [INFO] Navigating to: /
[2026-06-08 14:16:12] [INFO] Navigating to: /
[2026-06-08 14:16:12] [INFO] Navigating to: /
[2026-06-08 14:16:12] [INFO] Page fully loaded (networkidle)
[2026-06-08 14:16:12] [INFO] LoginPage opened
[2026-06-08 14:16:12] [INFO] Attempting login with user: standard_user
[2026-06-08 14:16:13] [INFO] Login button clicked for user: standard_user
[2026-06-08 14:16:13] [INFO] Inventory page ready
[2026-06-08 14:16:13] [INFO] Page fully loaded (networkidle)
[2026-06-08 14:16:13] [INFO] LoginPage opened
[2026-06-08 14:16:13] [INFO] Attempting login with user: standard_user
[2026-06-08 14:16:14] [INFO] Page fully loaded (networkidle)
[2026-06-08 14:16:14] [INFO] LoginPage opened
[2026-06-08 14:16:14] [INFO] Attempting login with user: standard_user
[2026-06-08 14:16:14] [INFO] Login button clicked for user: standard_user
[2026-06-08 14:16:14] [INFO] Navigating to: /
[2026-06-08 14:16:14] [INFO] Inventory page ready
[2026-06-08 14:16:14] [INFO] Sorting inventory by: az
[2026-06-08 14:16:14] [INFO] Login button clicked for user: standard_user
[2026-06-08 14:16:14] [INFO] Inventory page ready
[2026-06-08 14:16:14] [INFO] Sorting inventory by: za
[2026-06-08 14:16:15] [INFO] Navigating to: /
[2026-06-08 14:16:15] [INFO] Navigating to: /
[2026-06-08 14:16:16] [INFO] Page fully loaded (networkidle)
[2026-06-08 14:16:16] [INFO] LoginPage opened
[2026-06-08 14:16:16] [INFO] Attempting login with user: standard_user
[2026-06-08 14:16:16] [INFO] Login button clicked for user: standard_user
[2026-06-08 14:16:17] [INFO] Inventory page ready
[2026-06-08 14:16:17] [INFO] Page fully loaded (networkidle)
[2026-06-08 14:16:17] [INFO] LoginPage opened
[2026-06-08 14:16:17] [INFO] Attempting login with user: standard_user
[2026-06-08 14:16:17] [INFO] Login button clicked for user: standard_user
[2026-06-08 14:16:17] [INFO] Page fully loaded (networkidle)
[2026-06-08 14:16:17] [INFO] LoginPage opened
[2026-06-08 14:16:17] [INFO] Attempting login with user: wrong_user
[2026-06-08 14:16:18] [INFO] Inventory page ready
[2026-06-08 14:16:18] [INFO] Logged out
[2026-06-08 14:16:18] [INFO] Login button clicked for user: wrong_user
[2026-06-08 14:16:18] [INFO] Navigating to: /
[2026-06-08 14:16:18] [INFO] Navigating to: /
[2026-06-08 14:16:20] [INFO] Page fully loaded (networkidle)
[2026-06-08 14:16:20] [INFO] LoginPage opened
[2026-06-08 14:16:20] [INFO] Attempting login with user: locked_out_user
[2026-06-08 14:16:21] [INFO] Page fully loaded (networkidle)
[2026-06-08 14:16:21] [INFO] LoginPage opened
[2026-06-08 14:16:21] [INFO] Login button clicked for user: locked_out_user
[2026-06-08 14:16:21] [INFO] Screenshot taken: login-page-baseline
[2026-06-08 14:16:22] [INFO] Page fully loaded (networkidle)
[2026-06-08 14:16:22] [INFO] LoginPage opened
[2026-06-08 14:16:22] [INFO] Attempting login with user: locked_out_user
[2026-06-08 14:16:22] [INFO] Login button clicked for user: locked_out_user
[2026-06-08 14:16:28] [INFO] Page fully loaded (networkidle)
[2026-06-08 14:16:28] [INFO] LoginPage opened
[2026-06-08 14:16:28] [INFO] Attempting login with user: standard_user
[2026-06-08 14:16:28] [INFO] Login button clicked for user: standard_user
[2026-06-08 14:16:28] [INFO] Inventory page ready
[2026-06-08 14:16:28] [INFO] First item added to cart
[2026-06-08 14:16:34] [INFO] Page fully loaded (networkidle)
[2026-06-08 14:16:34] [INFO] LoginPage opened
[2026-06-08 14:16:34] [INFO] Attempting login with user: standard_user
[2026-06-08 14:16:34] [INFO] Login button clicked for user: standard_user
[2026-06-08 14:16:34] [INFO] Inventory page ready
[2026-06-08 14:16:34] [INFO] Item at index 0 added to cart
[2026-06-08 14:16:35] [INFO] Item at index 1 added to cart
[2026-06-08 14:16:35] [INFO] Cart opened
[2026-06-08 14:18:39] [INFO] Navigating to: /
[2026-06-08 14:18:39] [INFO] Navigating to: /
[2026-06-08 14:18:39] [INFO] Navigating to: /
[2026-06-08 14:18:39] [INFO] Navigating to: /
[2026-06-08 14:18:39] [INFO] Navigating to: /
[2026-06-08 14:18:39] [INFO] Navigating to: /
[2026-06-08 14:18:41] [INFO] Page fully loaded (networkidle)
[2026-06-08 14:18:41] [INFO] Page fully loaded (networkidle)
[2026-06-08 14:18:41] [INFO] LoginPage opened
[2026-06-08 14:18:41] [INFO] Attempting login with user: standard_user
[2026-06-08 14:18:41] [INFO] LoginPage opened
[2026-06-08 14:18:41] [INFO] Attempting login with user: standard_user
[2026-06-08 14:18:41] [INFO] Page fully loaded (networkidle)
[2026-06-08 14:18:41] [INFO] LoginPage opened
[2026-06-08 14:18:41] [INFO] Attempting login with user: standard_user
[2026-06-08 14:18:41] [INFO] Login button clicked for user: standard_user
[2026-06-08 14:18:41] [INFO] Login button clicked for user: standard_user
[2026-06-08 14:18:41] [INFO] Inventory page ready
[2026-06-08 14:18:41] [INFO] Inventory page ready
[2026-06-08 14:18:41] [INFO] Page fully loaded (networkidle)
[2026-06-08 14:18:41] [INFO] LoginPage opened
[2026-06-08 14:18:41] [INFO] Attempting login with user: standard_user
[2026-06-08 14:18:41] [INFO] Login button clicked for user: standard_user
[2026-06-08 14:18:41] [INFO] First item added to cart
[2026-06-08 14:18:41] [INFO] Inventory page ready
[2026-06-08 14:18:42] [INFO] Login button clicked for user: standard_user
[2026-06-08 14:18:42] [INFO] Item at index 0 added to cart
[2026-06-08 14:18:42] [INFO] Inventory page ready
[2026-06-08 14:18:42] [INFO] Item at index 1 added to cart
[2026-06-08 14:18:42] [INFO] Cart opened
[2026-06-08 14:18:42] [INFO] Navigating to: /
[2026-06-08 14:21:43] [INFO] Navigating to: /
[2026-06-08 14:21:45] [INFO] Navigating to: /
[2026-06-08 14:21:53] [INFO] Navigating to: /
[2026-06-08 14:21:55] [INFO] Page fully loaded (networkidle)
[2026-06-08 14:21:55] [INFO] LoginPage opened
[2026-06-08 14:21:55] [INFO] Attempting login with user: standard_user
[2026-06-08 14:21:55] [INFO] Login button clicked for user: standard_user
[2026-06-08 14:21:55] [INFO] Inventory page ready
[2026-06-08 14:21:56] [INFO] Item at index 0 added to cart
[2026-06-08 14:21:56] [INFO] Item at index 1 added to cart
[2026-06-08 14:21:56] [INFO] Cart opened
[2026-06-08 14:22:03] [INFO] Page fully loaded (networkidle)
[2026-06-08 14:22:03] [INFO] LoginPage opened
[2026-06-08 14:22:03] [INFO] Attempting login with user: standard_user
[2026-06-08 14:22:03] [INFO] Login button clicked for user: standard_user
[2026-06-08 14:22:03] [INFO] Inventory page ready
[2026-06-08 14:22:03] [INFO] Item at index 0 added to cart
[2026-06-08 14:22:03] [INFO] Item at index 1 added to cart
[2026-06-08 14:22:03] [INFO] Cart opened
[2026-06-08 14:22:08] [INFO] Page fully loaded (networkidle)
[2026-06-08 14:22:08] [INFO] LoginPage opened
[2026-06-08 14:22:08] [INFO] Attempting login with user: standard_user
[2026-06-08 14:22:08] [INFO] Login button clicked for user: standard_user
[2026-06-08 14:22:08] [INFO] Inventory page ready
[2026-06-08 14:22:08] [INFO] Item at index 0 added to cart
[2026-06-08 14:22:08] [INFO] Item at index 1 added to cart
[2026-06-08 14:22:08] [INFO] Cart opened
[2026-06-08 14:29:01] [INFO] Navigating to: /
[2026-06-08 14:29:01] [INFO] Navigating to: /
[2026-06-08 14:29:01] [INFO] Navigating to: /
[2026-06-08 14:29:02] [INFO] Navigating to: /
[2026-06-08 14:29:02] [INFO] Navigating to: /
[2026-06-08 14:29:02] [INFO] Navigating to: /
[2026-06-08 14:29:07] [INFO] Page fully loaded (networkidle)
[2026-06-08 14:29:07] [INFO] LoginPage opened
[2026-06-08 14:29:07] [INFO] Attempting login with user: standard_user
[2026-06-08 14:29:07] [INFO] Page fully loaded (networkidle)
[2026-06-08 14:29:07] [INFO] LoginPage opened
[2026-06-08 14:29:07] [INFO] Attempting login with user: standard_user
[2026-06-08 14:29:07] [INFO] Page fully loaded (networkidle)
[2026-06-08 14:29:07] [INFO] Page fully loaded (networkidle)
[2026-06-08 14:29:07] [INFO] LoginPage opened
[2026-06-08 14:29:07] [INFO] Attempting login with user: standard_user
[2026-06-08 14:29:07] [INFO] LoginPage opened
[2026-06-08 14:29:07] [INFO] Attempting login with user: standard_user
[2026-06-08 14:29:07] [INFO] Page fully loaded (networkidle)
[2026-06-08 14:29:07] [INFO] LoginPage opened
[2026-06-08 14:29:07] [INFO] Attempting login with user: standard_user
[2026-06-08 14:29:07] [INFO] Page fully loaded (networkidle)
[2026-06-08 14:29:07] [INFO] LoginPage opened
[2026-06-08 14:29:07] [INFO] Attempting login with user: standard_user
[2026-06-08 14:29:07] [INFO] Login button clicked for user: standard_user
[2026-06-08 14:29:07] [INFO] Inventory page ready
[2026-06-08 14:29:07] [INFO] Login button clicked for user: standard_user
[2026-06-08 14:29:07] [INFO] Inventory page ready
[2026-06-08 14:29:08] [INFO] Login button clicked for user: standard_user
[2026-06-08 14:29:08] [INFO] Inventory page ready
[2026-06-08 14:29:08] [INFO] Login button clicked for user: standard_user
[2026-06-08 14:29:08] [INFO] Login button clicked for user: standard_user
[2026-06-08 14:29:08] [INFO] Inventory page ready
[2026-06-08 14:29:08] [INFO] Inventory page ready
[2026-06-08 14:29:08] [INFO] Login button clicked for user: standard_user
[2026-06-08 14:29:08] [INFO] Sorting inventory by: za
[2026-06-08 14:29:08] [INFO] First item added to cart
[2026-06-08 14:29:08] [INFO] Inventory page ready
[2026-06-08 14:29:08] [INFO] Sorting inventory by: az
[2026-06-08 14:29:08] [INFO] Item at index 0 added to cart
[2026-06-08 14:29:08] [INFO] Item at index 1 added to cart
[2026-06-08 14:29:08] [INFO] Cart opened
[2026-06-08 14:29:08] [INFO] Navigating to: /
[2026-06-08 14:29:08] [INFO] Navigating to: /
[2026-06-08 14:29:08] [INFO] Navigating to: /
[2026-06-08 14:29:09] [INFO] Logged out
[2026-06-08 14:29:09] [INFO] Navigating to: /
[2026-06-08 14:29:10] [INFO] Page fully loaded (networkidle)
[2026-06-08 14:29:10] [INFO] LoginPage opened
[2026-06-08 14:29:10] [INFO] Attempting login with user: wrong_user
[2026-06-08 14:29:10] [INFO] Login button clicked for user: wrong_user
[2026-06-08 14:29:10] [INFO] Page fully loaded (networkidle)
[2026-06-08 14:29:10] [INFO] LoginPage opened
[2026-06-08 14:29:10] [INFO] Screenshot taken: login-page-baseline
[2026-06-08 14:29:11] [INFO] Navigating to: /
[2026-06-08 14:29:11] [INFO] Page fully loaded (networkidle)
[2026-06-08 14:29:11] [INFO] LoginPage opened
[2026-06-08 14:29:11] [INFO] Attempting login with user: locked_out_user
[2026-06-08 14:29:11] [INFO] Login button clicked for user: locked_out_user
[2026-06-08 14:29:11] [INFO] Navigating to: /
[2026-06-08 14:29:13] [INFO] Navigating to: /
[2026-06-08 14:29:13] [INFO] Page fully loaded (networkidle)
[2026-06-08 14:29:13] [INFO] LoginPage opened
[2026-06-08 14:29:13] [INFO] Attempting login with user: standard_user
[2026-06-08 14:29:14] [INFO] Login button clicked for user: standard_user
[2026-06-08 14:29:14] [INFO] Inventory page ready
[2026-06-08 14:29:14] [INFO] Navigating to: /
[2026-06-08 14:29:14] [INFO] Navigating to: /
[2026-06-08 14:29:14] [INFO] Navigating to: /
[2026-06-08 14:29:21] [INFO] Page fully loaded (networkidle)
[2026-06-08 14:29:21] [INFO] LoginPage opened
[2026-06-08 14:29:21] [INFO] Attempting login with user: standard_user
[2026-06-08 14:29:21] [INFO] Login button clicked for user: standard_user
[2026-06-08 14:29:21] [INFO] Page fully loaded (networkidle)
[2026-06-08 14:29:21] [INFO] LoginPage opened
[2026-06-08 14:29:21] [INFO] Attempting login with user: standard_user
[2026-06-08 14:29:21] [INFO] Inventory page ready
[2026-06-08 14:29:21] [INFO] Sorting inventory by: az
[2026-06-08 14:29:21] [INFO] Page fully loaded (networkidle)
[2026-06-08 14:29:21] [INFO] LoginPage opened
[2026-06-08 14:29:21] [INFO] Attempting login with user: standard_user
[2026-06-08 14:29:21] [INFO] Login button clicked for user: standard_user
[2026-06-08 14:29:21] [INFO] Login button clicked for user: standard_user
[2026-06-08 14:29:21] [INFO] Page fully loaded (networkidle)
[2026-06-08 14:29:21] [INFO] LoginPage opened
[2026-06-08 14:29:21] [INFO] Attempting login with user: standard_user
[2026-06-08 14:29:21] [INFO] Inventory page ready
[2026-06-08 14:29:21] [INFO] Inventory page ready
[2026-06-08 14:29:21] [INFO] Sorting inventory by: za
[2026-06-08 14:29:21] [INFO] Login button clicked for user: standard_user
[2026-06-08 14:29:21] [INFO] Inventory page ready
[2026-06-08 14:29:22] [INFO] Page fully loaded (networkidle)
[2026-06-08 14:29:22] [INFO] LoginPage opened
[2026-06-08 14:29:22] [INFO] Attempting login with user: standard_user
[2026-06-08 14:29:22] [INFO] Item at index 0 added to cart
[2026-06-08 14:29:22] [INFO] Item at index 1 added to cart
[2026-06-08 14:29:22] [INFO] Cart opened
[2026-06-08 14:29:22] [INFO] Login button clicked for user: standard_user
[2026-06-08 14:29:22] [INFO] Inventory page ready
[2026-06-08 14:29:22] [INFO] First item added to cart
[2026-06-08 14:29:22] [INFO] Navigating to: /
[2026-06-08 14:29:22] [INFO] Logged out
[2026-06-08 14:29:22] [INFO] Navigating to: /
[2026-06-08 14:29:23] [INFO] Navigating to: /
[2026-06-08 14:29:23] [INFO] Navigating to: /
[2026-06-08 14:29:24] [INFO] Navigating to: /
[2026-06-08 14:29:28] [INFO] Page fully loaded (networkidle)
[2026-06-08 14:29:28] [INFO] LoginPage opened
[2026-06-08 14:29:28] [INFO] Page fully loaded (networkidle)
[2026-06-08 14:29:28] [INFO] LoginPage opened
[2026-06-08 14:29:28] [INFO] Attempting login with user: wrong_user
[2026-06-08 14:29:28] [INFO] Attempting login with user: standard_user
[2026-06-08 14:29:28] [INFO] Page fully loaded (networkidle)
[2026-06-08 14:29:28] [INFO] Page fully loaded (networkidle)
[2026-06-08 14:29:28] [INFO] LoginPage opened
[2026-06-08 14:29:28] [INFO] LoginPage opened
[2026-06-08 14:29:28] [INFO] Attempting login with user: locked_out_user
[2026-06-08 14:29:28] [INFO] Screenshot taken: login-page-baseline
[2026-06-08 14:29:28] [INFO] Login button clicked for user: wrong_user
[2026-06-08 14:29:28] [INFO] Login button clicked for user: standard_user
[2026-06-08 14:29:28] [INFO] Inventory page ready
[2026-06-08 14:29:28] [INFO] Login button clicked for user: locked_out_user
[2026-06-08 14:29:29] [INFO] Page fully loaded (networkidle)
[2026-06-08 14:29:29] [INFO] LoginPage opened
[2026-06-08 14:29:29] [INFO] Attempting login with user: standard_user
[2026-06-08 14:29:29] [INFO] Login button clicked for user: standard_user
[2026-06-08 14:29:29] [INFO] Inventory page ready
[2026-06-08 14:29:30] [INFO] Navigating to: /
[2026-06-08 14:29:30] [INFO] Navigating to: /
[2026-06-08 14:29:30] [INFO] Navigating to: /
[2026-06-08 14:29:30] [INFO] Navigating to: /
[2026-06-08 14:29:30] [INFO] Navigating to: /
[2026-06-08 14:29:30] [INFO] Page fully loaded (networkidle)
[2026-06-08 14:29:30] [INFO] LoginPage opened
[2026-06-08 14:29:31] [INFO] Attempting login with user: standard_user
[2026-06-08 14:29:31] [INFO] Login button clicked for user: standard_user
[2026-06-08 14:29:31] [INFO] Inventory page ready
[2026-06-08 14:29:33] [INFO] Navigating to: /
[2026-06-08 14:29:33] [INFO] Page fully loaded (networkidle)
[2026-06-08 14:29:33] [INFO] LoginPage opened
[2026-06-08 14:29:33] [INFO] Attempting login with user: standard_user
[2026-06-08 14:29:33] [INFO] Page fully loaded (networkidle)
[2026-06-08 14:29:33] [INFO] LoginPage opened
[2026-06-08 14:29:33] [INFO] Attempting login with user: standard_user
[2026-06-08 14:29:33] [INFO] Page fully loaded (networkidle)
[2026-06-08 14:29:33] [INFO] LoginPage opened
[2026-06-08 14:29:33] [INFO] Attempting login with user: standard_user
[2026-06-08 14:29:33] [INFO] Page fully loaded (networkidle)
[2026-06-08 14:29:33] [INFO] LoginPage opened
[2026-06-08 14:29:33] [INFO] Attempting login with user: standard_user
[2026-06-08 14:29:33] [INFO] Login button clicked for user: standard_user
[2026-06-08 14:29:33] [INFO] Login button clicked for user: standard_user
[2026-06-08 14:29:33] [INFO] Login button clicked for user: standard_user
[2026-06-08 14:29:33] [INFO] Inventory page ready
[2026-06-08 14:29:34] [INFO] Inventory page ready
[2026-06-08 14:29:34] [INFO] Sorting inventory by: az
[2026-06-08 14:29:34] [INFO] Inventory page ready
[2026-06-08 14:29:34] [INFO] Login button clicked for user: standard_user
[2026-06-08 14:29:34] [INFO] Sorting inventory by: za
[2026-06-08 14:29:34] [INFO] Inventory page ready
[2026-06-08 14:29:34] [INFO] First item added to cart
[2026-06-08 14:29:34] [INFO] Logged out
[2026-06-08 14:29:35] [INFO] Navigating to: /
[2026-06-08 14:29:35] [INFO] Navigating to: /
[2026-06-08 14:29:35] [INFO] Navigating to: /
[2026-06-08 14:29:35] [INFO] Page fully loaded (networkidle)
[2026-06-08 14:29:35] [INFO] LoginPage opened
[2026-06-08 14:29:35] [INFO] Attempting login with user: standard_user
[2026-06-08 14:29:36] [INFO] Login button clicked for user: standard_user
[2026-06-08 14:29:36] [INFO] Inventory page ready
[2026-06-08 14:29:37] [INFO] Page fully loaded (networkidle)
[2026-06-08 14:29:37] [INFO] LoginPage opened
[2026-06-08 14:29:37] [INFO] Attempting login with user: locked_out_user
[2026-06-08 14:29:37] [INFO] Page fully loaded (networkidle)
[2026-06-08 14:29:37] [INFO] LoginPage opened
[2026-06-08 14:29:37] [INFO] Page fully loaded (networkidle)
[2026-06-08 14:29:37] [INFO] LoginPage opened
[2026-06-08 14:29:37] [INFO] Attempting login with user: wrong_user
[2026-06-08 14:29:37] [INFO] Screenshot taken: login-page-baseline
[2026-06-08 14:29:37] [INFO] Login button clicked for user: locked_out_user
[2026-06-08 14:29:37] [INFO] Login button clicked for user: wrong_user
[2026-06-08 14:29:46] [INFO] Page fully loaded (networkidle)
[2026-06-08 14:29:46] [INFO] LoginPage opened
[2026-06-08 14:29:46] [INFO] Attempting login with user: standard_user
[2026-06-08 14:29:47] [INFO] Login button clicked for user: standard_user
[2026-06-08 14:29:47] [INFO] Inventory page ready
[2026-06-08 14:29:47] [INFO] Item at index 0 added to cart
[2026-06-08 14:29:47] [INFO] Item at index 1 added to cart
[2026-06-08 14:29:47] [INFO] Cart opened
[2026-06-08 14:32:33] [INFO] Navigating to: /
[2026-06-08 14:32:33] [INFO] Navigating to: /
[2026-06-08 14:32:33] [INFO] Navigating to: /
[2026-06-08 14:32:33] [INFO] Navigating to: /
[2026-06-08 14:32:33] [INFO] Navigating to: /
[2026-06-08 14:32:33] [INFO] Navigating to: /
[2026-06-08 14:32:35] [INFO] Page fully loaded (networkidle)
[2026-06-08 14:32:35] [INFO] LoginPage opened
[2026-06-08 14:32:35] [INFO] Attempting login with user: standard_user
[2026-06-08 14:32:35] [INFO] Page fully loaded (networkidle)
[2026-06-08 14:32:35] [INFO] LoginPage opened
[2026-06-08 14:32:35] [INFO] Attempting login with user: standard_user
[2026-06-08 14:32:35] [INFO] Page fully loaded (networkidle)
[2026-06-08 14:32:35] [INFO] LoginPage opened
[2026-06-08 14:32:35] [INFO] Attempting login with user: standard_user
[2026-06-08 14:32:35] [INFO] Page fully loaded (networkidle)
[2026-06-08 14:32:35] [INFO] LoginPage opened
[2026-06-08 14:32:35] [INFO] Attempting login with user: standard_user
[2026-06-08 14:32:35] [INFO] Page fully loaded (networkidle)
[2026-06-08 14:32:35] [INFO] Login button clicked for user: standard_user
[2026-06-08 14:32:35] [INFO] LoginPage opened
[2026-06-08 14:32:35] [INFO] Attempting login with user: standard_user
[2026-06-08 14:32:35] [INFO] Login button clicked for user: standard_user
[2026-06-08 14:32:35] [INFO] Inventory page ready
[2026-06-08 14:32:35] [INFO] Inventory page ready
[2026-06-08 14:32:35] [INFO] Login button clicked for user: standard_user
[2026-06-08 14:32:35] [INFO] Sorting inventory by: za
[2026-06-08 14:32:35] [INFO] Inventory page ready
[2026-06-08 14:32:35] [INFO] Sorting inventory by: az
[2026-06-08 14:32:35] [INFO] Login button clicked for user: standard_user
[2026-06-08 14:32:35] [INFO] Login button clicked for user: standard_user
[2026-06-08 14:32:35] [INFO] Inventory page ready
[2026-06-08 14:32:35] [INFO] Inventory page ready
[2026-06-08 14:32:36] [INFO] First item added to cart
[2026-06-08 14:32:36] [INFO] Navigating to: /
[2026-06-08 14:32:36] [INFO] Navigating to: /
[2026-06-08 14:32:36] [INFO] Navigating to: /
[2026-06-08 14:32:36] [INFO] Navigating to: /
[2026-06-08 14:32:36] [INFO] Logged out
[2026-06-08 14:32:38] [INFO] Page fully loaded (networkidle)
[2026-06-08 14:32:38] [INFO] LoginPage opened
[2026-06-08 14:32:38] [INFO] Attempting login with user: standard_user
[2026-06-08 14:32:38] [INFO] Login button clicked for user: standard_user
[2026-06-08 14:32:38] [INFO] Inventory page ready
[2026-06-08 14:32:38] [INFO] Page fully loaded (networkidle)
[2026-06-08 14:32:38] [INFO] LoginPage opened
[2026-06-08 14:32:38] [INFO] Screenshot taken: login-page-baseline
[2026-06-08 14:32:38] [INFO] Navigating to: /
[2026-06-08 14:32:40] [INFO] Navigating to: /
[2026-06-08 14:32:41] [INFO] Navigating to: /
[2026-06-08 14:32:41] [INFO] Page fully loaded (networkidle)
[2026-06-08 14:32:41] [INFO] LoginPage opened
[2026-06-08 14:32:41] [INFO] Attempting login with user: standard_user
[2026-06-08 14:32:41] [INFO] Login button clicked for user: standard_user
[2026-06-08 14:32:41] [INFO] Inventory page ready
[2026-06-08 14:32:41] [INFO] Navigating to: /
[2026-06-08 14:32:42] [INFO] Page fully loaded (networkidle)
[2026-06-08 14:32:42] [INFO] Page fully loaded (networkidle)
[2026-06-08 14:32:42] [INFO] LoginPage opened
[2026-06-08 14:32:42] [INFO] Attempting login with user: wrong_user
[2026-06-08 14:32:42] [INFO] LoginPage opened
[2026-06-08 14:32:42] [INFO] Attempting login with user: standard_user
[2026-06-08 14:32:42] [INFO] Login button clicked for user: wrong_user
[2026-06-08 14:32:42] [INFO] Login button clicked for user: standard_user
[2026-06-08 14:32:42] [INFO] Inventory page ready
[2026-06-08 14:32:42] [INFO] Item at index 0 added to cart
[2026-06-08 14:32:42] [INFO] Item at index 1 added to cart
[2026-06-08 14:32:42] [INFO] Cart opened
[2026-06-08 14:32:42] [INFO] Page fully loaded (networkidle)
[2026-06-08 14:32:42] [INFO] LoginPage opened
[2026-06-08 14:32:42] [INFO] Attempting login with user: standard_user
[2026-06-08 14:32:43] [INFO] Login button clicked for user: standard_user
[2026-06-08 14:32:43] [INFO] Inventory page ready
[2026-06-08 14:32:43] [INFO] Sorting inventory by: az
[2026-06-08 14:32:43] [INFO] Page fully loaded (networkidle)
[2026-06-08 14:32:43] [INFO] LoginPage opened
[2026-06-08 14:32:43] [INFO] Attempting login with user: standard_user
[2026-06-08 14:32:43] [INFO] Login button clicked for user: standard_user
[2026-06-08 14:32:43] [INFO] Inventory page ready
[2026-06-08 14:32:43] [INFO] Sorting inventory by: za
[2026-06-08 14:32:43] [INFO] Navigating to: /
[2026-06-08 14:32:43] [INFO] Page fully loaded (networkidle)
[2026-06-08 14:32:43] [INFO] LoginPage opened
[2026-06-08 14:32:43] [INFO] Attempting login with user: standard_user
[2026-06-08 14:32:44] [INFO] Login button clicked for user: standard_user
[2026-06-08 14:32:44] [INFO] Inventory page ready
[2026-06-08 14:32:44] [INFO] First item added to cart
[2026-06-08 14:32:44] [INFO] Navigating to: /
[2026-06-08 14:32:44] [INFO] Navigating to: /
[2026-06-08 14:32:45] [INFO] Navigating to: /
[2026-06-08 14:32:45] [INFO] Navigating to: /
[2026-06-08 14:32:46] [INFO] Page fully loaded (networkidle)
[2026-06-08 14:32:46] [INFO] LoginPage opened
[2026-06-08 14:32:46] [INFO] Attempting login with user: standard_user
[2026-06-08 14:32:46] [INFO] Login button clicked for user: standard_user
[2026-06-08 14:32:46] [INFO] Inventory page ready
[2026-06-08 14:32:47] [INFO] Navigating to: /
[2026-06-08 14:32:47] [INFO] Page fully loaded (networkidle)
[2026-06-08 14:32:47] [INFO] LoginPage opened
[2026-06-08 14:32:47] [INFO] Attempting login with user: wrong_user
[2026-06-08 14:32:47] [INFO] Login button clicked for user: wrong_user
[2026-06-08 14:32:48] [INFO] Page fully loaded (networkidle)
[2026-06-08 14:32:48] [INFO] LoginPage opened
[2026-06-08 14:32:48] [INFO] Attempting login with user: standard_user
[2026-06-08 14:32:48] [INFO] Login button clicked for user: standard_user
[2026-06-08 14:32:48] [INFO] Inventory page ready
[2026-06-08 14:32:48] [INFO] Item at index 0 added to cart
[2026-06-08 14:32:48] [INFO] Item at index 1 added to cart
[2026-06-08 14:32:48] [INFO] Cart opened
[2026-06-08 14:32:48] [INFO] Page fully loaded (networkidle)
[2026-06-08 14:32:48] [INFO] LoginPage opened
[2026-06-08 14:32:48] [INFO] Attempting login with user: standard_user
[2026-06-08 14:32:48] [INFO] Login button clicked for user: standard_user
[2026-06-08 14:32:48] [INFO] Inventory page ready
[2026-06-08 14:32:49] [INFO] Navigating to: /
[2026-06-08 14:32:49] [INFO] Page fully loaded (networkidle)
[2026-06-08 14:32:49] [INFO] LoginPage opened
[2026-06-08 14:32:49] [INFO] Screenshot taken: login-page-baseline
[2026-06-08 14:32:49] [INFO] Logged out
[2026-06-08 14:32:49] [INFO] Navigating to: /
[2026-06-08 14:32:49] [INFO] Page fully loaded (networkidle)
[2026-06-08 14:32:49] [INFO] LoginPage opened
[2026-06-08 14:32:49] [INFO] Attempting login with user: locked_out_user
[2026-06-08 14:32:50] [INFO] Login button clicked for user: locked_out_user
[2026-06-08 14:32:50] [INFO] Navigating to: /
[2026-06-08 14:32:51] [INFO] Navigating to: /
[2026-06-08 14:32:51] [INFO] Navigating to: /
[2026-06-08 14:32:52] [INFO] Page fully loaded (networkidle)
[2026-06-08 14:32:52] [INFO] LoginPage opened
[2026-06-08 14:32:52] [INFO] Attempting login with user: locked_out_user
[2026-06-08 14:32:52] [INFO] Login button clicked for user: locked_out_user
[2026-06-08 14:32:53] [INFO] Navigating to: /
[2026-06-08 14:33:07] [INFO] Page fully loaded (networkidle)
[2026-06-08 14:33:07] [INFO] LoginPage opened
[2026-06-08 14:33:07] [INFO] Attempting login with user: standard_user
[2026-06-08 14:33:07] [INFO] Page fully loaded (networkidle)
[2026-06-08 14:33:07] [INFO] LoginPage opened
[2026-06-08 14:33:07] [INFO] Attempting login with user: standard_user
[2026-06-08 14:33:07] [INFO] Login button clicked for user: standard_user
[2026-06-08 14:33:07] [INFO] Inventory page ready
[2026-06-08 14:33:07] [INFO] Login button clicked for user: standard_user
[2026-06-08 14:33:07] [INFO] Inventory page ready
[2026-06-08 14:33:07] [INFO] First item added to cart
[2026-06-08 14:33:08] [INFO] Item at index 0 added to cart
[2026-06-08 14:33:08] [INFO] Item at index 1 added to cart
[2026-06-08 14:33:08] [INFO] Navigating to: /
[2026-06-08 14:33:08] [INFO] Cart opened
[2026-06-08 14:33:09] [INFO] Navigating to: /
[2026-06-08 14:33:12] [INFO] Page fully loaded (networkidle)
[2026-06-08 14:33:12] [INFO] LoginPage opened
[2026-06-08 14:33:12] [INFO] Attempting login with user: standard_user
[2026-06-08 14:33:12] [INFO] Page fully loaded (networkidle)
[2026-06-08 14:33:12] [INFO] LoginPage opened
[2026-06-08 14:33:12] [INFO] Attempting login with user: wrong_user
[2026-06-08 14:33:12] [INFO] Login button clicked for user: standard_user
[2026-06-08 14:33:12] [INFO] Inventory page ready
[2026-06-08 14:33:12] [INFO] Login button clicked for user: wrong_user
[2026-06-08 14:33:12] [INFO] Sorting inventory by: az
[2026-06-08 14:33:13] [INFO] Page fully loaded (networkidle)
[2026-06-08 14:33:13] [INFO] LoginPage opened
[2026-06-08 14:33:13] [INFO] Attempting login with user: standard_user
[2026-06-08 14:33:13] [INFO] Page fully loaded (networkidle)
[2026-06-08 14:33:13] [INFO] LoginPage opened
[2026-06-08 14:33:13] [INFO] Attempting login with user: standard_user
[2026-06-08 14:33:13] [INFO] Login button clicked for user: standard_user
[2026-06-08 14:33:13] [INFO] Inventory page ready
[2026-06-08 14:33:13] [INFO] Navigating to: /
[2026-06-08 14:33:14] [INFO] Login button clicked for user: standard_user
[2026-06-08 14:33:14] [INFO] Page fully loaded (networkidle)
[2026-06-08 14:33:14] [INFO] LoginPage opened
[2026-06-08 14:33:14] [INFO] Attempting login with user: standard_user
[2026-06-08 14:33:14] [INFO] Inventory page ready
[2026-06-08 14:33:14] [INFO] Navigating to: /
[2026-06-08 14:33:14] [INFO] Login button clicked for user: standard_user
[2026-06-08 14:33:15] [INFO] Logged out
[2026-06-08 14:33:15] [INFO] Inventory page ready
[2026-06-08 14:33:16] [INFO] Page fully loaded (networkidle)
[2026-06-08 14:33:16] [INFO] LoginPage opened
[2026-06-08 14:33:16] [INFO] Attempting login with user: locked_out_user
[2026-06-08 14:33:17] [INFO] Login button clicked for user: locked_out_user
[2026-06-08 14:33:30] [INFO] Page fully loaded (networkidle)
[2026-06-08 14:33:30] [INFO] LoginPage opened
[2026-06-08 14:33:30] [INFO] Screenshot taken: login-page-baseline
[2026-06-08 14:41:45] [INFO] Navigating to: /
[2026-06-08 14:41:45] [INFO] Navigating to: /
[2026-06-08 14:41:46] [INFO] Navigating to: /
[2026-06-08 14:41:47] [INFO] Page fully loaded (networkidle)
[2026-06-08 14:41:47] [INFO] LoginPage opened
[2026-06-08 14:41:47] [INFO] Attempting login with user: standard_user
[2026-06-08 14:41:47] [INFO] Login button clicked for user: standard_user
[2026-06-08 14:41:47] [INFO] Inventory page ready
[2026-06-08 14:41:47] [INFO] Item at index 0 added to cart
[2026-06-08 14:41:48] [INFO] Page fully loaded (networkidle)
[2026-06-08 14:41:48] [INFO] LoginPage opened
[2026-06-08 14:41:48] [INFO] Attempting login with user: standard_user
[2026-06-08 14:41:48] [INFO] Item at index 1 added to cart
[2026-06-08 14:41:48] [INFO] Login button clicked for user: standard_user
[2026-06-08 14:41:48] [INFO] Inventory page ready
[2026-06-08 14:41:48] [INFO] Cart opened
[2026-06-08 14:41:48] [INFO] Item at index 0 added to cart
[2026-06-08 14:41:49] [INFO] Page fully loaded (networkidle)
[2026-06-08 14:41:49] [INFO] LoginPage opened
[2026-06-08 14:41:49] [INFO] Attempting login with user: standard_user
[2026-06-08 14:41:49] [INFO] Login button clicked for user: standard_user
[2026-06-08 14:41:49] [INFO] Inventory page ready
[2026-06-08 14:41:49] [INFO] Item at index 0 added to cart
[2026-06-08 14:41:49] [INFO] Item at index 1 added to cart
[2026-06-08 14:41:49] [INFO] Item at index 1 added to cart
[2026-06-08 14:41:50] [INFO] Cart opened
[2026-06-08 14:41:50] [INFO] Cart opened
[2026-06-08 14:43:47] [INFO] Navigating to: /
[2026-06-08 14:43:47] [INFO] Navigating to: /
[2026-06-08 14:43:49] [INFO] Navigating to: /
[2026-06-08 14:43:57] [INFO] Page fully loaded (networkidle)
[2026-06-08 14:43:57] [INFO] LoginPage opened
[2026-06-08 14:43:57] [INFO] Attempting login with user: standard_user
[2026-06-08 14:43:58] [INFO] Login button clicked for user: standard_user
[2026-06-08 14:43:58] [INFO] Inventory page ready
[2026-06-08 14:43:58] [INFO] Item at index 0 added to cart
[2026-06-08 14:43:58] [INFO] Page fully loaded (networkidle)
[2026-06-08 14:43:58] [INFO] LoginPage opened
[2026-06-08 14:43:58] [INFO] Attempting login with user: standard_user
[2026-06-08 14:43:58] [INFO] Login button clicked for user: standard_user
[2026-06-08 14:43:58] [INFO] Inventory page ready
[2026-06-08 14:43:58] [INFO] Item at index 1 added to cart
[2026-06-08 14:43:58] [INFO] Item at index 0 added to cart
[2026-06-08 14:43:59] [INFO] Item at index 1 added to cart
[2026-06-08 14:43:59] [INFO] Cart opened
[2026-06-08 14:43:59] [INFO] Cart opened
[2026-06-08 14:44:03] [INFO] Page fully loaded (networkidle)
[2026-06-08 14:44:03] [INFO] LoginPage opened
[2026-06-08 14:44:03] [INFO] Attempting login with user: standard_user
[2026-06-08 14:44:04] [INFO] Login button clicked for user: standard_user
[2026-06-08 14:44:04] [INFO] Inventory page ready
[2026-06-08 14:44:04] [INFO] Item at index 0 added to cart
[2026-06-08 14:44:05] [INFO] Item at index 1 added to cart
[2026-06-08 14:44:06] [INFO] Cart opened
[2026-06-08 14:49:04] [INFO] Navigating to: /
[2026-06-08 14:49:04] [INFO] Navigating to: /
[2026-06-08 14:49:06] [INFO] Navigating to: /
[2026-06-08 14:49:29] [INFO] Page fully loaded (networkidle)
[2026-06-08 14:49:29] [INFO] LoginPage opened
[2026-06-08 14:49:29] [INFO] Attempting login with user: standard_user
[2026-06-08 14:49:36] [INFO] Page fully loaded (networkidle)
[2026-06-08 14:49:36] [INFO] LoginPage opened
[2026-06-08 14:49:36] [INFO] Attempting login with user: standard_user
[2026-06-08 14:49:37] [INFO] Login button clicked for user: standard_user
[2026-06-08 14:49:37] [INFO] Inventory page ready
[2026-06-08 14:49:37] [INFO] Item at index 0 added to cart
[2026-06-08 14:49:38] [INFO] Item at index 1 added to cart
[2026-06-08 14:49:38] [INFO] Cart opened
[2026-06-08 14:49:39] [INFO] Login button clicked for user: standard_user
[2026-06-08 14:49:39] [INFO] Inventory page ready
[2026-06-08 14:49:49] [INFO] Item at index 0 added to cart
[2026-06-08 14:49:49] [INFO] Item at index 1 added to cart
[2026-06-08 14:49:49] [INFO] Cart opened
[2026-06-08 14:49:51] [INFO] Page fully loaded (networkidle)
[2026-06-08 14:49:51] [INFO] LoginPage opened
[2026-06-08 14:49:51] [INFO] Attempting login with user: standard_user
[2026-06-08 14:49:52] [INFO] Login button clicked for user: standard_user
[2026-06-08 14:49:52] [INFO] Inventory page ready
[2026-06-08 14:49:53] [INFO] Item at index 0 added to cart
[2026-06-08 14:49:53] [INFO] Item at index 1 added to cart
[2026-06-08 14:49:53] [INFO] Cart opened
[2026-06-08 14:51:35] [INFO] Navigating to: /
[2026-06-08 14:51:35] [INFO] Navigating to: /
[2026-06-08 14:51:37] [INFO] Navigating to: /
[2026-06-08 14:52:08] [INFO] Page fully loaded (networkidle)
[2026-06-08 14:52:08] [INFO] LoginPage opened
[2026-06-08 14:52:08] [INFO] Attempting login with user: standard_user
[2026-06-08 14:52:09] [INFO] Login button clicked for user: standard_user
[2026-06-08 14:52:09] [INFO] Inventory page ready
[2026-06-08 14:52:10] [INFO] Item at index 0 added to cart
[2026-06-08 14:52:10] [INFO] Item at index 1 added to cart
[2026-06-08 14:52:11] [INFO] Page fully loaded (networkidle)
[2026-06-08 14:52:11] [INFO] LoginPage opened
[2026-06-08 14:52:11] [INFO] Attempting login with user: standard_user
[2026-06-08 14:52:12] [INFO] Page fully loaded (networkidle)
[2026-06-08 14:52:12] [INFO] LoginPage opened
[2026-06-08 14:52:12] [INFO] Attempting login with user: standard_user
[2026-06-08 14:52:12] [INFO] Login button clicked for user: standard_user
[2026-06-08 14:52:12] [INFO] Inventory page ready
[2026-06-08 14:52:12] [INFO] Item at index 0 added to cart
[2026-06-08 14:52:13] [INFO] Item at index 1 added to cart
[2026-06-08 14:54:54] [INFO] Navigating to: /
[2026-06-08 14:54:54] [INFO] Navigating to: /
[2026-06-08 14:54:56] [INFO] Navigating to: /
[2026-06-08 14:55:03] [INFO] Page fully loaded (networkidle)
[2026-06-08 14:55:03] [INFO] LoginPage opened
[2026-06-08 14:55:03] [INFO] Attempting login with user: standard_user
[2026-06-08 14:55:03] [INFO] Login button clicked for user: standard_user
[2026-06-08 14:55:03] [INFO] Inventory page ready
[2026-06-08 14:55:03] [INFO] Item at index 0 added to cart
[2026-06-08 14:55:04] [INFO] Item at index 1 added to cart
[2026-06-08 14:55:05] [INFO] Page fully loaded (networkidle)
[2026-06-08 14:55:05] [INFO] LoginPage opened
[2026-06-08 14:55:05] [INFO] Attempting login with user: standard_user
[2026-06-08 14:55:05] [INFO] Page fully loaded (networkidle)
[2026-06-08 14:55:05] [INFO] LoginPage opened
[2026-06-08 14:55:05] [INFO] Attempting login with user: standard_user
[2026-06-08 14:55:05] [INFO] Login button clicked for user: standard_user
[2026-06-08 14:55:05] [INFO] Inventory page ready
[2026-06-08 14:55:06] [INFO] Item at index 0 added to cart
[2026-06-08 14:55:07] [INFO] Item at index 1 added to cart
[2026-06-08 14:59:48] [INFO] Navigating to: /
[2026-06-08 14:59:48] [INFO] Navigating to: /
[2026-06-08 14:59:50] [INFO] Navigating to: /
[2026-06-08 15:00:07] [INFO] Page fully loaded (networkidle)
[2026-06-08 15:00:07] [INFO] LoginPage opened
[2026-06-08 15:00:07] [INFO] Attempting login with user: standard_user
[2026-06-08 15:00:07] [INFO] Login button clicked for user: standard_user
[2026-06-08 15:00:07] [INFO] Inventory page ready
[2026-06-08 15:00:07] [INFO] Page fully loaded (networkidle)
[2026-06-08 15:00:07] [INFO] LoginPage opened
[2026-06-08 15:00:07] [INFO] Attempting login with user: standard_user
[2026-06-08 15:00:07] [INFO] Item at index 0 added to cart
[2026-06-08 15:00:08] [INFO] Item at index 1 added to cart
[2026-06-08 15:00:10] [INFO] Page fully loaded (networkidle)
[2026-06-08 15:00:10] [INFO] LoginPage opened
[2026-06-08 15:00:10] [INFO] Attempting login with user: standard_user
[2026-06-08 15:00:10] [INFO] Login button clicked for user: standard_user
[2026-06-08 15:00:10] [INFO] Inventory page ready
[2026-06-08 15:00:11] [INFO] Item at index 0 added to cart
[2026-06-08 15:00:12] [INFO] Item at index 1 added to cart
[2026-06-08 15:00:47] [INFO] Login button clicked for user: standard_user
[2026-06-08 15:00:47] [INFO] Inventory page ready
[2026-06-08 15:00:48] [INFO] Item at index 0 added to cart
[2026-06-08 15:00:48] [INFO] Item at index 1 added to cart
[2026-06-08 15:02:11] [INFO] Navigating to: /
[2026-06-08 15:02:11] [INFO] Navigating to: /
[2026-06-08 15:02:13] [INFO] Navigating to: /
[2026-06-08 15:02:27] [INFO] Page fully loaded (networkidle)
[2026-06-08 15:02:27] [INFO] LoginPage opened
[2026-06-08 15:02:27] [INFO] Attempting login with user: standard_user
[2026-06-08 15:02:32] [INFO] Page fully loaded (networkidle)
[2026-06-08 15:02:32] [INFO] LoginPage opened
[2026-06-08 15:02:32] [INFO] Attempting login with user: standard_user
[2026-06-08 15:02:32] [INFO] Login button clicked for user: standard_user
[2026-06-08 15:02:32] [INFO] Inventory page ready
[2026-06-08 15:02:33] [INFO] Item at index 0 added to cart
[2026-06-08 15:02:33] [INFO] Item at index 1 added to cart
[2026-06-08 15:02:44] [INFO] Page fully loaded (networkidle)
[2026-06-08 15:02:44] [INFO] LoginPage opened
[2026-06-08 15:02:44] [INFO] Attempting login with user: standard_user
[2026-06-08 15:02:44] [INFO] Login button clicked for user: standard_user
[2026-06-08 15:02:44] [INFO] Inventory page ready
[2026-06-08 15:02:45] [INFO] Item at index 0 added to cart
[2026-06-08 15:02:46] [INFO] Item at index 1 added to cart
[2026-06-08 15:03:03] [INFO] Login button clicked for user: standard_user
[2026-06-08 15:03:03] [INFO] Inventory page ready
[2026-06-08 15:03:04] [INFO] Item at index 0 added to cart
[2026-06-08 15:03:04] [INFO] Item at index 1 added to cart
[2026-06-08 15:03:37] [INFO] Navigating to: /
[2026-06-08 15:03:37] [INFO] Navigating to: /
[2026-06-08 15:03:37] [INFO] Navigating to: /
[2026-06-08 15:03:37] [INFO] Navigating to: /
[2026-06-08 15:03:37] [INFO] Navigating to: /
[2026-06-08 15:03:37] [INFO] Navigating to: /
[2026-06-08 15:03:48] [INFO] Page fully loaded (networkidle)
[2026-06-08 15:03:48] [INFO] LoginPage opened
[2026-06-08 15:03:48] [INFO] Attempting login with user: standard_user
[2026-06-08 15:03:48] [INFO] Login button clicked for user: standard_user
[2026-06-08 15:03:48] [INFO] Inventory page ready
[2026-06-08 15:03:48] [INFO] Page fully loaded (networkidle)
[2026-06-08 15:03:48] [INFO] Page fully loaded (networkidle)
[2026-06-08 15:03:48] [INFO] LoginPage opened
[2026-06-08 15:03:48] [INFO] Attempting login with user: standard_user
[2026-06-08 15:03:48] [INFO] LoginPage opened
[2026-06-08 15:03:48] [INFO] Attempting login with user: standard_user
[2026-06-08 15:03:48] [INFO] Page fully loaded (networkidle)
[2026-06-08 15:03:48] [INFO] Page fully loaded (networkidle)
[2026-06-08 15:03:48] [INFO] LoginPage opened
[2026-06-08 15:03:48] [INFO] LoginPage opened
[2026-06-08 15:03:48] [INFO] Attempting login with user: standard_user
[2026-06-08 15:03:48] [INFO] Attempting login with user: standard_user
[2026-06-08 15:03:48] [INFO] Login button clicked for user: standard_user
[2026-06-08 15:03:48] [INFO] Login button clicked for user: standard_user
[2026-06-08 15:03:48] [INFO] Inventory page ready
[2026-06-08 15:03:48] [INFO] Inventory page ready
[2026-06-08 15:03:48] [INFO] Login button clicked for user: standard_user
[2026-06-08 15:03:48] [INFO] Login button clicked for user: standard_user
[2026-06-08 15:03:48] [INFO] Sorting inventory by: az
[2026-06-08 15:03:49] [INFO] Inventory page ready
[2026-06-08 15:03:49] [INFO] Inventory page ready
[2026-06-08 15:03:49] [INFO] Sorting inventory by: za
[2026-06-08 15:03:49] [INFO] Navigating to: /
[2026-06-08 15:03:49] [INFO] Item at index 0 added to cart
[2026-06-08 15:03:49] [INFO] Navigating to: /
[2026-06-08 15:03:49] [INFO] Navigating to: /
[2026-06-08 15:03:49] [INFO] Item at index 1 added to cart
[2026-06-08 15:03:49] [INFO] Logged out
[2026-06-08 15:03:50] [INFO] Navigating to: /
[2026-06-08 15:03:52] [INFO] Page fully loaded (networkidle)
[2026-06-08 15:03:52] [INFO] LoginPage opened
[2026-06-08 15:03:52] [INFO] Attempting login with user: standard_user
[2026-06-08 15:03:52] [INFO] Login button clicked for user: standard_user
[2026-06-08 15:03:52] [INFO] Inventory page ready
[2026-06-08 15:03:52] [INFO] Page fully loaded (networkidle)
[2026-06-08 15:03:52] [INFO] LoginPage opened
[2026-06-08 15:03:52] [INFO] Attempting login with user: locked_out_user
[2026-06-08 15:03:52] [INFO] Login button clicked for user: locked_out_user
[2026-06-08 15:03:54] [INFO] Navigating to: /
[2026-06-08 15:03:54] [INFO] Navigating to: /
[2026-06-08 15:03:55] [INFO] Navigating to: /
[2026-06-08 15:03:57] [INFO] Page fully loaded (networkidle)
[2026-06-08 15:03:57] [INFO] LoginPage opened
[2026-06-08 15:03:57] [INFO] Attempting login with user: standard_user
[2026-06-08 15:03:57] [INFO] Login button clicked for user: standard_user
[2026-06-08 15:03:57] [INFO] Inventory page ready
[2026-06-08 15:03:57] [INFO] First item added to cart
[2026-06-08 15:03:58] [INFO] Page fully loaded (networkidle)
[2026-06-08 15:03:58] [INFO] LoginPage opened
[2026-06-08 15:03:58] [INFO] Screenshot taken: login-page-baseline
[2026-06-08 15:03:59] [INFO] Navigating to: /
[2026-06-08 15:04:00] [INFO] Navigating to: /
[2026-06-08 15:04:04] [INFO] Page fully loaded (networkidle)
[2026-06-08 15:04:04] [INFO] LoginPage opened
[2026-06-08 15:04:04] [INFO] Attempting login with user: standard_user
[2026-06-08 15:04:05] [INFO] Login button clicked for user: standard_user
[2026-06-08 15:04:05] [INFO] Inventory page ready
[2026-06-08 15:04:05] [INFO] Sorting inventory by: az
[2026-06-08 15:04:05] [INFO] Navigating to: /
[2026-06-08 15:04:06] [INFO] Page fully loaded (networkidle)
[2026-06-08 15:04:06] [INFO] LoginPage opened
[2026-06-08 15:04:06] [INFO] Attempting login with user: standard_user
[2026-06-08 15:04:06] [INFO] Login button clicked for user: standard_user
[2026-06-08 15:04:06] [INFO] Inventory page ready
[2026-06-08 15:04:06] [INFO] Navigating to: /
[2026-06-08 15:04:28] [INFO] Page fully loaded (networkidle)
[2026-06-08 15:04:28] [INFO] LoginPage opened
[2026-06-08 15:04:28] [INFO] Attempting login with user: wrong_user
[2026-06-08 15:04:28] [INFO] Login button clicked for user: wrong_user
[2026-06-08 15:04:31] [INFO] Navigating to: /
[2026-06-08 15:04:31] [INFO] Page fully loaded (networkidle)
[2026-06-08 15:04:31] [INFO] LoginPage opened
[2026-06-08 15:04:31] [INFO] Attempting login with user: standard_user
[2026-06-08 15:04:32] [INFO] Login button clicked for user: standard_user
[2026-06-08 15:04:32] [INFO] Inventory page ready
[2026-06-08 15:04:32] [INFO] First item added to cart
[2026-06-08 15:04:32] [INFO] Navigating to: /
[2026-06-08 15:04:33] [INFO] Page fully loaded (networkidle)
[2026-06-08 15:04:33] [INFO] LoginPage opened
[2026-06-08 15:04:33] [INFO] Attempting login with user: standard_user
[2026-06-08 15:04:34] [INFO] Login button clicked for user: standard_user
[2026-06-08 15:04:34] [INFO] Inventory page ready
[2026-06-08 15:04:34] [INFO] Page fully loaded (networkidle)
[2026-06-08 15:04:34] [INFO] LoginPage opened
[2026-06-08 15:04:34] [INFO] Attempting login with user: standard_user
[2026-06-08 15:04:34] [INFO] Sorting inventory by: za
[2026-06-08 15:04:34] [INFO] Login button clicked for user: standard_user
[2026-06-08 15:04:34] [INFO] Inventory page ready
[2026-06-08 15:04:34] [INFO] Navigating to: /
[2026-06-08 15:04:34] [INFO] Item at index 0 added to cart
[2026-06-08 15:04:35] [INFO] Item at index 1 added to cart
[2026-06-08 15:04:38] [INFO] Navigating to: /
[2026-06-08 15:04:38] [INFO] Page fully loaded (networkidle)
[2026-06-08 15:04:38] [INFO] LoginPage opened
[2026-06-08 15:04:38] [INFO] Attempting login with user: standard_user
[2026-06-08 15:04:38] [INFO] Login button clicked for user: standard_user
[2026-06-08 15:04:38] [INFO] Inventory page ready
[2026-06-08 15:04:39] [INFO] Page fully loaded (networkidle)
[2026-06-08 15:04:39] [INFO] LoginPage opened
[2026-06-08 15:04:39] [INFO] Attempting login with user: standard_user
[2026-06-08 15:04:39] [INFO] Logged out
[2026-06-08 15:04:39] [INFO] Login button clicked for user: standard_user
[2026-06-08 15:04:39] [INFO] Inventory page ready
[2026-06-08 15:04:41] [INFO] Navigating to: /
[2026-06-08 15:04:41] [INFO] Navigating to: /
[2026-06-08 15:04:48] [INFO] Page fully loaded (networkidle)
[2026-06-08 15:04:48] [INFO] LoginPage opened
[2026-06-08 15:04:48] [INFO] Attempting login with user: wrong_user
[2026-06-08 15:04:48] [INFO] Login button clicked for user: wrong_user
[2026-06-08 15:04:49] [INFO] Navigating to: /
[2026-06-08 15:04:49] [INFO] Page fully loaded (networkidle)
[2026-06-08 15:04:49] [INFO] LoginPage opened
[2026-06-08 15:04:49] [INFO] Attempting login with user: locked_out_user
[2026-06-08 15:04:49] [INFO] Login button clicked for user: locked_out_user
[2026-06-08 15:04:50] [INFO] Navigating to: /
[2026-06-08 15:04:51] [INFO] Page fully loaded (networkidle)
[2026-06-08 15:04:51] [INFO] LoginPage opened
[2026-06-08 15:04:51] [INFO] Screenshot taken: login-page-baseline
[2026-06-08 15:04:52] [INFO] Navigating to: /
[2026-06-08 15:04:53] [INFO] Page fully loaded (networkidle)
[2026-06-08 15:04:53] [INFO] LoginPage opened
[2026-06-08 15:04:53] [INFO] Attempting login with user: standard_user
[2026-06-08 15:04:53] [INFO] Login button clicked for user: standard_user
[2026-06-08 15:04:53] [INFO] Inventory page ready
[2026-06-08 15:04:53] [INFO] First item added to cart
[2026-06-08 15:04:54] [INFO] Page fully loaded (networkidle)
[2026-06-08 15:04:54] [INFO] LoginPage opened
[2026-06-08 15:04:54] [INFO] Attempting login with user: standard_user
[2026-06-08 15:04:54] [INFO] Navigating to: /
[2026-06-08 15:04:54] [INFO] Login button clicked for user: standard_user
[2026-06-08 15:04:54] [INFO] Inventory page ready
[2026-06-08 15:04:54] [INFO] Page fully loaded (networkidle)
[2026-06-08 15:04:54] [INFO] LoginPage opened
[2026-06-08 15:04:54] [INFO] Attempting login with user: standard_user
[2026-06-08 15:04:55] [INFO] Login button clicked for user: standard_user
[2026-06-08 15:04:55] [INFO] Inventory page ready
[2026-06-08 15:04:55] [INFO] Item at index 0 added to cart
[2026-06-08 15:04:56] [INFO] Navigating to: /
[2026-06-08 15:04:56] [INFO] Item at index 1 added to cart
[2026-06-08 15:04:56] [INFO] Page fully loaded (networkidle)
[2026-06-08 15:04:56] [INFO] LoginPage opened
[2026-06-08 15:04:56] [INFO] Attempting login with user: standard_user
[2026-06-08 15:04:56] [INFO] Login button clicked for user: standard_user
[2026-06-08 15:04:56] [INFO] Inventory page ready
[2026-06-08 15:04:57] [INFO] Page fully loaded (networkidle)
[2026-06-08 15:04:57] [INFO] LoginPage opened
[2026-06-08 15:04:57] [INFO] Attempting login with user: standard_user
[2026-06-08 15:04:57] [INFO] Page fully loaded (networkidle)
[2026-06-08 15:04:57] [INFO] LoginPage opened
[2026-06-08 15:04:57] [INFO] Attempting login with user: standard_user
[2026-06-08 15:04:57] [INFO] Login button clicked for user: standard_user
[2026-06-08 15:04:57] [INFO] Login button clicked for user: standard_user
[2026-06-08 15:04:57] [INFO] Inventory page ready
[2026-06-08 15:04:57] [INFO] Sorting inventory by: az
[2026-06-08 15:04:57] [INFO] Page fully loaded (networkidle)
[2026-06-08 15:04:57] [INFO] LoginPage opened
[2026-06-08 15:04:58] [INFO] Inventory page ready
[2026-06-08 15:04:58] [INFO] Logged out
[2026-06-08 15:04:58] [INFO] Attempting login with user: standard_user
[2026-06-08 15:04:58] [INFO] Sorting inventory by: za
[2026-06-08 15:04:58] [INFO] Login button clicked for user: standard_user
[2026-06-08 15:04:58] [INFO] Inventory page ready
[2026-06-08 15:04:58] [INFO] Navigating to: /
[2026-06-08 15:04:58] [INFO] Navigating to: /
[2026-06-08 15:05:00] [INFO] Page fully loaded (networkidle)
[2026-06-08 15:05:00] [INFO] LoginPage opened
[2026-06-08 15:05:00] [INFO] Attempting login with user: wrong_user
[2026-06-08 15:05:00] [INFO] Login button clicked for user: wrong_user
[2026-06-08 15:05:01] [INFO] Page fully loaded (networkidle)
[2026-06-08 15:05:01] [INFO] LoginPage opened
[2026-06-08 15:05:01] [INFO] Attempting login with user: locked_out_user
[2026-06-08 15:05:02] [INFO] Page fully loaded (networkidle)
[2026-06-08 15:05:02] [INFO] LoginPage opened
[2026-06-08 15:05:02] [INFO] Login button clicked for user: locked_out_user
[2026-06-08 15:05:02] [INFO] Screenshot taken: login-page-baseline
[2026-06-08 15:08:37] [INFO] Navigating to: /
[2026-06-08 15:08:37] [INFO] Navigating to: /
[2026-06-08 15:08:37] [INFO] Navigating to: /
[2026-06-08 15:08:37] [INFO] Navigating to: /
[2026-06-08 15:08:37] [INFO] Navigating to: /
[2026-06-08 15:08:37] [INFO] Navigating to: /
[2026-06-08 15:08:40] [INFO] Page fully loaded (networkidle)
[2026-06-08 15:08:40] [INFO] LoginPage opened
[2026-06-08 15:08:40] [INFO] Attempting login with user: standard_user
[2026-06-08 15:08:40] [INFO] Login button clicked for user: standard_user
[2026-06-08 15:08:40] [INFO] Page fully loaded (networkidle)
[2026-06-08 15:08:40] [INFO] LoginPage opened
[2026-06-08 15:08:40] [INFO] Attempting login with user: standard_user
[2026-06-08 15:08:40] [INFO] Inventory page ready
[2026-06-08 15:08:40] [INFO] Login button clicked for user: standard_user
[2026-06-08 15:08:40] [INFO] Inventory page ready
[2026-06-08 15:08:40] [INFO] Sorting inventory by: za
[2026-06-08 15:08:40] [INFO] Navigating to: /
[2026-06-08 15:08:41] [INFO] Logged out
[2026-06-08 15:08:41] [INFO] Navigating to: /
[2026-06-08 15:08:42] [INFO] Page fully loaded (networkidle)
[2026-06-08 15:08:42] [INFO] LoginPage opened
[2026-06-08 15:08:42] [INFO] Attempting login with user: standard_user
[2026-06-08 15:08:42] [INFO] Login button clicked for user: standard_user
[2026-06-08 15:08:42] [INFO] Inventory page ready
[2026-06-08 15:08:43] [INFO] Navigating to: /
[2026-06-08 15:08:43] [INFO] Page fully loaded (networkidle)
[2026-06-08 15:08:43] [INFO] LoginPage opened
[2026-06-08 15:08:43] [INFO] Attempting login with user: wrong_user
[2026-06-08 15:08:43] [INFO] Login button clicked for user: wrong_user
[2026-06-08 15:08:43] [INFO] Navigating to: /
[2026-06-08 15:08:45] [INFO] Page fully loaded (networkidle)
[2026-06-08 15:08:45] [INFO] LoginPage opened
[2026-06-08 15:08:45] [INFO] Attempting login with user: locked_out_user
[2026-06-08 15:08:45] [INFO] Login button clicked for user: locked_out_user
[2026-06-08 15:08:45] [INFO] Page fully loaded (networkidle)
[2026-06-08 15:08:45] [INFO] LoginPage opened
[2026-06-08 15:08:45] [INFO] Screenshot taken: login-page-baseline
[2026-06-08 15:08:47] [INFO] Navigating to: /
[2026-06-08 15:08:47] [INFO] Navigating to: /
[2026-06-08 15:08:49] [INFO] Page fully loaded (networkidle)
[2026-06-08 15:08:49] [INFO] LoginPage opened
[2026-06-08 15:08:49] [INFO] Attempting login with user: standard_user
[2026-06-08 15:08:49] [INFO] Login button clicked for user: standard_user
[2026-06-08 15:08:49] [INFO] Inventory page ready
[2026-06-08 15:08:49] [INFO] Navigating to: /
[2026-06-08 15:08:49] [INFO] Page fully loaded (networkidle)
[2026-06-08 15:08:49] [INFO] LoginPage opened
[2026-06-08 15:08:49] [INFO] Attempting login with user: standard_user
[2026-06-08 15:08:50] [INFO] Login button clicked for user: standard_user
[2026-06-08 15:08:50] [INFO] Inventory page ready
[2026-06-08 15:08:50] [INFO] Sorting inventory by: az
[2026-06-08 15:08:50] [INFO] Navigating to: /
[2026-06-08 15:08:51] [INFO] Page fully loaded (networkidle)
[2026-06-08 15:08:51] [INFO] LoginPage opened
[2026-06-08 15:08:51] [INFO] Attempting login with user: standard_user
[2026-06-08 15:08:51] [INFO] Login button clicked for user: standard_user
[2026-06-08 15:08:51] [INFO] Inventory page ready
[2026-06-08 15:08:51] [INFO] Sorting inventory by: az
[2026-06-08 15:08:51] [INFO] Page fully loaded (networkidle)
[2026-06-08 15:08:51] [INFO] LoginPage opened
[2026-06-08 15:08:51] [INFO] Attempting login with user: standard_user
[2026-06-08 15:08:51] [INFO] Login button clicked for user: standard_user
[2026-06-08 15:08:51] [INFO] Inventory page ready
[2026-06-08 15:08:51] [INFO] Sorting inventory by: za
[2026-06-08 15:08:52] [INFO] Page fully loaded (networkidle)
[2026-06-08 15:08:52] [INFO] LoginPage opened
[2026-06-08 15:08:52] [INFO] Attempting login with user: standard_user
[2026-06-08 15:08:52] [INFO] Login button clicked for user: standard_user
[2026-06-08 15:08:52] [INFO] Inventory page ready
[2026-06-08 15:08:52] [INFO] First item added to cart
[2026-06-08 15:08:52] [INFO] Navigating to: /
[2026-06-08 15:08:52] [INFO] Page fully loaded (networkidle)
[2026-06-08 15:08:52] [INFO] LoginPage opened
[2026-06-08 15:08:52] [INFO] Attempting login with user: standard_user
[2026-06-08 15:08:52] [INFO] Login button clicked for user: standard_user
[2026-06-08 15:08:53] [INFO] Inventory page ready
[2026-06-08 15:08:53] [INFO] First item added to cart
[2026-06-08 15:08:53] [INFO] Navigating to: /
[2026-06-08 15:08:53] [INFO] Page fully loaded (networkidle)
[2026-06-08 15:08:53] [INFO] LoginPage opened
[2026-06-08 15:08:53] [INFO] Attempting login with user: standard_user
[2026-06-08 15:08:53] [INFO] Login button clicked for user: standard_user
[2026-06-08 15:08:53] [INFO] Inventory page ready
[2026-06-08 15:08:54] [INFO] Item at index 0 added to cart
[2026-06-08 15:08:55] [INFO] Item at index 1 added to cart
[2026-06-08 15:08:55] [INFO] Navigating to: /
[2026-06-08 15:08:56] [INFO] Navigating to: /
[2026-06-08 15:08:59] [INFO] Navigating to: /
[2026-06-08 15:09:09] [INFO] Page fully loaded (networkidle)
[2026-06-08 15:09:09] [INFO] LoginPage opened
[2026-06-08 15:09:09] [INFO] Attempting login with user: standard_user
[2026-06-08 15:09:09] [INFO] Login button clicked for user: standard_user
[2026-06-08 15:09:09] [INFO] Inventory page ready
[2026-06-08 15:09:10] [INFO] Item at index 0 added to cart
[2026-06-08 15:09:10] [INFO] Page fully loaded (networkidle)
[2026-06-08 15:09:10] [INFO] LoginPage opened
[2026-06-08 15:09:10] [INFO] Attempting login with user: standard_user
[2026-06-08 15:09:10] [INFO] Login button clicked for user: standard_user
[2026-06-08 15:09:10] [INFO] Inventory page ready
[2026-06-08 15:09:10] [INFO] Item at index 1 added to cart
[2026-06-08 15:09:10] [INFO] Navigating to: /
[2026-06-08 15:09:12] [INFO] Page fully loaded (networkidle)
[2026-06-08 15:09:12] [INFO] LoginPage opened
[2026-06-08 15:09:12] [INFO] Attempting login with user: standard_user
[2026-06-08 15:09:12] [INFO] Login button clicked for user: standard_user
[2026-06-08 15:09:12] [INFO] Inventory page ready
[2026-06-08 15:09:13] [INFO] Logged out
[2026-06-08 15:09:13] [INFO] Page fully loaded (networkidle)
[2026-06-08 15:09:13] [INFO] LoginPage opened
[2026-06-08 15:09:13] [INFO] Attempting login with user: wrong_user
[2026-06-08 15:09:13] [INFO] Login button clicked for user: wrong_user
[2026-06-08 15:09:14] [INFO] Navigating to: /
[2026-06-08 15:09:15] [INFO] Navigating to: /
[2026-06-08 15:09:15] [INFO] Navigating to: /
[2026-06-08 15:09:15] [INFO] Page fully loaded (networkidle)
[2026-06-08 15:09:15] [INFO] LoginPage opened
[2026-06-08 15:09:15] [INFO] Attempting login with user: standard_user
[2026-06-08 15:09:15] [INFO] Login button clicked for user: standard_user
[2026-06-08 15:09:15] [INFO] Inventory page ready
[2026-06-08 15:09:16] [INFO] Page fully loaded (networkidle)
[2026-06-08 15:09:16] [INFO] LoginPage opened
[2026-06-08 15:09:16] [INFO] Attempting login with user: locked_out_user
[2026-06-08 15:09:16] [INFO] Login button clicked for user: locked_out_user
[2026-06-08 15:09:18] [INFO] Navigating to: /
[2026-06-08 15:09:18] [INFO] Navigating to: /
[2026-06-08 15:09:27] [INFO] Page fully loaded (networkidle)
[2026-06-08 15:09:27] [INFO] LoginPage opened
[2026-06-08 15:09:27] [INFO] Screenshot taken: login-page-baseline
[2026-06-08 15:09:28] [INFO] Navigating to: /
[2026-06-08 15:09:34] [INFO] Page fully loaded (networkidle)
[2026-06-08 15:09:34] [INFO] LoginPage opened
[2026-06-08 15:09:34] [INFO] Attempting login with user: standard_user
[2026-06-08 15:09:34] [INFO] Page fully loaded (networkidle)
[2026-06-08 15:09:34] [INFO] LoginPage opened
[2026-06-08 15:09:34] [INFO] Attempting login with user: standard_user
[2026-06-08 15:09:34] [INFO] Page fully loaded (networkidle)
[2026-06-08 15:09:34] [INFO] LoginPage opened
[2026-06-08 15:09:34] [INFO] Attempting login with user: standard_user
[2026-06-08 15:09:34] [INFO] Page fully loaded (networkidle)
[2026-06-08 15:09:34] [INFO] LoginPage opened
[2026-06-08 15:09:34] [INFO] Attempting login with user: standard_user
[2026-06-08 15:09:34] [INFO] Page fully loaded (networkidle)
[2026-06-08 15:09:34] [INFO] LoginPage opened
[2026-06-08 15:09:34] [INFO] Attempting login with user: standard_user
[2026-06-08 15:09:34] [INFO] Login button clicked for user: standard_user
[2026-06-08 15:09:35] [INFO] Inventory page ready
[2026-06-08 15:09:35] [INFO] Login button clicked for user: standard_user
[2026-06-08 15:09:35] [INFO] Inventory page ready
[2026-06-08 15:09:35] [INFO] Login button clicked for user: standard_user
[2026-06-08 15:09:35] [INFO] Login button clicked for user: standard_user
[2026-06-08 15:09:35] [INFO] Login button clicked for user: standard_user
[2026-06-08 15:09:35] [INFO] Inventory page ready
[2026-06-08 15:09:35] [INFO] Inventory page ready
[2026-06-08 15:09:35] [INFO] First item added to cart
[2026-06-08 15:09:35] [INFO] Sorting inventory by: az
[2026-06-08 15:09:35] [INFO] Inventory page ready
[2026-06-08 15:09:35] [INFO] Sorting inventory by: za
[2026-06-08 15:09:36] [INFO] Navigating to: /
[2026-06-08 15:09:36] [INFO] Navigating to: /
[2026-06-08 15:09:36] [INFO] Item at index 0 added to cart
[2026-06-08 15:09:36] [INFO] Navigating to: /
[2026-06-08 15:09:36] [INFO] Navigating to: /
[2026-06-08 15:09:37] [INFO] Page fully loaded (networkidle)
[2026-06-08 15:09:37] [INFO] LoginPage opened
[2026-06-08 15:09:37] [INFO] Attempting login with user: standard_user
[2026-06-08 15:09:37] [INFO] Item at index 1 added to cart
[2026-06-08 15:09:37] [INFO] Login button clicked for user: standard_user
[2026-06-08 15:09:37] [INFO] Inventory page ready
[2026-06-08 15:09:38] [INFO] Logged out
[2026-06-08 15:09:38] [INFO] Page fully loaded (networkidle)
[2026-06-08 15:09:38] [INFO] LoginPage opened
[2026-06-08 15:09:38] [INFO] Attempting login with user: standard_user
[2026-06-08 15:09:38] [INFO] Page fully loaded (networkidle)
[2026-06-08 15:09:38] [INFO] LoginPage opened
[2026-06-08 15:09:38] [INFO] Attempting login with user: wrong_user
[2026-06-08 15:09:39] [INFO] Login button clicked for user: standard_user
[2026-06-08 15:09:39] [INFO] Inventory page ready
[2026-06-08 15:09:39] [INFO] Login button clicked for user: wrong_user
[2026-06-08 15:09:39] [INFO] Page fully loaded (networkidle)
[2026-06-08 15:09:39] [INFO] LoginPage opened
[2026-06-08 15:09:39] [INFO] Attempting login with user: locked_out_user
[2026-06-08 15:09:39] [INFO] Login button clicked for user: locked_out_user
[2026-06-08 15:10:17] [INFO] Page fully loaded (networkidle)
[2026-06-08 15:10:17] [INFO] LoginPage opened
[2026-06-08 15:10:17] [INFO] Screenshot taken: login-page-baseline
[2026-06-08 15:11:12] [INFO] Navigating to: /
[2026-06-08 15:11:12] [INFO] Navigating to: /
[2026-06-08 15:11:12] [INFO] Navigating to: /
[2026-06-08 15:11:12] [INFO] Navigating to: /
[2026-06-08 15:11:12] [INFO] Navigating to: /
[2026-06-08 15:11:12] [INFO] Navigating to: /
[2026-06-08 15:11:14] [INFO] Navigating to: /
[2026-06-08 15:11:14] [INFO] Navigating to: /
[2026-06-08 15:11:14] [INFO] Navigating to: /
[2026-06-08 15:11:14] [INFO] Navigating to: /
[2026-06-08 15:11:14] [INFO] Navigating to: /
[2026-06-08 15:11:14] [INFO] Navigating to: /
[2026-06-08 15:11:35] [INFO] Page fully loaded (networkidle)
[2026-06-08 15:11:35] [INFO] Page fully loaded (networkidle)
[2026-06-08 15:11:35] [INFO] Page fully loaded (networkidle)
[2026-06-08 15:11:35] [INFO] LoginPage opened
[2026-06-08 15:11:35] [INFO] Attempting login with user: standard_user
[2026-06-08 15:11:35] [INFO] LoginPage opened
[2026-06-08 15:11:35] [INFO] Attempting login with user: standard_user
[2026-06-08 15:11:35] [INFO] LoginPage opened
[2026-06-08 15:11:35] [INFO] Attempting login with user: standard_user
[2026-06-08 15:11:35] [INFO] Page fully loaded (networkidle)
[2026-06-08 15:11:35] [INFO] LoginPage opened
[2026-06-08 15:11:35] [INFO] Attempting login with user: standard_user
[2026-06-08 15:11:35] [INFO] Login button clicked for user: standard_user
[2026-06-08 15:11:35] [INFO] Login button clicked for user: standard_user
[2026-06-08 15:11:35] [INFO] Login button clicked for user: standard_user
[2026-06-08 15:11:35] [INFO] Inventory page ready
[2026-06-08 15:11:35] [INFO] Inventory page ready
[2026-06-08 15:11:35] [INFO] Inventory page ready
[2026-06-08 15:11:35] [INFO] Login button clicked for user: standard_user
[2026-06-08 15:11:35] [INFO] Sorting inventory by: za
[2026-06-08 15:11:35] [INFO] Inventory page ready
[2026-06-08 15:11:35] [INFO] First item added to cart
[2026-06-08 15:11:35] [INFO] Item at index 0 added to cart
[2026-06-08 15:11:36] [INFO] Page fully loaded (networkidle)
[2026-06-08 15:11:36] [INFO] Page fully loaded (networkidle)
[2026-06-08 15:11:36] [INFO] Page fully loaded (networkidle)
[2026-06-08 15:11:36] [INFO] LoginPage opened
[2026-06-08 15:11:36] [INFO] Attempting login with user: standard_user
[2026-06-08 15:11:36] [INFO] LoginPage opened
[2026-06-08 15:11:36] [INFO] Attempting login with user: standard_user
[2026-06-08 15:11:36] [INFO] LoginPage opened
[2026-06-08 15:11:36] [INFO] Attempting login with user: standard_user
[2026-06-08 15:11:36] [INFO] Logged out
[2026-06-08 15:11:36] [INFO] Login button clicked for user: standard_user
[2026-06-08 15:11:36] [INFO] Login button clicked for user: standard_user
[2026-06-08 15:11:36] [INFO] Login button clicked for user: standard_user
[2026-06-08 15:11:36] [INFO] Item at index 1 added to cart
[2026-06-08 15:11:36] [INFO] Inventory page ready
[2026-06-08 15:11:36] [INFO] Inventory page ready
[2026-06-08 15:11:36] [INFO] Inventory page ready
[2026-06-08 15:11:36] [INFO] First item added to cart
[2026-06-08 15:11:37] [INFO] Navigating to: /
[2026-06-08 15:11:37] [INFO] Navigating to: /
[2026-06-08 15:11:37] [INFO] Navigating to: /
[2026-06-08 15:11:37] [INFO] Item at index 0 added to cart
[2026-06-08 15:11:37] [INFO] Logged out
[2026-06-08 15:11:38] [INFO] Item at index 1 added to cart
[2026-06-08 15:11:38] [INFO] Navigating to: /
[2026-06-08 15:11:38] [INFO] Navigating to: /
[2026-06-08 15:11:39] [INFO] Navigating to: /
[2026-06-08 15:11:40] [INFO] Navigating to: /
[2026-06-08 15:11:41] [INFO] Page fully loaded (networkidle)
[2026-06-08 15:11:41] [INFO] LoginPage opened
[2026-06-08 15:11:41] [INFO] Attempting login with user: standard_user
[2026-06-08 15:11:41] [INFO] Login button clicked for user: standard_user
[2026-06-08 15:11:41] [INFO] Inventory page ready
[2026-06-08 15:11:41] [INFO] Sorting inventory by: za
[2026-06-08 15:11:42] [INFO] Navigating to: /
[2026-06-08 15:11:51] [INFO] Page fully loaded (networkidle)
[2026-06-08 15:11:51] [INFO] LoginPage opened
[2026-06-08 15:11:51] [INFO] Attempting login with user: standard_user
[2026-06-08 15:11:52] [INFO] Login button clicked for user: standard_user
[2026-06-08 15:11:52] [INFO] Inventory page ready
[2026-06-08 15:11:54] [INFO] Page fully loaded (networkidle)
[2026-06-08 15:11:54] [INFO] LoginPage opened
[2026-06-08 15:11:54] [INFO] Attempting login with user: standard_user
[2026-06-08 15:11:54] [INFO] Page fully loaded (networkidle)
[2026-06-08 15:11:54] [INFO] LoginPage opened
[2026-06-08 15:11:54] [INFO] Attempting login with user: standard_user
[2026-06-08 15:11:54] [INFO] Login button clicked for user: standard_user
[2026-06-08 15:11:54] [INFO] Inventory page ready
[2026-06-08 15:11:54] [INFO] Sorting inventory by: az
[2026-06-08 15:11:54] [INFO] Login button clicked for user: standard_user
[2026-06-08 15:11:55] [INFO] Inventory page ready
[2026-06-08 15:11:55] [INFO] Sorting inventory by: az
[2026-06-08 15:11:55] [INFO] Page fully loaded (networkidle)
[2026-06-08 15:11:55] [INFO] LoginPage opened
[2026-06-08 15:11:55] [INFO] Attempting login with user: standard_user
[2026-06-08 15:11:55] [INFO] Login button clicked for user: standard_user
[2026-06-08 15:11:55] [INFO] Inventory page ready
[2026-06-08 15:11:57] [INFO] Navigating to: /
[2026-06-08 15:11:58] [INFO] Navigating to: /
[2026-06-08 15:11:59] [INFO] Page fully loaded (networkidle)
[2026-06-08 15:11:59] [INFO] LoginPage opened
[2026-06-08 15:11:59] [INFO] Attempting login with user: standard_user
[2026-06-08 15:11:59] [INFO] Login button clicked for user: standard_user
[2026-06-08 15:11:59] [INFO] Inventory page ready
[2026-06-08 15:11:59] [INFO] Navigating to: /
[2026-06-08 15:12:00] [INFO] Navigating to: /
[2026-06-08 15:12:04] [INFO] Page fully loaded (networkidle)
[2026-06-08 15:12:04] [INFO] LoginPage opened
[2026-06-08 15:12:04] [INFO] Attempting login with user: locked_out_user
[2026-06-08 15:12:04] [INFO] Page fully loaded (networkidle)
[2026-06-08 15:12:04] [INFO] LoginPage opened
[2026-06-08 15:12:04] [INFO] Attempting login with user: wrong_user
[2026-06-08 15:12:04] [INFO] Login button clicked for user: locked_out_user
[2026-06-08 15:12:04] [INFO] Login button clicked for user: wrong_user
[2026-06-08 15:12:04] [INFO] Page fully loaded (networkidle)
[2026-06-08 15:12:04] [INFO] LoginPage opened
[2026-06-08 15:12:04] [INFO] Page fully loaded (networkidle)
[2026-06-08 15:12:04] [INFO] Page fully loaded (networkidle)
[2026-06-08 15:12:04] [INFO] LoginPage opened
[2026-06-08 15:12:04] [INFO] LoginPage opened
[2026-06-08 15:12:04] [INFO] Attempting login with user: locked_out_user
[2026-06-08 15:12:04] [INFO] Screenshot taken: login-page-baseline
[2026-06-08 15:12:04] [INFO] Page fully loaded (networkidle)
[2026-06-08 15:12:04] [INFO] LoginPage opened
[2026-06-08 15:12:04] [INFO] Attempting login with user: standard_user
[2026-06-08 15:12:04] [INFO] Screenshot taken: login-page-baseline
[2026-06-08 15:12:04] [INFO] Page fully loaded (networkidle)
[2026-06-08 15:12:04] [INFO] LoginPage opened
[2026-06-08 15:12:04] [INFO] Attempting login with user: wrong_user
[2026-06-08 15:12:04] [INFO] Login button clicked for user: locked_out_user
[2026-06-08 15:12:05] [INFO] Login button clicked for user: standard_user
[2026-06-08 15:12:05] [INFO] Inventory page ready
[2026-06-08 15:12:05] [INFO] Login button clicked for user: wrong_user
[2026-06-08 15:12:08] [INFO] Navigating to: /
[2026-06-08 15:12:08] [INFO] Navigating to: /
[2026-06-08 15:12:10] [INFO] Navigating to: /
[2026-06-08 15:12:10] [INFO] Navigating to: /
[2026-06-08 15:12:11] [INFO] Navigating to: /
[2026-06-08 15:12:13] [INFO] Navigating to: /
[2026-06-08 15:12:15] [INFO] Navigating to: /
[2026-06-08 15:12:15] [INFO] Navigating to: /
[2026-06-08 15:12:39] [INFO] Page fully loaded (networkidle)
[2026-06-08 15:12:39] [INFO] LoginPage opened
[2026-06-08 15:12:39] [INFO] Attempting login with user: standard_user
[2026-06-08 15:12:39] [INFO] Login button clicked for user: standard_user
[2026-06-08 15:12:39] [INFO] Inventory page ready
[2026-06-08 15:12:39] [INFO] Sorting inventory by: za
[2026-06-08 15:12:40] [INFO] Navigating to: /
[2026-06-08 15:12:40] [INFO] Page fully loaded (networkidle)
[2026-06-08 15:12:40] [INFO] LoginPage opened
[2026-06-08 15:12:40] [INFO] Attempting login with user: standard_user
[2026-06-08 15:12:40] [INFO] Login button clicked for user: standard_user
[2026-06-08 15:12:40] [INFO] Inventory page ready
[2026-06-08 15:12:40] [INFO] First item added to cart
[2026-06-08 15:12:41] [INFO] Navigating to: /
[2026-06-08 15:12:41] [INFO] Page fully loaded (networkidle)
[2026-06-08 15:12:41] [INFO] LoginPage opened
[2026-06-08 15:12:41] [INFO] Attempting login with user: standard_user
[2026-06-08 15:12:42] [INFO] Login button clicked for user: standard_user
[2026-06-08 15:12:42] [INFO] Inventory page ready
[2026-06-08 15:12:42] [INFO] Item at index 0 added to cart
[2026-06-08 15:12:43] [INFO] Item at index 1 added to cart
[2026-06-08 15:12:45] [INFO] Navigating to: /
[2026-06-08 15:12:46] [INFO] Page fully loaded (networkidle)
[2026-06-08 15:12:46] [INFO] LoginPage opened
[2026-06-08 15:12:46] [INFO] Attempting login with user: standard_user
[2026-06-08 15:12:47] [INFO] Login button clicked for user: standard_user
[2026-06-08 15:12:47] [INFO] Inventory page ready
[2026-06-08 15:12:47] [INFO] Sorting inventory by: az
[2026-06-08 15:12:48] [INFO] Navigating to: /
[2026-06-08 15:13:05] [INFO] Page fully loaded (networkidle)
[2026-06-08 15:13:05] [INFO] LoginPage opened
[2026-06-08 15:13:05] [INFO] Attempting login with user: wrong_user
[2026-06-08 15:13:05] [INFO] Navigating to: /
[2026-06-08 15:13:05] [INFO] Login button clicked for user: wrong_user
[2026-06-08 15:13:06] [INFO] Page fully loaded (networkidle)
[2026-06-08 15:13:06] [INFO] LoginPage opened
[2026-06-08 15:13:06] [INFO] Attempting login with user: standard_user
[2026-06-08 15:13:06] [INFO] Login button clicked for user: standard_user
[2026-06-08 15:13:06] [INFO] Inventory page ready
[2026-06-08 15:13:07] [INFO] Navigating to: /
[2026-06-08 15:13:13] [INFO] Navigating to: /
[2026-06-08 15:13:14] [INFO] Navigating to: /
[2026-06-08 15:13:14] [INFO] Navigating to: /
[2026-06-08 15:13:15] [INFO] Page fully loaded (networkidle)
[2026-06-08 15:13:15] [INFO] LoginPage opened
[2026-06-08 15:13:15] [INFO] Attempting login with user: locked_out_user
[2026-06-08 15:13:15] [INFO] Login button clicked for user: locked_out_user
[2026-06-08 15:13:16] [INFO] Navigating to: /
[2026-06-08 15:13:17] [INFO] Navigating to: /
[2026-06-08 15:13:17] [INFO] Navigating to: /
[2026-06-08 15:13:18] [INFO] Navigating to: /
[2026-06-08 15:13:18] [INFO] Navigating to: /
[2026-06-08 15:13:22] [INFO] Page fully loaded (networkidle)
[2026-06-08 15:13:22] [INFO] LoginPage opened
[2026-06-08 15:13:22] [INFO] Screenshot taken: login-page-baseline
[2026-06-08 15:13:23] [INFO] Navigating to: /
[2026-06-08 15:13:24] [INFO] Navigating to: /
[2026-06-08 15:13:27] [INFO] Page fully loaded (networkidle)
[2026-06-08 15:13:27] [INFO] LoginPage opened
[2026-06-08 15:13:27] [INFO] Attempting login with user: standard_user
[2026-06-08 15:13:28] [INFO] Login button clicked for user: standard_user
[2026-06-08 15:13:28] [INFO] Inventory page ready
[2026-06-08 15:13:29] [INFO] Navigating to: /
[2026-06-08 15:13:31] [INFO] Page fully loaded (networkidle)
[2026-06-08 15:13:31] [INFO] LoginPage opened
[2026-06-08 15:13:31] [INFO] Attempting login with user: wrong_user
[2026-06-08 15:13:31] [INFO] Login button clicked for user: wrong_user
[2026-06-08 15:13:33] [INFO] Navigating to: /
[2026-06-08 15:13:36] [INFO] Page fully loaded (networkidle)
[2026-06-08 15:13:36] [INFO] Page fully loaded (networkidle)
[2026-06-08 15:13:36] [INFO] LoginPage opened
[2026-06-08 15:13:36] [INFO] Attempting login with user: standard_user
[2026-06-08 15:13:36] [INFO] LoginPage opened
[2026-06-08 15:13:36] [INFO] Attempting login with user: standard_user
[2026-06-08 15:13:36] [INFO] Page fully loaded (networkidle)
[2026-06-08 15:13:36] [INFO] LoginPage opened
[2026-06-08 15:13:36] [INFO] Attempting login with user: standard_user
[2026-06-08 15:13:36] [INFO] Login button clicked for user: standard_user
[2026-06-08 15:13:36] [INFO] Login button clicked for user: standard_user
[2026-06-08 15:13:37] [INFO] Inventory page ready
[2026-06-08 15:13:37] [INFO] Sorting inventory by: az
[2026-06-08 15:13:37] [INFO] Inventory page ready
[2026-06-08 15:13:37] [INFO] Login button clicked for user: standard_user
[2026-06-08 15:13:37] [INFO] Inventory page ready
[2026-06-08 15:13:37] [INFO] Page fully loaded (networkidle)
[2026-06-08 15:13:37] [INFO] LoginPage opened
[2026-06-08 15:13:37] [INFO] Attempting login with user: standard_user
[2026-06-08 15:13:38] [INFO] Navigating to: /
[2026-06-08 15:13:38] [INFO] Item at index 0 added to cart
[2026-06-08 15:13:38] [INFO] Navigating to: /
[2026-06-08 15:13:38] [INFO] Login button clicked for user: standard_user
[2026-06-08 15:13:38] [INFO] Inventory page ready
[2026-06-08 15:13:38] [INFO] Sorting inventory by: za
[2026-06-08 15:13:38] [INFO] Item at index 1 added to cart
[2026-06-08 15:13:39] [INFO] Navigating to: /
[2026-06-08 15:13:39] [INFO] Page fully loaded (networkidle)
[2026-06-08 15:13:39] [INFO] LoginPage opened
[2026-06-08 15:13:39] [INFO] Attempting login with user: locked_out_user
[2026-06-08 15:13:39] [INFO] Login button clicked for user: locked_out_user
[2026-06-08 15:13:42] [INFO] Navigating to: /
[2026-06-08 15:13:43] [INFO] Page fully loaded (networkidle)
[2026-06-08 15:13:43] [INFO] LoginPage opened
[2026-06-08 15:13:43] [INFO] Attempting login with user: standard_user
[2026-06-08 15:13:43] [INFO] Login button clicked for user: standard_user
[2026-06-08 15:13:43] [INFO] Inventory page ready
[2026-06-08 15:13:43] [INFO] Sorting inventory by: az
[2026-06-08 15:13:44] [INFO] Navigating to: /
[2026-06-08 15:13:48] [INFO] Page fully loaded (networkidle)
[2026-06-08 15:13:48] [INFO] LoginPage opened
[2026-06-08 15:13:48] [INFO] Attempting login with user: standard_user
[2026-06-08 15:13:48] [INFO] Login button clicked for user: standard_user
[2026-06-08 15:13:48] [INFO] Inventory page ready
[2026-06-08 15:13:54] [INFO] Page fully loaded (networkidle)
[2026-06-08 15:13:54] [INFO] LoginPage opened
[2026-06-08 15:13:54] [INFO] Attempting login with user: wrong_user
[2026-06-08 15:13:54] [INFO] Page fully loaded (networkidle)
[2026-06-08 15:13:54] [INFO] LoginPage opened
[2026-06-08 15:13:54] [INFO] Attempting login with user: standard_user
[2026-06-08 15:13:54] [INFO] Login button clicked for user: wrong_user
[2026-06-08 15:13:55] [INFO] Login button clicked for user: standard_user
[2026-06-08 15:13:55] [INFO] Inventory page ready
[2026-06-08 15:13:55] [INFO] First item added to cart
[2026-06-08 15:13:55] [INFO] Page fully loaded (networkidle)
[2026-06-08 15:13:55] [INFO] LoginPage opened
[2026-06-08 15:13:55] [INFO] Attempting login with user: locked_out_user
[2026-06-08 15:13:55] [INFO] Navigating to: /
[2026-06-08 15:13:56] [INFO] Login button clicked for user: locked_out_user
[2026-06-08 15:13:57] [INFO] Navigating to: /
[2026-06-08 15:14:01] [INFO] Page fully loaded (networkidle)
[2026-06-08 15:14:01] [INFO] LoginPage opened
[2026-06-08 15:14:01] [INFO] Attempting login with user: standard_user
[2026-06-08 15:14:01] [INFO] Login button clicked for user: standard_user
[2026-06-08 15:14:01] [INFO] Inventory page ready
[2026-06-08 15:14:02] [INFO] First item added to cart
[2026-06-08 15:14:10] [INFO] Page fully loaded (networkidle)
[2026-06-08 15:14:10] [INFO] Page fully loaded (networkidle)
[2026-06-08 15:14:10] [INFO] LoginPage opened
[2026-06-08 15:14:10] [INFO] LoginPage opened
[2026-06-08 15:14:10] [INFO] Screenshot taken: login-page-baseline
[2026-06-08 15:14:10] [INFO] Attempting login with user: standard_user
[2026-06-08 15:14:10] [INFO] Login button clicked for user: standard_user
[2026-06-08 15:14:10] [INFO] Inventory page ready
[2026-06-08 15:14:15] [INFO] Navigating to: /
[2026-06-08 15:14:19] [INFO] Page fully loaded (networkidle)
[2026-06-08 15:14:19] [INFO] LoginPage opened
[2026-06-08 15:14:19] [INFO] Attempting login with user: standard_user
[2026-06-08 15:14:19] [INFO] Login button clicked for user: standard_user
[2026-06-08 15:14:19] [INFO] Inventory page ready
[2026-06-08 15:14:19] [INFO] Sorting inventory by: za
[2026-06-08 15:14:20] [INFO] Navigating to: /
[2026-06-08 15:14:24] [INFO] Page fully loaded (networkidle)
[2026-06-08 15:14:24] [INFO] LoginPage opened
[2026-06-08 15:14:24] [INFO] Attempting login with user: standard_user
[2026-06-08 15:14:25] [INFO] Login button clicked for user: standard_user
[2026-06-08 15:14:25] [INFO] Inventory page ready
[2026-06-08 15:14:25] [INFO] Item at index 0 added to cart
[2026-06-08 15:14:26] [INFO] Item at index 1 added to cart
[2026-06-08 15:14:29] [INFO] Navigating to: /
[2026-06-08 15:14:32] [INFO] Navigating to: /
[2026-06-08 15:14:32] [INFO] Navigating to: /
[2026-06-08 15:14:32] [INFO] Navigating to: /
[2026-06-08 15:14:32] [INFO] Navigating to: /
[2026-06-08 15:14:32] [INFO] Navigating to: /
[2026-06-08 15:14:32] [INFO] Navigating to: /
[2026-06-08 15:15:03] [INFO] Page fully loaded (networkidle)
[2026-06-08 15:15:03] [INFO] LoginPage opened
[2026-06-08 15:15:04] [INFO] Screenshot taken: login-page-baseline
[2026-06-08 15:15:16] [INFO] Page fully loaded (networkidle)
[2026-06-08 15:15:16] [INFO] LoginPage opened
[2026-06-08 15:15:16] [INFO] Attempting login with user: standard_user
[2026-06-08 15:15:16] [INFO] Login button clicked for user: standard_user
[2026-06-08 15:15:16] [INFO] Inventory page ready
[2026-06-08 15:15:17] [INFO] Sorting inventory by: za
[2026-06-08 15:15:17] [INFO] Page fully loaded (networkidle)
[2026-06-08 15:15:17] [INFO] LoginPage opened
[2026-06-08 15:15:17] [INFO] Attempting login with user: standard_user
[2026-06-08 15:15:17] [INFO] Login button clicked for user: standard_user
[2026-06-08 15:15:17] [INFO] Page fully loaded (networkidle)
[2026-06-08 15:15:17] [INFO] LoginPage opened
[2026-06-08 15:15:17] [INFO] Attempting login with user: standard_user
[2026-06-08 15:15:17] [INFO] Inventory page ready
[2026-06-08 15:15:17] [INFO] Login button clicked for user: standard_user
[2026-06-08 15:15:17] [INFO] Inventory page ready
[2026-06-08 15:15:17] [INFO] Page fully loaded (networkidle)
[2026-06-08 15:15:17] [INFO] LoginPage opened
[2026-06-08 15:15:17] [INFO] Attempting login with user: standard_user
[2026-06-08 15:15:17] [INFO] Sorting inventory by: az
[2026-06-08 15:15:17] [INFO] Login button clicked for user: standard_user
[2026-06-08 15:15:17] [INFO] Inventory page ready
[2026-06-08 15:15:17] [INFO] First item added to cart
[2026-06-08 15:15:17] [INFO] Navigating to: /
[2026-06-08 15:15:17] [INFO] Navigating to: /
[2026-06-08 15:15:17] [INFO] Navigating to: /
[2026-06-08 15:15:17] [INFO] Navigating to: /
[2026-06-08 15:15:24] [INFO] Page fully loaded (networkidle)
[2026-06-08 15:15:24] [INFO] LoginPage opened
[2026-06-08 15:15:24] [INFO] Attempting login with user: standard_user
[2026-06-08 15:15:24] [INFO] Login button clicked for user: standard_user
[2026-06-08 15:15:24] [INFO] Inventory page ready
[2026-06-08 15:15:24] [INFO] Item at index 0 added to cart
[2026-06-08 15:15:25] [INFO] Item at index 1 added to cart
[2026-06-08 15:15:28] [INFO] Navigating to: /
[2026-06-08 15:15:42] [INFO] Navigating to: /
[2026-06-08 15:16:02] [INFO] Page fully loaded (networkidle)
[2026-06-08 15:16:02] [INFO] LoginPage opened
[2026-06-08 15:16:02] [INFO] Attempting login with user: standard_user
[2026-06-08 15:16:02] [INFO] Login button clicked for user: standard_user
[2026-06-08 15:16:02] [INFO] Inventory page ready
[2026-06-08 15:16:02] [INFO] Page fully loaded (networkidle)
[2026-06-08 15:16:02] [INFO] LoginPage opened
[2026-06-08 15:16:02] [INFO] Screenshot taken: login-page-baseline
[2026-06-08 15:16:03] [INFO] Page fully loaded (networkidle)
[2026-06-08 15:16:03] [INFO] LoginPage opened
[2026-06-08 15:16:03] [INFO] Attempting login with user: locked_out_user
[2026-06-08 15:16:03] [INFO] Login button clicked for user: locked_out_user
[2026-06-08 15:16:05] [INFO] Navigating to: /
[2026-06-08 15:16:05] [INFO] Navigating to: /
[2026-06-08 15:16:06] [INFO] Page fully loaded (networkidle)
[2026-06-08 15:16:06] [INFO] LoginPage opened
[2026-06-08 15:16:06] [INFO] Attempting login with user: wrong_user
[2026-06-08 15:16:06] [INFO] Login button clicked for user: wrong_user
[2026-06-08 15:16:06] [INFO] Navigating to: /
[2026-06-08 15:16:07] [INFO] Page fully loaded (networkidle)
[2026-06-08 15:16:07] [INFO] LoginPage opened
[2026-06-08 15:16:07] [INFO] Attempting login with user: standard_user
[2026-06-08 15:16:07] [INFO] Login button clicked for user: standard_user
[2026-06-08 15:16:08] [INFO] Inventory page ready
[2026-06-08 15:16:08] [INFO] Sorting inventory by: az
[2026-06-08 15:16:08] [INFO] Navigating to: /
[2026-06-08 15:16:09] [INFO] Navigating to: /
[2026-06-08 15:16:21] [INFO] Page fully loaded (networkidle)
[2026-06-08 15:16:21] [INFO] LoginPage opened
[2026-06-08 15:16:21] [INFO] Attempting login with user: standard_user
[2026-06-08 15:16:21] [INFO] Login button clicked for user: standard_user
[2026-06-08 15:16:21] [INFO] Inventory page ready
[2026-06-08 15:16:21] [INFO] Navigating to: /
[2026-06-08 15:16:27] [INFO] Page fully loaded (networkidle)
[2026-06-08 15:16:27] [INFO] LoginPage opened
[2026-06-08 15:16:27] [INFO] Attempting login with user: standard_user
[2026-06-08 15:16:28] [INFO] Login button clicked for user: standard_user
[2026-06-08 15:16:28] [INFO] Inventory page ready
[2026-06-08 15:16:28] [INFO] Sorting inventory by: za
[2026-06-08 15:16:28] [INFO] Navigating to: /
[2026-06-08 15:16:30] [INFO] Page fully loaded (networkidle)
[2026-06-08 15:16:30] [INFO] LoginPage opened
[2026-06-08 15:16:30] [INFO] Attempting login with user: standard_user
[2026-06-08 15:16:31] [INFO] Login button clicked for user: standard_user
[2026-06-08 15:16:31] [INFO] Inventory page ready
[2026-06-08 15:16:32] [INFO] Logged out
[2026-06-08 15:16:32] [INFO] Navigating to: /
[2026-06-08 15:16:32] [INFO] Page fully loaded (networkidle)
[2026-06-08 15:16:32] [INFO] LoginPage opened
[2026-06-08 15:16:32] [INFO] Attempting login with user: standard_user
[2026-06-08 15:16:32] [INFO] Login button clicked for user: standard_user
[2026-06-08 15:16:32] [INFO] Inventory page ready
[2026-06-08 15:16:32] [INFO] Page fully loaded (networkidle)
[2026-06-08 15:16:32] [INFO] LoginPage opened
[2026-06-08 15:16:32] [INFO] Attempting login with user: standard_user
[2026-06-08 15:16:33] [INFO] Login button clicked for user: standard_user
[2026-06-08 15:16:33] [INFO] Inventory page ready
[2026-06-08 15:16:33] [INFO] First item added to cart
[2026-06-08 15:16:33] [INFO] Item at index 0 added to cart
[2026-06-08 15:16:34] [INFO] Item at index 1 added to cart
[2026-06-08 15:16:34] [INFO] Navigating to: /
[2026-06-08 15:16:36] [INFO] Page fully loaded (networkidle)
[2026-06-08 15:16:36] [INFO] LoginPage opened
[2026-06-08 15:16:36] [INFO] Attempting login with user: standard_user
[2026-06-08 15:16:36] [INFO] Login button clicked for user: standard_user
[2026-06-08 15:16:36] [INFO] Inventory page ready
[2026-06-08 15:16:37] [INFO] Navigating to: /
[2026-06-08 15:16:37] [INFO] Navigating to: /
[2026-06-08 15:16:48] [INFO] Page fully loaded (networkidle)
[2026-06-08 15:16:48] [INFO] LoginPage opened
[2026-06-08 15:16:48] [INFO] Attempting login with user: locked_out_user
[2026-06-08 15:16:48] [INFO] Login button clicked for user: locked_out_user
[2026-06-08 15:16:49] [INFO] Navigating to: /
[2026-06-08 15:16:53] [INFO] Page fully loaded (networkidle)
[2026-06-08 15:16:53] [INFO] LoginPage opened
[2026-06-08 15:16:53] [INFO] Attempting login with user: standard_user
[2026-06-08 15:16:53] [INFO] Login button clicked for user: standard_user
[2026-06-08 15:16:53] [INFO] Inventory page ready
[2026-06-08 15:16:54] [INFO] Navigating to: /
[2026-06-08 15:16:54] [INFO] Page fully loaded (networkidle)
[2026-06-08 15:16:54] [INFO] LoginPage opened
[2026-06-08 15:16:54] [INFO] Attempting login with user: wrong_user
[2026-06-08 15:16:54] [INFO] Login button clicked for user: wrong_user
[2026-06-08 15:16:55] [INFO] Navigating to: /
[2026-06-08 15:16:59] [INFO] Page fully loaded (networkidle)
[2026-06-08 15:16:59] [INFO] LoginPage opened
[2026-06-08 15:16:59] [INFO] Attempting login with user: standard_user
[2026-06-08 15:16:59] [INFO] Login button clicked for user: standard_user
[2026-06-08 15:16:59] [INFO] Inventory page ready
[2026-06-08 15:16:59] [INFO] Sorting inventory by: za
[2026-06-08 15:17:00] [INFO] Navigating to: /
[2026-06-08 15:17:01] [INFO] Page fully loaded (networkidle)
[2026-06-08 15:17:01] [INFO] LoginPage opened
[2026-06-08 15:17:01] [INFO] Screenshot taken: login-page-baseline
[2026-06-08 15:17:02] [INFO] Navigating to: /
[2026-06-08 15:17:06] [INFO] Page fully loaded (networkidle)
[2026-06-08 15:17:06] [INFO] LoginPage opened
[2026-06-08 15:17:06] [INFO] Attempting login with user: standard_user
[2026-06-08 15:17:06] [INFO] Login button clicked for user: standard_user
[2026-06-08 15:17:06] [INFO] Inventory page ready
[2026-06-08 15:17:06] [INFO] Sorting inventory by: az
[2026-06-08 15:17:07] [INFO] Navigating to: /
[2026-06-08 15:17:11] [INFO] Page fully loaded (networkidle)
[2026-06-08 15:17:11] [INFO] LoginPage opened
[2026-06-08 15:17:11] [INFO] Attempting login with user: standard_user
[2026-06-08 15:17:11] [INFO] Login button clicked for user: standard_user
[2026-06-08 15:17:11] [INFO] Inventory page ready
[2026-06-08 15:17:12] [INFO] Item at index 0 added to cart
[2026-06-08 15:17:12] [INFO] Item at index 1 added to cart
[2026-06-08 15:17:15] [INFO] Page fully loaded (networkidle)
[2026-06-08 15:17:15] [INFO] LoginPage opened
[2026-06-08 15:17:15] [INFO] Attempting login with user: standard_user
[2026-06-08 15:17:15] [INFO] Login button clicked for user: standard_user
[2026-06-08 15:17:15] [INFO] Inventory page ready
[2026-06-08 15:17:15] [INFO] First item added to cart
[2026-06-08 15:17:15] [INFO] Navigating to: /
[2026-06-08 15:17:18] [INFO] Page fully loaded (networkidle)
[2026-06-08 15:17:18] [INFO] LoginPage opened
[2026-06-08 15:17:18] [INFO] Attempting login with user: standard_user
[2026-06-08 15:17:18] [INFO] Login button clicked for user: standard_user
[2026-06-08 15:17:18] [INFO] Inventory page ready
[2026-06-08 15:17:20] [INFO] Page fully loaded (networkidle)
[2026-06-08 15:17:20] [INFO] LoginPage opened
[2026-06-08 15:17:20] [INFO] Attempting login with user: standard_user
[2026-06-08 15:17:20] [INFO] Login button clicked for user: standard_user
[2026-06-08 15:17:20] [INFO] Inventory page ready
[2026-06-08 15:17:21] [INFO] Logged out
[2026-06-08 15:17:23] [INFO] Page fully loaded (networkidle)
[2026-06-08 15:17:23] [INFO] Page fully loaded (networkidle)
[2026-06-08 15:17:23] [INFO] LoginPage opened
[2026-06-08 15:17:23] [INFO] Attempting login with user: locked_out_user
[2026-06-08 15:17:23] [INFO] LoginPage opened
[2026-06-08 15:17:23] [INFO] Attempting login with user: wrong_user
[2026-06-08 15:17:24] [INFO] Login button clicked for user: locked_out_user
[2026-06-08 15:17:24] [INFO] Login button clicked for user: wrong_user
[2026-06-08 15:17:24] [INFO] Page fully loaded (networkidle)
[2026-06-08 15:17:24] [INFO] LoginPage opened
[2026-06-08 15:17:24] [INFO] Screenshot taken: login-page-baseline
[2026-06-08 15:20:23] [INFO] Navigating to: /
[2026-06-08 15:20:23] [INFO] Navigating to: /
[2026-06-08 15:20:23] [INFO] Navigating to: /
[2026-06-08 15:20:23] [INFO] Navigating to: /
[2026-06-08 15:20:23] [INFO] Navigating to: /
[2026-06-08 15:20:23] [INFO] Navigating to: /
[2026-06-08 15:20:25] [INFO] Page fully loaded (networkidle)
[2026-06-08 15:20:25] [INFO] LoginPage opened
[2026-06-08 15:20:25] [INFO] Attempting login with user: standard_user
[2026-06-08 15:20:25] [INFO] Page fully loaded (networkidle)
[2026-06-08 15:20:25] [INFO] LoginPage opened
[2026-06-08 15:20:25] [INFO] Attempting login with user: standard_user
[2026-06-08 15:20:25] [INFO] Page fully loaded (networkidle)
[2026-06-08 15:20:25] [INFO] Page fully loaded (networkidle)
[2026-06-08 15:20:25] [INFO] LoginPage opened
[2026-06-08 15:20:25] [INFO] LoginPage opened
[2026-06-08 15:20:25] [INFO] Attempting login with user: standard_user
[2026-06-08 15:20:25] [INFO] Attempting login with user: standard_user
[2026-06-08 15:20:25] [INFO] Page fully loaded (networkidle)
[2026-06-08 15:20:25] [INFO] LoginPage opened
[2026-06-08 15:20:25] [INFO] Attempting login with user: standard_user
[2026-06-08 15:20:25] [INFO] Login button clicked for user: standard_user
[2026-06-08 15:20:25] [INFO] Inventory page ready
[2026-06-08 15:20:25] [INFO] Login button clicked for user: standard_user
[2026-06-08 15:20:26] [INFO] Login button clicked for user: standard_user
[2026-06-08 15:20:26] [INFO] Inventory page ready
[2026-06-08 15:20:26] [INFO] Inventory page ready
[2026-06-08 15:20:26] [INFO] Login button clicked for user: standard_user
[2026-06-08 15:20:26] [INFO] Login button clicked for user: standard_user
[2026-06-08 15:20:26] [INFO] Inventory page ready
[2026-06-08 15:20:26] [INFO] Inventory page ready
[2026-06-08 15:20:26] [INFO] Sorting inventory by: az
[2026-06-08 15:20:26] [INFO] First item added to cart
[2026-06-08 15:20:26] [INFO] Sorting inventory by: za
[2026-06-08 15:20:26] [INFO] Navigating to: /
[2026-06-08 15:20:26] [INFO] Navigating to: /
[2026-06-08 15:20:26] [INFO] Item at index 0 added to cart
[2026-06-08 15:20:26] [INFO] Navigating to: /
[2026-06-08 15:20:26] [INFO] Navigating to: /
[2026-06-08 15:20:27] [INFO] Item at index 1 added to cart
[2026-06-08 15:20:28] [INFO] Page fully loaded (networkidle)
[2026-06-08 15:20:28] [INFO] LoginPage opened
[2026-06-08 15:20:28] [INFO] Attempting login with user: standard_user
[2026-06-08 15:20:28] [INFO] Login button clicked for user: standard_user
[2026-06-08 15:20:28] [INFO] Inventory page ready
[2026-06-08 15:20:30] [INFO] Navigating to: /
[2026-06-08 15:20:31] [INFO] Page fully loaded (networkidle)
[2026-06-08 15:20:31] [INFO] LoginPage opened
[2026-06-08 15:20:31] [INFO] Attempting login with user: locked_out_user
[2026-06-08 15:20:31] [INFO] Login button clicked for user: locked_out_user
[2026-06-08 15:20:31] [INFO] Navigating to: /
[2026-06-08 15:20:32] [INFO] Page fully loaded (networkidle)
[2026-06-08 15:20:32] [INFO] LoginPage opened
[2026-06-08 15:20:32] [INFO] Attempting login with user: standard_user
[2026-06-08 15:20:32] [INFO] Login button clicked for user: standard_user
[2026-06-08 15:20:32] [INFO] Inventory page ready
[2026-06-08 15:20:33] [INFO] Navigating to: /
[2026-06-08 15:20:33] [INFO] Navigating to: /
[2026-06-08 15:20:33] [INFO] Page fully loaded (networkidle)
[2026-06-08 15:20:33] [INFO] LoginPage opened
[2026-06-08 15:20:33] [INFO] Attempting login with user: standard_user
[2026-06-08 15:20:33] [INFO] Login button clicked for user: standard_user
[2026-06-08 15:20:33] [INFO] Inventory page ready
[2026-06-08 15:20:33] [INFO] Sorting inventory by: az
[2026-06-08 15:20:34] [INFO] Navigating to: /
[2026-06-08 15:20:35] [INFO] Page fully loaded (networkidle)
[2026-06-08 15:20:35] [INFO] LoginPage opened
[2026-06-08 15:20:35] [INFO] Attempting login with user: standard_user
[2026-06-08 15:20:35] [INFO] Login button clicked for user: standard_user
[2026-06-08 15:20:35] [INFO] Inventory page ready
[2026-06-08 15:20:35] [INFO] First item added to cart
[2026-06-08 15:20:35] [INFO] Page fully loaded (networkidle)
[2026-06-08 15:20:35] [INFO] LoginPage opened
[2026-06-08 15:20:35] [INFO] Attempting login with user: standard_user
[2026-06-08 15:20:35] [INFO] Navigating to: /
[2026-06-08 15:20:35] [INFO] Login button clicked for user: standard_user
[2026-06-08 15:20:35] [INFO] Inventory page ready
[2026-06-08 15:20:35] [INFO] Sorting inventory by: za
[2026-06-08 15:20:36] [INFO] Page fully loaded (networkidle)
[2026-06-08 15:20:36] [INFO] LoginPage opened
[2026-06-08 15:20:36] [INFO] Attempting login with user: standard_user
[2026-06-08 15:20:36] [INFO] Login button clicked for user: standard_user
[2026-06-08 15:20:36] [INFO] Inventory page ready
[2026-06-08 15:20:36] [INFO] Navigating to: /
[2026-06-08 15:20:36] [INFO] Item at index 0 added to cart
[2026-06-08 15:20:37] [INFO] Item at index 1 added to cart
[2026-06-08 15:20:39] [INFO] Page fully loaded (networkidle)
[2026-06-08 15:20:39] [INFO] LoginPage opened
[2026-06-08 15:20:39] [INFO] Attempting login with user: standard_user
[2026-06-08 15:20:39] [INFO] Login button clicked for user: standard_user
[2026-06-08 15:20:39] [INFO] Inventory page ready
[2026-06-08 15:20:39] [INFO] Navigating to: /
[2026-06-08 15:20:40] [INFO] Logged out
[2026-06-08 15:20:41] [INFO] Navigating to: /
[2026-06-08 15:20:42] [INFO] Page fully loaded (networkidle)
[2026-06-08 15:20:42] [INFO] LoginPage opened
[2026-06-08 15:20:42] [INFO] Screenshot taken: login-page-baseline
[2026-06-08 15:20:44] [INFO] Navigating to: /
[2026-06-08 15:20:48] [INFO] Page fully loaded (networkidle)
[2026-06-08 15:20:48] [INFO] LoginPage opened
[2026-06-08 15:20:48] [INFO] Attempting login with user: wrong_user
[2026-06-08 15:20:48] [INFO] Login button clicked for user: wrong_user
[2026-06-08 15:20:50] [INFO] Navigating to: /
[2026-06-08 15:20:54] [INFO] Page fully loaded (networkidle)
[2026-06-08 15:20:54] [INFO] LoginPage opened
[2026-06-08 15:20:54] [INFO] Attempting login with user: standard_user
[2026-06-08 15:20:54] [INFO] Login button clicked for user: standard_user
[2026-06-08 15:20:54] [INFO] Inventory page ready
[2026-06-08 15:20:55] [INFO] Navigating to: /
[2026-06-08 15:20:57] [INFO] Page fully loaded (networkidle)
[2026-06-08 15:20:57] [INFO] LoginPage opened
[2026-06-08 15:20:57] [INFO] Attempting login with user: wrong_user
[2026-06-08 15:20:57] [INFO] Login button clicked for user: wrong_user
[2026-06-08 15:20:58] [INFO] Page fully loaded (networkidle)
[2026-06-08 15:20:58] [INFO] LoginPage opened
[2026-06-08 15:20:58] [INFO] Attempting login with user: locked_out_user
[2026-06-08 15:20:58] [INFO] Login button clicked for user: locked_out_user
[2026-06-08 15:20:58] [INFO] Navigating to: /
[2026-06-08 15:20:59] [INFO] Navigating to: /
[2026-06-08 15:21:01] [INFO] Page fully loaded (networkidle)
[2026-06-08 15:21:01] [INFO] LoginPage opened
[2026-06-08 15:21:01] [INFO] Attempting login with user: standard_user
[2026-06-08 15:21:01] [INFO] Login button clicked for user: standard_user
[2026-06-08 15:21:01] [INFO] Inventory page ready
[2026-06-08 15:21:02] [INFO] Logged out
[2026-06-08 15:21:02] [INFO] Page fully loaded (networkidle)
[2026-06-08 15:21:02] [INFO] LoginPage opened
[2026-06-08 15:21:02] [INFO] Screenshot taken: login-page-baseline
[2026-06-08 15:21:03] [INFO] Navigating to: /
[2026-06-08 15:21:03] [INFO] Navigating to: /
[2026-06-08 15:21:06] [INFO] Page fully loaded (networkidle)
[2026-06-08 15:21:06] [INFO] LoginPage opened
[2026-06-08 15:21:06] [INFO] Attempting login with user: standard_user
[2026-06-08 15:21:06] [INFO] Login button clicked for user: standard_user
[2026-06-08 15:21:06] [INFO] Inventory page ready
[2026-06-08 15:21:07] [INFO] Navigating to: /
[2026-06-08 15:21:11] [INFO] Page fully loaded (networkidle)
[2026-06-08 15:21:11] [INFO] LoginPage opened
[2026-06-08 15:21:11] [INFO] Attempting login with user: standard_user
[2026-06-08 15:21:12] [INFO] Login button clicked for user: standard_user
[2026-06-08 15:21:12] [INFO] Inventory page ready
[2026-06-08 15:21:12] [INFO] Sorting inventory by: az
[2026-06-08 15:21:12] [INFO] Navigating to: /
[2026-06-08 15:21:19] [INFO] Page fully loaded (networkidle)
[2026-06-08 15:21:19] [INFO] LoginPage opened
[2026-06-08 15:21:19] [INFO] Attempting login with user: standard_user
[2026-06-08 15:21:19] [INFO] Page fully loaded (networkidle)
[2026-06-08 15:21:19] [INFO] LoginPage opened
[2026-06-08 15:21:19] [INFO] Attempting login with user: standard_user
[2026-06-08 15:21:19] [INFO] Login button clicked for user: standard_user
[2026-06-08 15:21:19] [INFO] Inventory page ready
[2026-06-08 15:21:20] [INFO] Login button clicked for user: standard_user
[2026-06-08 15:21:20] [INFO] Inventory page ready
[2026-06-08 15:21:20] [INFO] Logged out
[2026-06-08 15:21:20] [INFO] Item at index 0 added to cart
[2026-06-08 15:21:20] [INFO] Page fully loaded (networkidle)
[2026-06-08 15:21:20] [INFO] LoginPage opened
[2026-06-08 15:21:20] [INFO] Attempting login with user: standard_user
[2026-06-08 15:21:21] [INFO] Page fully loaded (networkidle)
[2026-06-08 15:21:21] [INFO] LoginPage opened
[2026-06-08 15:21:21] [INFO] Attempting login with user: standard_user
[2026-06-08 15:21:21] [INFO] Navigating to: /
[2026-06-08 15:21:21] [INFO] Login button clicked for user: standard_user
[2026-06-08 15:21:21] [INFO] Inventory page ready
[2026-06-08 15:21:21] [INFO] Sorting inventory by: za
[2026-06-08 15:21:21] [INFO] Login button clicked for user: standard_user
[2026-06-08 15:21:21] [INFO] Inventory page ready
[2026-06-08 15:21:21] [INFO] Item at index 1 added to cart
[2026-06-08 15:21:21] [INFO] First item added to cart
[2026-06-08 15:21:22] [INFO] Navigating to: /
[2026-06-08 15:21:22] [INFO] Page fully loaded (networkidle)
[2026-06-08 15:21:22] [INFO] LoginPage opened
[2026-06-08 15:21:23] [INFO] Attempting login with user: standard_user
[2026-06-08 15:21:23] [INFO] Login button clicked for user: standard_user
[2026-06-08 15:21:23] [INFO] Inventory page ready
[2026-06-08 15:21:28] [INFO] Page fully loaded (networkidle)
[2026-06-08 15:21:28] [INFO] LoginPage opened
[2026-06-08 15:21:28] [INFO] Attempting login with user: wrong_user
[2026-06-08 15:21:28] [INFO] Login button clicked for user: wrong_user
[2026-06-08 15:21:37] [INFO] Page fully loaded (networkidle)
[2026-06-08 15:21:37] [INFO] LoginPage opened
[2026-06-08 15:21:37] [INFO] Attempting login with user: locked_out_user
[2026-06-08 15:21:37] [INFO] Login button clicked for user: locked_out_user
[2026-06-08 15:21:38] [INFO] Page fully loaded (networkidle)
[2026-06-08 15:21:38] [INFO] LoginPage opened
[2026-06-08 15:21:38] [INFO] Screenshot taken: login-page-baseline
[2026-06-08 15:22:07] [INFO] Navigating to: /
[2026-06-08 15:22:07] [INFO] Navigating to: /
[2026-06-08 15:22:07] [INFO] Navigating to: /
[2026-06-08 15:22:07] [INFO] Navigating to: /
[2026-06-08 15:22:07] [INFO] Navigating to: /
[2026-06-08 15:22:07] [INFO] Navigating to: /
[2026-06-08 15:22:23] [INFO] Page fully loaded (networkidle)
[2026-06-08 15:22:23] [INFO] LoginPage opened
[2026-06-08 15:22:23] [INFO] Attempting login with user: standard_user
[2026-06-08 15:22:23] [INFO] Page fully loaded (networkidle)
[2026-06-08 15:22:23] [INFO] Page fully loaded (networkidle)
[2026-06-08 15:22:23] [INFO] Page fully loaded (networkidle)
[2026-06-08 15:22:23] [INFO] Page fully loaded (networkidle)
[2026-06-08 15:22:23] [INFO] LoginPage opened
[2026-06-08 15:22:23] [INFO] LoginPage opened
[2026-06-08 15:22:23] [INFO] Attempting login with user: standard_user
[2026-06-08 15:22:23] [INFO] Attempting login with user: standard_user
[2026-06-08 15:22:23] [INFO] LoginPage opened
[2026-06-08 15:22:23] [INFO] Attempting login with user: standard_user
[2026-06-08 15:22:23] [INFO] LoginPage opened
[2026-06-08 15:22:23] [INFO] Attempting login with user: standard_user
[2026-06-08 15:22:23] [INFO] Page fully loaded (networkidle)
[2026-06-08 15:22:23] [INFO] LoginPage opened
[2026-06-08 15:22:23] [INFO] Attempting login with user: standard_user
[2026-06-08 15:22:23] [INFO] Login button clicked for user: standard_user
[2026-06-08 15:22:23] [INFO] Login button clicked for user: standard_user
[2026-06-08 15:22:23] [INFO] Login button clicked for user: standard_user
[2026-06-08 15:22:23] [INFO] Login button clicked for user: standard_user
[2026-06-08 15:22:23] [INFO] Inventory page ready
[2026-06-08 15:22:23] [INFO] Inventory page ready
[2026-06-08 15:22:23] [INFO] Inventory page ready
[2026-06-08 15:22:23] [INFO] Login button clicked for user: standard_user
[2026-06-08 15:22:23] [INFO] Inventory page ready
[2026-06-08 15:22:23] [INFO] Login button clicked for user: standard_user
[2026-06-08 15:22:23] [INFO] Sorting inventory by: za
[2026-06-08 15:22:23] [INFO] Inventory page ready
[2026-06-08 15:22:23] [INFO] Inventory page ready
[2026-06-08 15:22:24] [INFO] Sorting inventory by: az
[2026-06-08 15:22:24] [INFO] First item added to cart
[2026-06-08 15:22:24] [INFO] Item at index 0 added to cart
[2026-06-08 15:22:25] [INFO] Logged out
[2026-06-08 15:22:25] [INFO] Navigating to: /
[2026-06-08 15:22:25] [INFO] Item at index 1 added to cart
[2026-06-08 15:22:25] [INFO] Navigating to: /
[2026-06-08 15:22:25] [INFO] Navigating to: /
[2026-06-08 15:22:25] [INFO] Navigating to: /
[2026-06-08 15:22:26] [INFO] Navigating to: /
[2026-06-08 15:22:29] [INFO] Navigating to: /
[2026-06-08 15:22:34] [INFO] Page fully loaded (networkidle)
[2026-06-08 15:22:34] [INFO] LoginPage opened
[2026-06-08 15:22:34] [INFO] Attempting login with user: wrong_user
[2026-06-08 15:22:34] [INFO] Login button clicked for user: wrong_user
[2026-06-08 15:22:34] [INFO] Page fully loaded (networkidle)
[2026-06-08 15:22:34] [INFO] LoginPage opened
[2026-06-08 15:22:34] [INFO] Attempting login with user: standard_user
[2026-06-08 15:22:34] [INFO] Login button clicked for user: standard_user
[2026-06-08 15:22:34] [INFO] Inventory page ready
[2026-06-08 15:22:34] [INFO] Page fully loaded (networkidle)
[2026-06-08 15:22:34] [INFO] LoginPage opened
[2026-06-08 15:22:34] [INFO] Attempting login with user: locked_out_user
[2026-06-08 15:22:34] [INFO] Login button clicked for user: locked_out_user
[2026-06-08 15:22:34] [INFO] Page fully loaded (networkidle)
[2026-06-08 15:22:34] [INFO] LoginPage opened
[2026-06-08 15:22:34] [INFO] Screenshot taken: login-page-baseline
[2026-06-08 15:22:37] [INFO] Navigating to: /
[2026-06-08 15:22:37] [INFO] Navigating to: /
[2026-06-08 15:22:38] [INFO] Navigating to: /
[2026-06-08 15:22:39] [INFO] Navigating to: /
[2026-06-08 15:22:45] [INFO] Page fully loaded (networkidle)
[2026-06-08 15:22:45] [INFO] LoginPage opened
[2026-06-08 15:22:45] [INFO] Attempting login with user: standard_user
[2026-06-08 15:22:45] [INFO] Login button clicked for user: standard_user
[2026-06-08 15:22:45] [INFO] Inventory page ready
[2026-06-08 15:22:45] [INFO] Navigating to: /
[2026-06-08 15:22:45] [INFO] Page fully loaded (networkidle)
[2026-06-08 15:22:45] [INFO] LoginPage opened
[2026-06-08 15:22:45] [INFO] Attempting login with user: standard_user
[2026-06-08 15:22:46] [INFO] Login button clicked for user: standard_user
[2026-06-08 15:22:46] [INFO] Inventory page ready
[2026-06-08 15:22:46] [INFO] Sorting inventory by: az
[2026-06-08 15:22:46] [INFO] Navigating to: /
[2026-06-08 15:22:52] [INFO] Page fully loaded (networkidle)
[2026-06-08 15:22:52] [INFO] LoginPage opened
[2026-06-08 15:22:52] [INFO] Attempting login with user: standard_user
[2026-06-08 15:22:52] [INFO] Login button clicked for user: standard_user
[2026-06-08 15:22:52] [INFO] Inventory page ready
[2026-06-08 15:22:53] [INFO] Page fully loaded (networkidle)
[2026-06-08 15:22:53] [INFO] LoginPage opened
[2026-06-08 15:22:53] [INFO] Attempting login with user: standard_user
[2026-06-08 15:22:53] [INFO] Login button clicked for user: standard_user
[2026-06-08 15:22:53] [INFO] Inventory page ready
[2026-06-08 15:22:53] [INFO] Logged out
[2026-06-08 15:22:53] [INFO] Navigating to: /
[2026-06-08 15:22:54] [INFO] Navigating to: /
[2026-06-08 15:22:54] [INFO] Page fully loaded (networkidle)
[2026-06-08 15:22:54] [INFO] LoginPage opened
[2026-06-08 15:22:54] [INFO] Attempting login with user: standard_user
[2026-06-08 15:22:54] [INFO] Login button clicked for user: standard_user
[2026-06-08 15:22:54] [INFO] Inventory page ready
[2026-06-08 15:22:54] [INFO] Sorting inventory by: za
[2026-06-08 15:22:56] [INFO] Navigating to: /
[2026-06-08 15:22:56] [INFO] Page fully loaded (networkidle)
[2026-06-08 15:22:56] [INFO] LoginPage opened
[2026-06-08 15:22:56] [INFO] Attempting login with user: wrong_user
[2026-06-08 15:22:56] [INFO] Login button clicked for user: wrong_user
[2026-06-08 15:23:02] [INFO] Navigating to: /
[2026-06-08 15:23:22] [INFO] Page fully loaded (networkidle)
[2026-06-08 15:23:22] [INFO] LoginPage opened
[2026-06-08 15:23:22] [INFO] Screenshot taken: login-page-baseline
[2026-06-08 15:23:24] [INFO] Page fully loaded (networkidle)
[2026-06-08 15:23:24] [INFO] LoginPage opened
[2026-06-08 15:23:24] [INFO] Attempting login with user: locked_out_user
[2026-06-08 15:23:24] [INFO] Login button clicked for user: locked_out_user
[2026-06-08 15:23:27] [INFO] Navigating to: /
[2026-06-08 15:23:30] [INFO] Navigating to: /
[2026-06-08 15:23:40] [INFO] Page fully loaded (networkidle)
[2026-06-08 15:23:40] [INFO] LoginPage opened
[2026-06-08 15:23:40] [INFO] Attempting login with user: standard_user
[2026-06-08 15:23:40] [INFO] Navigating to: /
[2026-06-08 15:23:40] [INFO] Login button clicked for user: standard_user
[2026-06-08 15:23:40] [INFO] Inventory page ready
[2026-06-08 15:23:41] [INFO] Navigating to: /
[2026-06-08 15:23:42] [INFO] Navigating to: /
[2026-06-08 15:23:45] [INFO] Page fully loaded (networkidle)
[2026-06-08 15:23:45] [INFO] LoginPage opened
[2026-06-08 15:23:45] [INFO] Attempting login with user: standard_user
[2026-06-08 15:23:45] [INFO] Login button clicked for user: standard_user
[2026-06-08 15:23:45] [INFO] Inventory page ready
[2026-06-08 15:23:45] [INFO] Sorting inventory by: za
[2026-06-08 15:23:46] [INFO] Navigating to: /
[2026-06-08 15:23:47] [INFO] Page fully loaded (networkidle)
[2026-06-08 15:23:47] [INFO] LoginPage opened
[2026-06-08 15:23:47] [INFO] Attempting login with user: standard_user
[2026-06-08 15:23:47] [INFO] Login button clicked for user: standard_user
[2026-06-08 15:23:47] [INFO] Inventory page ready
[2026-06-08 15:23:47] [INFO] First item added to cart
[2026-06-08 15:23:48] [INFO] Navigating to: /
[2026-06-08 15:23:49] [INFO] Page fully loaded (networkidle)
[2026-06-08 15:23:49] [INFO] LoginPage opened
[2026-06-08 15:23:49] [INFO] Attempting login with user: standard_user
[2026-06-08 15:23:49] [INFO] Login button clicked for user: standard_user
[2026-06-08 15:23:49] [INFO] Inventory page ready
[2026-06-08 15:23:49] [INFO] Sorting inventory by: az
[2026-06-08 15:23:50] [INFO] Navigating to: /
[2026-06-08 15:24:02] [INFO] Page fully loaded (networkidle)
[2026-06-08 15:24:02] [INFO] LoginPage opened
[2026-06-08 15:24:02] [INFO] Attempting login with user: wrong_user
[2026-06-08 15:24:02] [INFO] Login button clicked for user: wrong_user
[2026-06-08 15:24:03] [INFO] Page fully loaded (networkidle)
[2026-06-08 15:24:03] [INFO] LoginPage opened
[2026-06-08 15:24:03] [INFO] Attempting login with user: locked_out_user
[2026-06-08 15:24:03] [INFO] Login button clicked for user: locked_out_user
[2026-06-08 15:24:06] [INFO] Page fully loaded (networkidle)
[2026-06-08 15:24:06] [INFO] LoginPage opened
[2026-06-08 15:24:07] [INFO] Screenshot taken: login-page-baseline
[2026-06-08 15:24:22] [INFO] Page fully loaded (networkidle)
[2026-06-08 15:24:22] [INFO] LoginPage opened
[2026-06-08 15:24:22] [INFO] Attempting login with user: standard_user
[2026-06-08 15:24:22] [INFO] Page fully loaded (networkidle)
[2026-06-08 15:24:22] [INFO] LoginPage opened
[2026-06-08 15:24:22] [INFO] Attempting login with user: standard_user
[2026-06-08 15:24:22] [INFO] Login button clicked for user: standard_user
[2026-06-08 15:24:22] [INFO] Login button clicked for user: standard_user
[2026-06-08 15:24:22] [INFO] Inventory page ready
[2026-06-08 15:24:22] [INFO] Inventory page ready
[2026-06-08 15:24:23] [INFO] Item at index 0 added to cart
[2026-06-08 15:24:23] [INFO] Logged out
[2026-06-08 15:24:23] [INFO] Item at index 1 added to cart
[2026-06-08 15:31:05] [INFO] Navigating to: /
[2026-06-08 15:31:05] [INFO] Navigating to: /
[2026-06-08 15:31:05] [INFO] Navigating to: /
[2026-06-08 15:31:05] [INFO] Navigating to: /
[2026-06-08 15:31:05] [INFO] Navigating to: /
[2026-06-08 15:31:06] [INFO] Navigating to: /
[2026-06-08 15:31:17] [INFO] Page fully loaded (networkidle)
[2026-06-08 15:31:17] [INFO] LoginPage opened
[2026-06-08 15:31:17] [INFO] Attempting login with user: standard_user
[2026-06-08 15:31:17] [INFO] Page fully loaded (networkidle)
[2026-06-08 15:31:17] [INFO] LoginPage opened
[2026-06-08 15:31:17] [INFO] Attempting login with user: standard_user
[2026-06-08 15:31:17] [INFO] Page fully loaded (networkidle)
[2026-06-08 15:31:17] [INFO] LoginPage opened
[2026-06-08 15:31:17] [INFO] Attempting login with user: standard_user
[2026-06-08 15:31:17] [INFO] Login button clicked for user: standard_user
[2026-06-08 15:31:17] [INFO] Login button clicked for user: standard_user
[2026-06-08 15:31:17] [INFO] Inventory page ready
[2026-06-08 15:31:17] [INFO] Login button clicked for user: standard_user
[2026-06-08 15:31:17] [INFO] Inventory page ready
[2026-06-08 15:31:17] [INFO] Inventory page ready
[2026-06-08 15:31:17] [INFO] First item added to cart
[2026-06-08 15:31:17] [INFO] Page fully loaded (networkidle)
[2026-06-08 15:31:17] [INFO] LoginPage opened
[2026-06-08 15:31:17] [INFO] Attempting login with user: standard_user
[2026-06-08 15:31:17] [INFO] Page fully loaded (networkidle)
[2026-06-08 15:31:17] [INFO] Page fully loaded (networkidle)
[2026-06-08 15:31:17] [INFO] LoginPage opened
[2026-06-08 15:31:17] [INFO] Attempting login with user: standard_user
[2026-06-08 15:31:17] [INFO] LoginPage opened
[2026-06-08 15:31:17] [INFO] Attempting login with user: standard_user
[2026-06-08 15:31:17] [INFO] Login button clicked for user: standard_user
[2026-06-08 15:31:17] [INFO] Login button clicked for user: standard_user
[2026-06-08 15:31:17] [INFO] Login button clicked for user: standard_user
[2026-06-08 15:31:17] [INFO] Inventory page ready
[2026-06-08 15:31:17] [INFO] Inventory page ready
[2026-06-08 15:31:17] [INFO] Inventory page ready
[2026-06-08 15:31:17] [INFO] Sorting inventory by: za
[2026-06-08 15:31:17] [INFO] Sorting inventory by: az
[2026-06-08 15:31:17] [INFO] Item at index 0 added to cart
[2026-06-08 15:31:17] [INFO] Navigating to: /
[2026-06-08 15:31:17] [INFO] Navigating to: /
[2026-06-08 15:31:18] [INFO] Navigating to: /
[2026-06-08 15:31:18] [INFO] Navigating to: /
[2026-06-08 15:31:18] [INFO] Item at index 1 added to cart
[2026-06-08 15:31:18] [INFO] Logged out
[2026-06-08 15:31:20] [INFO] Navigating to: /
[2026-06-08 15:31:22] [INFO] Navigating to: /
[2026-06-08 15:31:25] [INFO] Page fully loaded (networkidle)
[2026-06-08 15:31:25] [INFO] LoginPage opened
[2026-06-08 15:31:25] [INFO] Attempting login with user: standard_user
[2026-06-08 15:31:25] [INFO] Page fully loaded (networkidle)
[2026-06-08 15:31:25] [INFO] LoginPage opened
[2026-06-08 15:31:25] [INFO] Attempting login with user: wrong_user
[2026-06-08 15:31:25] [INFO] Page fully loaded (networkidle)
[2026-06-08 15:31:25] [INFO] LoginPage opened
[2026-06-08 15:31:25] [INFO] Login button clicked for user: standard_user
[2026-06-08 15:31:25] [INFO] Screenshot taken: login-page-baseline
[2026-06-08 15:31:25] [INFO] Inventory page ready
[2026-06-08 15:31:25] [INFO] Login button clicked for user: wrong_user
[2026-06-08 15:31:26] [INFO] Page fully loaded (networkidle)
[2026-06-08 15:31:26] [INFO] LoginPage opened
[2026-06-08 15:31:26] [INFO] Attempting login with user: locked_out_user
[2026-06-08 15:31:26] [INFO] Login button clicked for user: locked_out_user
[2026-06-08 15:31:26] [INFO] Page fully loaded (networkidle)
[2026-06-08 15:31:26] [INFO] LoginPage opened
[2026-06-08 15:31:26] [INFO] Attempting login with user: standard_user
[2026-06-08 15:31:26] [INFO] Page fully loaded (networkidle)
[2026-06-08 15:31:26] [INFO] LoginPage opened
[2026-06-08 15:31:26] [INFO] Attempting login with user: standard_user
[2026-06-08 15:31:26] [INFO] Login button clicked for user: standard_user
[2026-06-08 15:31:27] [INFO] Inventory page ready
[2026-06-08 15:31:27] [INFO] Sorting inventory by: az
[2026-06-08 15:31:27] [INFO] Login button clicked for user: standard_user
[2026-06-08 15:31:27] [INFO] Inventory page ready
[2026-06-08 15:31:27] [INFO] Navigating to: /
[2026-06-08 15:31:27] [INFO] Navigating to: /
[2026-06-08 15:31:28] [INFO] Navigating to: /
[2026-06-08 15:31:29] [INFO] Navigating to: /
[2026-06-08 15:31:30] [INFO] Navigating to: /
[2026-06-08 15:31:30] [INFO] Navigating to: /
[2026-06-08 15:31:31] [INFO] Page fully loaded (networkidle)
[2026-06-08 15:31:31] [INFO] LoginPage opened
[2026-06-08 15:31:31] [INFO] Attempting login with user: standard_user
[2026-06-08 15:31:31] [INFO] Login button clicked for user: standard_user
[2026-06-08 15:31:31] [INFO] Inventory page ready
[2026-06-08 15:31:32] [INFO] Navigating to: /
[2026-06-08 15:31:32] [INFO] Page fully loaded (networkidle)
[2026-06-08 15:31:32] [INFO] LoginPage opened
[2026-06-08 15:31:32] [INFO] Attempting login with user: wrong_user
[2026-06-08 15:31:32] [INFO] Login button clicked for user: wrong_user
[2026-06-08 15:31:32] [INFO] Page fully loaded (networkidle)
[2026-06-08 15:31:32] [INFO] LoginPage opened
[2026-06-08 15:31:32] [INFO] Attempting login with user: standard_user
[2026-06-08 15:31:33] [INFO] Login button clicked for user: standard_user
[2026-06-08 15:31:33] [INFO] Inventory page ready
[2026-06-08 15:31:33] [INFO] Sorting inventory by: za
[2026-06-08 15:31:33] [INFO] Navigating to: /
[2026-06-08 15:31:34] [INFO] Navigating to: /
[2026-06-08 15:31:38] [INFO] Page fully loaded (networkidle)
[2026-06-08 15:31:38] [INFO] LoginPage opened
[2026-06-08 15:31:38] [INFO] Attempting login with user: standard_user
[2026-06-08 15:31:38] [INFO] Login button clicked for user: standard_user
[2026-06-08 15:31:38] [INFO] Inventory page ready
[2026-06-08 15:31:38] [INFO] Page fully loaded (networkidle)
[2026-06-08 15:31:38] [INFO] LoginPage opened
[2026-06-08 15:31:38] [INFO] Attempting login with user: standard_user
[2026-06-08 15:31:38] [INFO] Login button clicked for user: standard_user
[2026-06-08 15:31:38] [INFO] Inventory page ready
[2026-06-08 15:31:39] [INFO] Logged out
[2026-06-08 15:31:39] [INFO] Page fully loaded (networkidle)
[2026-06-08 15:31:39] [INFO] LoginPage opened
[2026-06-08 15:31:39] [INFO] Attempting login with user: standard_user
[2026-06-08 15:31:39] [INFO] Login button clicked for user: standard_user
[2026-06-08 15:31:39] [INFO] Inventory page ready
[2026-06-08 15:31:39] [INFO] Item at index 0 added to cart
[2026-06-08 15:31:39] [INFO] First item added to cart
[2026-06-08 15:31:39] [INFO] Page fully loaded (networkidle)
[2026-06-08 15:31:39] [INFO] LoginPage opened
[2026-06-08 15:31:39] [INFO] Attempting login with user: locked_out_user
[2026-06-08 15:31:39] [INFO] Page fully loaded (networkidle)
[2026-06-08 15:31:39] [INFO] LoginPage opened
[2026-06-08 15:31:39] [INFO] Screenshot taken: login-page-baseline
[2026-06-08 15:31:39] [INFO] Login button clicked for user: locked_out_user
[2026-06-08 15:31:40] [INFO] Item at index 1 added to cart
[2026-06-08 15:31:40] [INFO] Navigating to: /
[2026-06-08 15:31:41] [INFO] Navigating to: /
[2026-06-08 15:31:41] [INFO] Navigating to: /
[2026-06-08 15:31:43] [INFO] Navigating to: /
[2026-06-08 15:31:44] [INFO] Navigating to: /
[2026-06-08 15:31:48] [INFO] Page fully loaded (networkidle)
[2026-06-08 15:31:48] [INFO] LoginPage opened
[2026-06-08 15:31:48] [INFO] Attempting login with user: standard_user
[2026-06-08 15:31:49] [INFO] Login button clicked for user: standard_user
[2026-06-08 15:31:49] [INFO] Inventory page ready
[2026-06-08 15:31:49] [INFO] Item at index 0 added to cart
[2026-06-08 15:31:50] [INFO] Item at index 1 added to cart
[2026-06-08 15:31:53] [INFO] Page fully loaded (networkidle)
[2026-06-08 15:31:53] [INFO] LoginPage opened
[2026-06-08 15:31:53] [INFO] Attempting login with user: standard_user
[2026-06-08 15:31:53] [INFO] Navigating to: /
[2026-06-08 15:31:53] [INFO] Login button clicked for user: standard_user
[2026-06-08 15:31:53] [INFO] Inventory page ready
[2026-06-08 15:31:54] [INFO] Navigating to: /
[2026-06-08 15:31:57] [INFO] Page fully loaded (networkidle)
[2026-06-08 15:31:57] [INFO] LoginPage opened
[2026-06-08 15:31:57] [INFO] Attempting login with user: standard_user
[2026-06-08 15:31:57] [INFO] Login button clicked for user: standard_user
[2026-06-08 15:31:57] [INFO] Inventory page ready
[2026-06-08 15:31:58] [INFO] First item added to cart
[2026-06-08 15:31:58] [INFO] Navigating to: /
[2026-06-08 15:32:06] [INFO] Navigating to: /
[2026-06-08 15:32:09] [INFO] Page fully loaded (networkidle)
[2026-06-08 15:32:09] [INFO] LoginPage opened
[2026-06-08 15:32:09] [INFO] Attempting login with user: standard_user
[2026-06-08 15:32:09] [INFO] Login button clicked for user: standard_user
[2026-06-08 15:32:09] [INFO] Inventory page ready
[2026-06-08 15:32:10] [INFO] Page fully loaded (networkidle)
[2026-06-08 15:32:10] [INFO] LoginPage opened
[2026-06-08 15:32:10] [INFO] Attempting login with user: wrong_user
[2026-06-08 15:32:10] [INFO] Login button clicked for user: wrong_user
[2026-06-08 15:32:22] [INFO] Page fully loaded (networkidle)
[2026-06-08 15:32:22] [INFO] LoginPage opened
[2026-06-08 15:32:22] [INFO] Attempting login with user: standard_user
[2026-06-08 15:32:22] [INFO] Login button clicked for user: standard_user
[2026-06-08 15:32:22] [INFO] Inventory page ready
[2026-06-08 15:32:22] [INFO] Sorting inventory by: az
[2026-06-08 15:32:22] [INFO] Page fully loaded (networkidle)
[2026-06-08 15:32:22] [INFO] LoginPage opened
[2026-06-08 15:32:22] [INFO] Attempting login with user: standard_user
[2026-06-08 15:32:22] [INFO] Login button clicked for user: standard_user
[2026-06-08 15:32:22] [INFO] Inventory page ready
[2026-06-08 15:32:22] [INFO] Sorting inventory by: za
[2026-06-08 15:37:24] [INFO] Navigating to: /
[2026-06-08 15:37:24] [INFO] Navigating to: /
[2026-06-08 15:37:24] [INFO] Navigating to: /
[2026-06-08 15:37:24] [INFO] Navigating to: /
[2026-06-08 15:37:24] [INFO] Navigating to: /
[2026-06-08 15:37:24] [INFO] Navigating to: /
[2026-06-08 15:37:27] [INFO] Page fully loaded (networkidle)
[2026-06-08 15:37:27] [INFO] LoginPage opened
[2026-06-08 15:37:27] [INFO] Attempting login with user: standard_user
[2026-06-08 15:37:27] [INFO] Page fully loaded (networkidle)
[2026-06-08 15:37:27] [INFO] LoginPage opened
[2026-06-08 15:37:27] [INFO] Attempting login with user: standard_user
[2026-06-08 15:37:27] [INFO] Login button clicked for user: standard_user
[2026-06-08 15:37:27] [INFO] Inventory page ready
[2026-06-08 15:37:27] [INFO] Sorting inventory by: az
[2026-06-08 15:37:27] [INFO] Page fully loaded (networkidle)
[2026-06-08 15:37:27] [INFO] LoginPage opened
[2026-06-08 15:37:27] [INFO] Attempting login with user: standard_user
[2026-06-08 15:37:27] [INFO] Login button clicked for user: standard_user
[2026-06-08 15:37:27] [INFO] Inventory page ready
[2026-06-08 15:37:27] [INFO] Page fully loaded (networkidle)
[2026-06-08 15:37:27] [INFO] LoginPage opened
[2026-06-08 15:37:27] [INFO] Attempting login with user: standard_user
[2026-06-08 15:37:27] [INFO] Page fully loaded (networkidle)
[2026-06-08 15:37:27] [INFO] LoginPage opened
[2026-06-08 15:37:27] [INFO] Attempting login with user: standard_user
[2026-06-08 15:37:27] [INFO] Login button clicked for user: standard_user
[2026-06-08 15:37:27] [INFO] Inventory page ready
[2026-06-08 15:37:27] [INFO] Page fully loaded (networkidle)
[2026-06-08 15:37:27] [INFO] LoginPage opened
[2026-06-08 15:37:27] [INFO] Attempting login with user: standard_user
[2026-06-08 15:37:27] [INFO] Login button clicked for user: standard_user
[2026-06-08 15:37:27] [INFO] Inventory page ready
[2026-06-08 15:37:27] [INFO] Login button clicked for user: standard_user
[2026-06-08 15:37:27] [INFO] Inventory page ready
[2026-06-08 15:37:27] [INFO] First item added to cart
[2026-06-08 15:37:27] [INFO] Sorting inventory by: za
[2026-06-08 15:37:27] [INFO] Login button clicked for user: standard_user
[2026-06-08 15:37:27] [INFO] Inventory page ready
[2026-06-08 15:37:27] [INFO] Navigating to: /
[2026-06-08 15:37:27] [INFO] Navigating to: /
[2026-06-08 15:37:27] [INFO] Navigating to: /
[2026-06-08 15:37:28] [INFO] Navigating to: /
[2026-06-08 15:37:28] [INFO] Item at index 0 added to cart
[2026-06-08 15:37:28] [INFO] Logged out
[2026-06-08 15:37:28] [INFO] Item at index 1 added to cart
[2026-06-08 15:37:29] [INFO] Page fully loaded (networkidle)
[2026-06-08 15:37:29] [INFO] LoginPage opened
[2026-06-08 15:37:29] [INFO] Attempting login with user: standard_user
[2026-06-08 15:37:29] [INFO] Login button clicked for user: standard_user
[2026-06-08 15:37:29] [INFO] Inventory page ready
[2026-06-08 15:37:30] [INFO] Navigating to: /
[2026-06-08 15:37:30] [INFO] Page fully loaded (networkidle)
[2026-06-08 15:37:30] [INFO] LoginPage opened
[2026-06-08 15:37:30] [INFO] Screenshot taken: login-page-baseline
[2026-06-08 15:37:32] [INFO] Navigating to: /
[2026-06-08 15:37:32] [INFO] Page fully loaded (networkidle)
[2026-06-08 15:37:32] [INFO] LoginPage opened
[2026-06-08 15:37:32] [INFO] Attempting login with user: standard_user
[2026-06-08 15:37:32] [INFO] Login button clicked for user: standard_user
[2026-06-08 15:37:32] [INFO] Inventory page ready
[2026-06-08 15:37:33] [INFO] Navigating to: /
[2026-06-08 15:37:33] [INFO] Navigating to: /
[2026-06-08 15:37:34] [INFO] Navigating to: /
[2026-06-08 15:37:35] [INFO] Page fully loaded (networkidle)
[2026-06-08 15:37:35] [INFO] LoginPage opened
[2026-06-08 15:37:35] [INFO] Attempting login with user: standard_user
[2026-06-08 15:37:35] [INFO] Login button clicked for user: standard_user
[2026-06-08 15:37:36] [INFO] Inventory page ready
[2026-06-08 15:37:36] [INFO] Sorting inventory by: za
[2026-06-08 15:37:36] [INFO] Page fully loaded (networkidle)
[2026-06-08 15:37:36] [INFO] LoginPage opened
[2026-06-08 15:37:36] [INFO] Attempting login with user: locked_out_user
[2026-06-08 15:37:36] [INFO] Login button clicked for user: locked_out_user
[2026-06-08 15:37:36] [INFO] Page fully loaded (networkidle)
[2026-06-08 15:37:36] [INFO] LoginPage opened
[2026-06-08 15:37:36] [INFO] Attempting login with user: standard_user
[2026-06-08 15:37:36] [INFO] Navigating to: /
[2026-06-08 15:37:36] [INFO] Login button clicked for user: standard_user
[2026-06-08 15:37:36] [INFO] Inventory page ready
[2026-06-08 15:37:36] [INFO] First item added to cart
[2026-06-08 15:37:37] [INFO] Page fully loaded (networkidle)
[2026-06-08 15:37:37] [INFO] LoginPage opened
[2026-06-08 15:37:37] [INFO] Attempting login with user: wrong_user
[2026-06-08 15:37:37] [INFO] Navigating to: /
[2026-06-08 15:37:37] [INFO] Login button clicked for user: wrong_user
[2026-06-08 15:37:37] [INFO] Page fully loaded (networkidle)
[2026-06-08 15:37:37] [INFO] LoginPage opened
[2026-06-08 15:37:37] [INFO] Attempting login with user: standard_user
[2026-06-08 15:37:37] [INFO] Login button clicked for user: standard_user
[2026-06-08 15:37:37] [INFO] Inventory page ready
[2026-06-08 15:37:37] [INFO] Sorting inventory by: az
[2026-06-08 15:37:38] [INFO] Page fully loaded (networkidle)
[2026-06-08 15:37:38] [INFO] LoginPage opened
[2026-06-08 15:37:38] [INFO] Attempting login with user: standard_user
[2026-06-08 15:37:38] [INFO] Login button clicked for user: standard_user
[2026-06-08 15:37:38] [INFO] Navigating to: /
[2026-06-08 15:37:38] [INFO] Inventory page ready
[2026-06-08 15:37:38] [INFO] Item at index 0 added to cart
[2026-06-08 15:37:39] [INFO] Page fully loaded (networkidle)
[2026-06-08 15:37:39] [INFO] LoginPage opened
[2026-06-08 15:37:39] [INFO] Attempting login with user: standard_user
[2026-06-08 15:37:39] [INFO] Navigating to: /
[2026-06-08 15:37:39] [INFO] Login button clicked for user: standard_user
[2026-06-08 15:37:39] [INFO] Inventory page ready
[2026-06-08 15:37:39] [INFO] Item at index 1 added to cart
[2026-06-08 15:37:39] [INFO] Page fully loaded (networkidle)
[2026-06-08 15:37:39] [INFO] LoginPage opened
[2026-06-08 15:37:39] [INFO] Attempting login with user: standard_user
[2026-06-08 15:37:39] [INFO] Login button clicked for user: standard_user
[2026-06-08 15:37:39] [INFO] Inventory page ready
[2026-06-08 15:37:40] [INFO] Logged out
[2026-06-08 15:37:40] [INFO] Navigating to: /
[2026-06-08 15:37:40] [INFO] Page fully loaded (networkidle)
[2026-06-08 15:37:40] [INFO] LoginPage opened
[2026-06-08 15:37:40] [INFO] Screenshot taken: login-page-baseline
[2026-06-08 15:37:41] [INFO] Page fully loaded (networkidle)
[2026-06-08 15:37:41] [INFO] Navigating to: /
[2026-06-08 15:37:41] [INFO] LoginPage opened
[2026-06-08 15:37:41] [INFO] Attempting login with user: wrong_user
[2026-06-08 15:37:41] [INFO] Navigating to: /
[2026-06-08 15:37:41] [INFO] Login button clicked for user: wrong_user
[2026-06-08 15:37:42] [INFO] Navigating to: /
[2026-06-08 15:37:42] [INFO] Page fully loaded (networkidle)
[2026-06-08 15:37:42] [INFO] LoginPage opened
[2026-06-08 15:37:42] [INFO] Attempting login with user: locked_out_user
[2026-06-08 15:37:43] [INFO] Login button clicked for user: locked_out_user
[2026-06-08 15:37:43] [INFO] Navigating to: /
[2026-06-08 15:37:43] [INFO] Navigating to: /
[2026-06-08 15:37:44] [INFO] Navigating to: /
[2026-06-08 15:37:44] [INFO] Page fully loaded (networkidle)
[2026-06-08 15:37:44] [INFO] LoginPage opened
[2026-06-08 15:37:44] [INFO] Attempting login with user: standard_user
[2026-06-08 15:37:44] [INFO] Page fully loaded (networkidle)
[2026-06-08 15:37:44] [INFO] LoginPage opened
[2026-06-08 15:37:44] [INFO] Attempting login with user: standard_user
[2026-06-08 15:37:45] [INFO] Login button clicked for user: standard_user
[2026-06-08 15:37:45] [INFO] Login button clicked for user: standard_user
[2026-06-08 15:37:45] [INFO] Inventory page ready
[2026-06-08 15:37:45] [INFO] Sorting inventory by: az
[2026-06-08 15:37:45] [INFO] Inventory page ready
[2026-06-08 15:37:45] [INFO] Page fully loaded (networkidle)
[2026-06-08 15:37:45] [INFO] LoginPage opened
[2026-06-08 15:37:45] [INFO] Attempting login with user: standard_user
[2026-06-08 15:37:45] [INFO] Login button clicked for user: standard_user
[2026-06-08 15:37:45] [INFO] Inventory page ready
[2026-06-08 15:37:45] [INFO] Sorting inventory by: za
[2026-06-08 15:37:46] [INFO] Navigating to: /
[2026-06-08 15:37:46] [INFO] Navigating to: /
[2026-06-08 15:37:46] [INFO] Page fully loaded (networkidle)
[2026-06-08 15:37:46] [INFO] LoginPage opened
[2026-06-08 15:37:46] [INFO] Attempting login with user: standard_user
[2026-06-08 15:37:46] [INFO] Page fully loaded (networkidle)
[2026-06-08 15:37:46] [INFO] LoginPage opened
[2026-06-08 15:37:46] [INFO] Attempting login with user: standard_user
[2026-06-08 15:37:46] [INFO] Login button clicked for user: standard_user
[2026-06-08 15:37:46] [INFO] Inventory page ready
[2026-06-08 15:37:46] [INFO] Navigating to: /
[2026-06-08 15:37:46] [INFO] First item added to cart
[2026-06-08 15:37:46] [INFO] Login button clicked for user: standard_user
[2026-06-08 15:37:46] [INFO] Inventory page ready
[2026-06-08 15:37:47] [INFO] Page fully loaded (networkidle)
[2026-06-08 15:37:47] [INFO] LoginPage opened
[2026-06-08 15:37:47] [INFO] Attempting login with user: standard_user
[2026-06-08 15:37:47] [INFO] Navigating to: /
[2026-06-08 15:37:47] [INFO] Item at index 0 added to cart
[2026-06-08 15:37:47] [INFO] Login button clicked for user: standard_user
[2026-06-08 15:37:47] [INFO] Inventory page ready
[2026-06-08 15:37:48] [INFO] Item at index 1 added to cart
[2026-06-08 15:37:48] [INFO] Page fully loaded (networkidle)
[2026-06-08 15:37:48] [INFO] Page fully loaded (networkidle)
[2026-06-08 15:37:48] [INFO] LoginPage opened
[2026-06-08 15:37:48] [INFO] Attempting login with user: wrong_user
[2026-06-08 15:37:48] [INFO] LoginPage opened
[2026-06-08 15:37:48] [INFO] Attempting login with user: standard_user
[2026-06-08 15:37:48] [INFO] Logged out
[2026-06-08 15:37:48] [INFO] Login button clicked for user: wrong_user
[2026-06-08 15:37:48] [INFO] Login button clicked for user: standard_user
[2026-06-08 15:37:48] [INFO] Inventory page ready
[2026-06-08 15:37:48] [INFO] Page fully loaded (networkidle)
[2026-06-08 15:37:48] [INFO] LoginPage opened
[2026-06-08 15:37:48] [INFO] Attempting login with user: locked_out_user
[2026-06-08 15:37:49] [INFO] Login button clicked for user: locked_out_user
[2026-06-08 15:37:49] [INFO] Page fully loaded (networkidle)
[2026-06-08 15:37:49] [INFO] LoginPage opened
[2026-06-08 15:37:49] [INFO] Screenshot taken: login-page-baseline
[2026-06-08 15:38:41] [INFO] Navigating to: /
[2026-06-08 15:38:41] [INFO] Navigating to: /
[2026-06-08 15:38:41] [INFO] Navigating to: /
[2026-06-08 15:38:41] [INFO] Navigating to: /
[2026-06-08 15:38:41] [INFO] Navigating to: /
[2026-06-08 15:38:42] [INFO] Navigating to: /
[2026-06-08 15:38:44] [INFO] Page fully loaded (networkidle)
[2026-06-08 15:38:44] [INFO] LoginPage opened
[2026-06-08 15:38:44] [INFO] Attempting login with user: standard_user
[2026-06-08 15:38:44] [INFO] Page fully loaded (networkidle)
[2026-06-08 15:38:44] [INFO] Page fully loaded (networkidle)
[2026-06-08 15:38:44] [INFO] Page fully loaded (networkidle)
[2026-06-08 15:38:44] [INFO] LoginPage opened
[2026-06-08 15:38:44] [INFO] Attempting login with user: standard_user
[2026-06-08 15:38:44] [INFO] LoginPage opened
[2026-06-08 15:38:44] [INFO] Attempting login with user: standard_user
[2026-06-08 15:38:44] [INFO] LoginPage opened
[2026-06-08 15:38:44] [INFO] Attempting login with user: standard_user
[2026-06-08 15:38:44] [INFO] Login button clicked for user: standard_user
[2026-06-08 15:38:44] [INFO] Inventory page ready
[2026-06-08 15:38:44] [INFO] Login button clicked for user: standard_user
[2026-06-08 15:38:44] [INFO] Login button clicked for user: standard_user
[2026-06-08 15:38:44] [INFO] Login button clicked for user: standard_user
[2026-06-08 15:38:44] [INFO] Inventory page ready
[2026-06-08 15:38:44] [INFO] Inventory page ready
[2026-06-08 15:38:44] [INFO] Inventory page ready
[2026-06-08 15:38:44] [INFO] Sorting inventory by: za
[2026-06-08 15:38:44] [INFO] Sorting inventory by: az
[2026-06-08 15:38:44] [INFO] First item added to cart
[2026-06-08 15:38:44] [INFO] Navigating to: /
[2026-06-08 15:38:44] [INFO] Navigating to: /
[2026-06-08 15:38:45] [INFO] Navigating to: /
[2026-06-08 15:38:45] [INFO] Navigating to: /
[2026-06-08 15:38:46] [INFO] Page fully loaded (networkidle)
[2026-06-08 15:38:46] [INFO] LoginPage opened
[2026-06-08 15:38:46] [INFO] Attempting login with user: wrong_user
[2026-06-08 15:38:47] [INFO] Login button clicked for user: wrong_user
[2026-06-08 15:38:47] [INFO] Page fully loaded (networkidle)
[2026-06-08 15:38:47] [INFO] LoginPage opened
[2026-06-08 15:38:47] [INFO] Attempting login with user: standard_user
[2026-06-08 15:38:47] [INFO] Login button clicked for user: standard_user
[2026-06-08 15:38:47] [INFO] Inventory page ready
[2026-06-08 15:38:48] [INFO] Item at index 0 added to cart
[2026-06-08 15:38:48] [INFO] Navigating to: /
[2026-06-08 15:38:48] [INFO] Item at index 1 added to cart
[2026-06-08 15:38:52] [INFO] Page fully loaded (networkidle)
[2026-06-08 15:38:52] [INFO] LoginPage opened
[2026-06-08 15:38:52] [INFO] Attempting login with user: standard_user
[2026-06-08 15:38:52] [INFO] Login button clicked for user: standard_user
[2026-06-08 15:38:52] [INFO] Inventory page ready
[2026-06-08 15:38:52] [INFO] Page fully loaded (networkidle)
[2026-06-08 15:38:52] [INFO] LoginPage opened
[2026-06-08 15:38:52] [INFO] Page fully loaded (networkidle)
[2026-06-08 15:38:52] [INFO] LoginPage opened
[2026-06-08 15:38:52] [INFO] Attempting login with user: locked_out_user
[2026-06-08 15:38:52] [INFO] Attempting login with user: standard_user
[2026-06-08 15:38:52] [INFO] Login button clicked for user: standard_user
[2026-06-08 15:38:52] [INFO] Inventory page ready
[2026-06-08 15:38:53] [INFO] Login button clicked for user: locked_out_user
[2026-06-08 15:38:53] [INFO] Navigating to: /
[2026-06-08 15:38:53] [INFO] Navigating to: /
[2026-06-08 15:38:54] [INFO] Page fully loaded (networkidle)
[2026-06-08 15:38:54] [INFO] LoginPage opened
[2026-06-08 15:38:54] [INFO] Screenshot taken: login-page-baseline
[2026-06-08 15:38:55] [INFO] Navigating to: /
[2026-06-08 15:38:56] [INFO] Navigating to: /
[2026-06-08 15:38:57] [INFO] Navigating to: /
[2026-06-08 15:38:59] [INFO] Page fully loaded (networkidle)
[2026-06-08 15:38:59] [INFO] LoginPage opened
[2026-06-08 15:38:59] [INFO] Attempting login with user: standard_user
[2026-06-08 15:38:59] [INFO] Login button clicked for user: standard_user
[2026-06-08 15:38:59] [INFO] Inventory page ready
[2026-06-08 15:38:59] [INFO] Sorting inventory by: az
[2026-06-08 15:38:59] [INFO] Navigating to: /
[2026-06-08 15:39:16] [INFO] Page fully loaded (networkidle)
[2026-06-08 15:39:16] [INFO] LoginPage opened
[2026-06-08 15:39:16] [INFO] Attempting login with user: standard_user
[2026-06-08 15:39:16] [INFO] Login button clicked for user: standard_user
[2026-06-08 15:39:16] [INFO] Inventory page ready
[2026-06-08 15:39:17] [INFO] Navigating to: /
[2026-06-08 15:39:19] [INFO] Page fully loaded (networkidle)
[2026-06-08 15:39:19] [INFO] LoginPage opened
[2026-06-08 15:39:19] [INFO] Attempting login with user: standard_user
[2026-06-08 15:39:19] [INFO] Login button clicked for user: standard_user
[2026-06-08 15:39:19] [INFO] Inventory page ready
[2026-06-08 15:39:20] [INFO] Logged out
[2026-06-08 15:39:23] [INFO] Navigating to: /
[2026-06-08 15:39:33] [INFO] Page fully loaded (networkidle)
[2026-06-08 15:39:33] [INFO] LoginPage opened
[2026-06-08 15:39:33] [INFO] Attempting login with user: standard_user
[2026-06-08 15:39:34] [INFO] Login button clicked for user: standard_user
[2026-06-08 15:39:34] [INFO] Inventory page ready
[2026-06-08 15:39:34] [INFO] First item added to cart
[2026-06-08 15:39:34] [INFO] Navigating to: /
[2026-06-08 15:39:34] [INFO] Page fully loaded (networkidle)
[2026-06-08 15:39:34] [INFO] LoginPage opened
[2026-06-08 15:39:34] [INFO] Attempting login with user: standard_user
[2026-06-08 15:39:35] [INFO] Login button clicked for user: standard_user
[2026-06-08 15:39:35] [INFO] Inventory page ready
[2026-06-08 15:39:35] [INFO] Item at index 0 added to cart
[2026-06-08 15:39:36] [INFO] Item at index 1 added to cart
[2026-06-08 15:39:36] [INFO] Page fully loaded (networkidle)
[2026-06-08 15:39:36] [INFO] LoginPage opened
[2026-06-08 15:39:36] [INFO] Attempting login with user: standard_user
[2026-06-08 15:39:36] [INFO] Login button clicked for user: standard_user
[2026-06-08 15:39:36] [INFO] Inventory page ready
[2026-06-08 15:39:36] [INFO] Sorting inventory by: za
[2026-06-08 15:39:37] [INFO] Page fully loaded (networkidle)
[2026-06-08 15:39:37] [INFO] LoginPage opened
[2026-06-08 15:39:37] [INFO] Attempting login with user: standard_user
[2026-06-08 15:39:37] [INFO] Login button clicked for user: standard_user
[2026-06-08 15:39:37] [INFO] Inventory page ready
[2026-06-08 15:39:38] [INFO] Navigating to: /
[2026-06-08 15:39:38] [INFO] Logged out
[2026-06-08 15:39:39] [INFO] Navigating to: /
[2026-06-08 15:39:40] [INFO] Navigating to: /
[2026-06-08 15:39:51] [INFO] Page fully loaded (networkidle)
[2026-06-08 15:39:51] [INFO] LoginPage opened
[2026-06-08 15:39:51] [INFO] Screenshot taken: login-page-baseline
[2026-06-08 15:39:52] [INFO] Navigating to: /
[2026-06-08 15:39:54] [INFO] Page fully loaded (networkidle)
[2026-06-08 15:39:54] [INFO] LoginPage opened
[2026-06-08 15:39:54] [INFO] Attempting login with user: wrong_user
[2026-06-08 15:39:54] [INFO] Login button clicked for user: wrong_user
[2026-06-08 15:39:55] [INFO] Page fully loaded (networkidle)
[2026-06-08 15:39:55] [INFO] LoginPage opened
[2026-06-08 15:39:55] [INFO] Attempting login with user: standard_user
[2026-06-08 15:39:55] [INFO] Page fully loaded (networkidle)
[2026-06-08 15:39:55] [INFO] LoginPage opened
[2026-06-08 15:39:55] [INFO] Attempting login with user: standard_user
[2026-06-08 15:39:55] [INFO] Navigating to: /
[2026-06-08 15:39:56] [INFO] Login button clicked for user: standard_user
[2026-06-08 15:39:56] [INFO] Inventory page ready
[2026-06-08 15:39:56] [INFO] Sorting inventory by: az
[2026-06-08 15:39:56] [INFO] Login button clicked for user: standard_user
[2026-06-08 15:39:56] [INFO] Inventory page ready
[2026-06-08 15:39:56] [INFO] Sorting inventory by: za
[2026-06-08 15:39:56] [INFO] Navigating to: /
[2026-06-08 15:39:57] [INFO] Navigating to: /
[2026-06-08 15:40:00] [INFO] Page fully loaded (networkidle)
[2026-06-08 15:40:00] [INFO] LoginPage opened
[2026-06-08 15:40:00] [INFO] Attempting login with user: standard_user
[2026-06-08 15:40:00] [INFO] Login button clicked for user: standard_user
[2026-06-08 15:40:00] [INFO] Inventory page ready
[2026-06-08 15:40:01] [INFO] Navigating to: /
[2026-06-08 15:40:08] [INFO] Page fully loaded (networkidle)
[2026-06-08 15:40:08] [INFO] LoginPage opened
[2026-06-08 15:40:08] [INFO] Attempting login with user: standard_user
[2026-06-08 15:40:08] [INFO] Login button clicked for user: standard_user
[2026-06-08 15:40:08] [INFO] Inventory page ready
[2026-06-08 15:40:08] [INFO] First item added to cart
[2026-06-08 15:40:09] [INFO] Navigating to: /
[2026-06-08 15:40:11] [INFO] Page fully loaded (networkidle)
[2026-06-08 15:40:11] [INFO] LoginPage opened
[2026-06-08 15:40:11] [INFO] Attempting login with user: standard_user
[2026-06-08 15:40:12] [INFO] Login button clicked for user: standard_user
[2026-06-08 15:40:12] [INFO] Inventory page ready
[2026-06-08 15:40:12] [INFO] Page fully loaded (networkidle)
[2026-06-08 15:40:12] [INFO] LoginPage opened
[2026-06-08 15:40:12] [INFO] Attempting login with user: standard_user
[2026-06-08 15:40:12] [INFO] Page fully loaded (networkidle)
[2026-06-08 15:40:12] [INFO] LoginPage opened
[2026-06-08 15:40:12] [INFO] Attempting login with user: standard_user
[2026-06-08 15:40:13] [INFO] Login button clicked for user: standard_user
[2026-06-08 15:40:13] [INFO] Inventory page ready
[2026-06-08 15:40:13] [INFO] Item at index 0 added to cart
[2026-06-08 15:40:13] [INFO] Login button clicked for user: standard_user
[2026-06-08 15:40:13] [INFO] Inventory page ready
[2026-06-08 15:40:13] [INFO] Item at index 1 added to cart
[2026-06-08 15:40:14] [INFO] Logged out
[2026-06-08 15:40:14] [INFO] Navigating to: /
[2026-06-08 15:40:15] [INFO] Page fully loaded (networkidle)
[2026-06-08 15:40:15] [INFO] LoginPage opened
[2026-06-08 15:40:15] [INFO] Attempting login with user: locked_out_user
[2026-06-08 15:40:15] [INFO] Login button clicked for user: locked_out_user
[2026-06-08 15:40:16] [INFO] Page fully loaded (networkidle)
[2026-06-08 15:40:16] [INFO] LoginPage opened
[2026-06-08 15:40:16] [INFO] Page fully loaded (networkidle)
[2026-06-08 15:40:16] [INFO] LoginPage opened
[2026-06-08 15:40:16] [INFO] Attempting login with user: locked_out_user
[2026-06-08 15:40:16] [INFO] Page fully loaded (networkidle)
[2026-06-08 15:40:16] [INFO] LoginPage opened
[2026-06-08 15:40:16] [INFO] Attempting login with user: wrong_user
[2026-06-08 15:40:16] [INFO] Screenshot taken: login-page-baseline
[2026-06-08 15:40:16] [INFO] Login button clicked for user: locked_out_user
[2026-06-08 15:40:17] [INFO] Login button clicked for user: wrong_user
[2026-06-08 17:24:59] [INFO] Navigating to: /
[2026-06-08 17:25:01] [INFO] Page fully loaded (networkidle)
[2026-06-08 17:25:01] [INFO] LoginPage opened
[2026-06-08 17:25:01] [INFO] Attempting login with user: standard_user
[2026-06-08 17:25:02] [INFO] Login button clicked for user: standard_user
[2026-06-08 17:25:02] [INFO] Inventory page ready
[2026-06-08 17:25:02] [INFO] Item at index 0 added to cart
[2026-06-08 17:25:03] [INFO] Item at index 1 added to cart
[2026-06-08 17:25:28] [INFO] Navigating to: /
[2026-06-08 17:25:28] [INFO] Navigating to: /
[2026-06-08 17:25:29] [INFO] Navigating to: /
[2026-06-08 17:25:29] [INFO] Page fully loaded (networkidle)
[2026-06-08 17:25:29] [INFO] LoginPage opened
[2026-06-08 17:25:29] [INFO] Attempting login with user: standard_user
[2026-06-08 17:25:30] [INFO] Login button clicked for user: standard_user
[2026-06-08 17:25:30] [INFO] Inventory page ready
[2026-06-08 17:25:30] [INFO] Item at index 0 added to cart
[2026-06-08 17:25:31] [INFO] Item at index 1 added to cart
[2026-06-08 17:25:31] [INFO] Page fully loaded (networkidle)
[2026-06-08 17:25:31] [INFO] LoginPage opened
[2026-06-08 17:25:31] [INFO] Attempting login with user: standard_user
[2026-06-08 17:25:31] [INFO] Page fully loaded (networkidle)
[2026-06-08 17:25:31] [INFO] LoginPage opened
[2026-06-08 17:25:31] [INFO] Attempting login with user: standard_user
[2026-06-08 17:25:32] [INFO] Login button clicked for user: standard_user
[2026-06-08 17:25:32] [INFO] Login button clicked for user: standard_user
[2026-06-08 17:25:32] [INFO] Inventory page ready
[2026-06-08 17:25:32] [INFO] Inventory page ready
[2026-06-08 17:25:32] [INFO] Item at index 0 added to cart
[2026-06-08 17:25:33] [INFO] Item at index 1 added to cart
[2026-06-08 17:27:59] [INFO] Navigating to: /
[2026-06-08 17:27:59] [INFO] Navigating to: /
[2026-06-08 17:28:02] [INFO] Page fully loaded (networkidle)
[2026-06-08 17:28:02] [INFO] LoginPage opened
[2026-06-08 17:28:02] [INFO] Attempting login with user: standard_user
[2026-06-08 17:28:02] [INFO] Login button clicked for user: standard_user
[2026-06-08 17:28:02] [INFO] Inventory page ready
[2026-06-08 17:28:02] [INFO] Item at index 0 added to cart
[2026-06-08 17:28:02] [INFO] Page fully loaded (networkidle)
[2026-06-08 17:28:02] [INFO] LoginPage opened
[2026-06-08 17:28:02] [INFO] Attempting login with user: standard_user
[2026-06-08 17:28:03] [INFO] Login button clicked for user: standard_user
[2026-06-08 17:28:03] [INFO] Inventory page ready
[2026-06-08 17:28:03] [INFO] Item at index 1 added to cart
[2026-06-08 17:28:03] [INFO] Item at index 0 added to cart
[2026-06-08 17:28:04] [INFO] Item at index 1 added to cart
[2026-06-08 17:29:03] [INFO] Navigating to: /
[2026-06-08 17:29:07] [INFO] Page fully loaded (networkidle)
[2026-06-08 17:29:07] [INFO] LoginPage opened
[2026-06-08 17:29:07] [INFO] Attempting login with user: standard_user
[2026-06-08 17:29:07] [INFO] Login button clicked for user: standard_user
[2026-06-08 17:29:07] [INFO] Inventory page ready
[2026-06-08 17:29:07] [INFO] Item at index 0 added to cart
[2026-06-08 17:29:08] [INFO] Item at index 1 added to cart
[2026-06-08 17:30:49] [INFO] Navigating to: /
[2026-06-08 17:30:49] [INFO] Navigating to: /
[2026-06-08 17:30:49] [INFO] Navigating to: /
[2026-06-08 17:30:53] [INFO] Page fully loaded (networkidle)
[2026-06-08 17:30:53] [INFO] LoginPage opened
[2026-06-08 17:30:53] [INFO] Attempting login with user: standard_user
[2026-06-08 17:30:53] [INFO] Page fully loaded (networkidle)
[2026-06-08 17:30:53] [INFO] LoginPage opened
[2026-06-08 17:30:53] [INFO] Attempting login with user: standard_user
[2026-06-08 17:30:53] [INFO] Login button clicked for user: standard_user
[2026-06-08 17:30:53] [INFO] Inventory page ready
[2026-06-08 17:30:53] [INFO] Login button clicked for user: standard_user
[2026-06-08 17:30:53] [INFO] Sorting inventory by: za
[2026-06-08 17:30:53] [INFO] Inventory page ready
[2026-06-08 17:30:53] [INFO] Sorting inventory by: az
[2026-06-08 17:31:13] [INFO] Page fully loaded (networkidle)
[2026-06-08 17:31:13] [INFO] LoginPage opened
[2026-06-08 17:31:13] [INFO] Attempting login with user: standard_user
[2026-06-08 17:31:13] [INFO] Login button clicked for user: standard_user
[2026-06-08 17:31:13] [INFO] Inventory page ready
[2026-06-08 17:31:14] [INFO] Logged out
[2026-06-09 11:54:44] [INFO] Navigating to: /
[2026-06-09 11:54:45] [INFO] Navigating to: /
[2026-06-09 11:54:45] [INFO] Navigating to: /
[2026-06-09 11:54:45] [INFO] Navigating to: /
[2026-06-09 11:54:45] [INFO] Navigating to: /
[2026-06-09 11:54:45] [INFO] Navigating to: /
[2026-06-09 11:55:06] [INFO] Page fully loaded (networkidle)
[2026-06-09 11:55:06] [INFO] LoginPage opened
[2026-06-09 11:55:06] [INFO] Attempting login with user: standard_user
[2026-06-09 11:55:06] [INFO] Login button clicked for user: standard_user
[2026-06-09 11:55:06] [INFO] Inventory page ready
[2026-06-09 11:55:06] [INFO] Item at index 0 added to cart
[2026-06-09 11:55:07] [INFO] Item at index 1 added to cart
[2026-06-09 11:55:09] [INFO] Page fully loaded (networkidle)
[2026-06-09 11:55:09] [INFO] LoginPage opened
[2026-06-09 11:55:09] [INFO] Attempting login with user: standard_user
[2026-06-09 11:55:09] [INFO] Login button clicked for user: standard_user
[2026-06-09 11:55:09] [INFO] Inventory page ready
[2026-06-09 11:55:09] [INFO] First item added to cart
[2026-06-09 11:55:09] [INFO] Navigating to: /
[2026-06-09 11:55:09] [INFO] Navigating to: /
[2026-06-09 11:55:11] [INFO] Page fully loaded (networkidle)
[2026-06-09 11:55:11] [INFO] LoginPage opened
[2026-06-09 11:55:11] [INFO] Attempting login with user: standard_user
[2026-06-09 11:55:11] [INFO] Login button clicked for user: standard_user
[2026-06-09 11:55:11] [INFO] Inventory page ready
[2026-06-09 11:55:12] [INFO] Page fully loaded (networkidle)
[2026-06-09 11:55:12] [INFO] LoginPage opened
[2026-06-09 11:55:12] [INFO] Attempting login with user: standard_user
[2026-06-09 11:55:12] [INFO] Login button clicked for user: standard_user
[2026-06-09 11:55:12] [INFO] Page fully loaded (networkidle)
[2026-06-09 11:55:12] [INFO] LoginPage opened
[2026-06-09 11:55:12] [INFO] Attempting login with user: standard_user
[2026-06-09 11:55:12] [INFO] Inventory page ready
[2026-06-09 11:55:12] [INFO] Login button clicked for user: standard_user
[2026-06-09 11:55:12] [INFO] Navigating to: /
[2026-06-09 11:55:12] [INFO] Inventory page ready
[2026-06-09 11:55:12] [INFO] Sorting inventory by: za
[2026-06-09 11:55:13] [INFO] Navigating to: /
[2026-06-09 11:55:13] [INFO] Logged out
[2026-06-09 11:55:15] [INFO] Page fully loaded (networkidle)
[2026-06-09 11:55:15] [INFO] LoginPage opened
[2026-06-09 11:55:15] [INFO] Attempting login with user: standard_user
[2026-06-09 11:55:15] [INFO] Login button clicked for user: standard_user
[2026-06-09 11:55:15] [INFO] Inventory page ready
[2026-06-09 11:55:15] [INFO] Sorting inventory by: az
[2026-06-09 11:55:15] [INFO] Navigating to: /
[2026-06-09 11:55:18] [INFO] Navigating to: /
[2026-06-09 11:55:31] [INFO] Page fully loaded (networkidle)
[2026-06-09 11:55:31] [INFO] LoginPage opened
[2026-06-09 11:55:31] [INFO] Attempting login with user: standard_user
[2026-06-09 11:55:31] [INFO] Page fully loaded (networkidle)
[2026-06-09 11:55:31] [INFO] LoginPage opened
[2026-06-09 11:55:31] [INFO] Attempting login with user: locked_out_user
[2026-06-09 11:55:31] [INFO] Login button clicked for user: standard_user
[2026-06-09 11:55:31] [INFO] Inventory page ready
[2026-06-09 11:55:31] [INFO] Login button clicked for user: locked_out_user
[2026-06-09 11:55:31] [INFO] Page fully loaded (networkidle)
[2026-06-09 11:55:31] [INFO] LoginPage opened
[2026-06-09 11:55:31] [INFO] Screenshot taken: login-page-baseline
[2026-06-09 11:55:34] [INFO] Navigating to: /
[2026-06-09 11:55:35] [INFO] Navigating to: /
[2026-06-09 11:55:35] [INFO] Page fully loaded (networkidle)
[2026-06-09 11:55:35] [INFO] LoginPage opened
[2026-06-09 11:55:35] [INFO] Attempting login with user: wrong_user
[2026-06-09 11:55:35] [INFO] Login button clicked for user: wrong_user
[2026-06-09 11:55:35] [INFO] Page fully loaded (networkidle)
[2026-06-09 11:55:35] [INFO] LoginPage opened
[2026-06-09 11:55:35] [INFO] Attempting login with user: standard_user
[2026-06-09 11:55:36] [INFO] Navigating to: /
[2026-06-09 11:55:38] [INFO] Page fully loaded (networkidle)
[2026-06-09 11:55:38] [INFO] LoginPage opened
[2026-06-09 11:55:38] [INFO] Attempting login with user: standard_user
[2026-06-09 11:55:39] [INFO] Navigating to: /
[2026-06-09 11:55:58] [INFO] Page fully loaded (networkidle)
[2026-06-09 11:55:58] [INFO] LoginPage opened
[2026-06-09 11:55:58] [INFO] Attempting login with user: standard_user
[2026-06-09 11:55:58] [INFO] Page fully loaded (networkidle)
[2026-06-09 11:55:58] [INFO] LoginPage opened
[2026-06-09 11:55:58] [INFO] Attempting login with user: standard_user
[2026-06-09 11:55:59] [INFO] Page fully loaded (networkidle)
[2026-06-09 11:55:59] [INFO] LoginPage opened
[2026-06-09 11:55:59] [INFO] Attempting login with user: standard_user
[2026-06-09 11:56:00] [INFO] Page fully loaded (networkidle)
[2026-06-09 11:56:00] [INFO] LoginPage opened
[2026-06-09 11:56:00] [INFO] Attempting login with user: standard_user
[2026-06-09 11:56:19] [INFO] Navigating to: /
[2026-06-09 11:56:36] [INFO] Navigating to: /
[2026-06-09 11:56:37] [INFO] Navigating to: /
[2026-06-09 11:56:38] [INFO] Navigating to: /
[2026-06-09 11:56:39] [INFO] Navigating to: /
[2026-06-09 11:56:41] [INFO] Page fully loaded (networkidle)
[2026-06-09 11:56:41] [INFO] LoginPage opened
[2026-06-09 11:56:41] [INFO] Attempting login with user: standard_user
[2026-06-09 11:56:58] [INFO] Page fully loaded (networkidle)
[2026-06-09 11:56:58] [INFO] LoginPage opened
[2026-06-09 11:56:58] [INFO] Attempting login with user: locked_out_user
[2026-06-09 11:56:58] [INFO] Page fully loaded (networkidle)
[2026-06-09 11:56:58] [INFO] LoginPage opened
[2026-06-09 11:56:58] [INFO] Attempting login with user: wrong_user
[2026-06-09 11:56:59] [INFO] Page fully loaded (networkidle)
[2026-06-09 11:56:59] [INFO] LoginPage opened
[2026-06-09 11:56:59] [INFO] Screenshot taken: login-page-baseline
[2026-06-09 11:57:00] [INFO] Navigating to: /
[2026-06-09 11:57:01] [INFO] Login button clicked for user: wrong_user
[2026-06-09 11:57:03] [INFO] Navigating to: /
[2026-06-09 11:57:06] [INFO] Page fully loaded (networkidle)
[2026-06-09 11:57:06] [INFO] LoginPage opened
[2026-06-09 11:57:06] [INFO] Attempting login with user: standard_user
[2026-06-09 11:57:06] [INFO] Login button clicked for user: standard_user
[2026-06-09 11:57:06] [INFO] Inventory page ready
[2026-06-09 11:57:07] [INFO] Navigating to: /
[2026-06-09 11:57:27] [INFO] Navigating to: /
[2026-06-09 11:57:27] [INFO] Navigating to: /
[2026-06-09 11:57:27] [INFO] Navigating to: /
[2026-06-09 11:57:27] [INFO] Navigating to: /
[2026-06-09 11:57:27] [INFO] Navigating to: /
[2026-06-09 11:57:27] [INFO] Navigating to: /
[2026-06-09 11:57:54] [INFO] Page fully loaded (networkidle)
[2026-06-09 11:57:54] [INFO] LoginPage opened
[2026-06-09 11:57:54] [INFO] Attempting login with user: standard_user
[2026-06-09 11:57:54] [INFO] Login button clicked for user: standard_user
[2026-06-09 11:57:54] [INFO] Inventory page ready
[2026-06-09 11:57:55] [INFO] Item at index 0 added to cart
[2026-06-09 11:57:56] [INFO] Item at index 1 added to cart
[2026-06-09 11:57:57] [INFO] Page fully loaded (networkidle)
[2026-06-09 11:57:57] [INFO] LoginPage opened
[2026-06-09 11:57:57] [INFO] Attempting login with user: standard_user
[2026-06-09 11:57:57] [INFO] Login button clicked for user: standard_user
[2026-06-09 11:57:57] [INFO] Inventory page ready
[2026-06-09 11:57:58] [INFO] Logged out
[2026-06-09 11:57:58] [INFO] Navigating to: /
[2026-06-09 11:57:58] [INFO] Navigating to: /
[2026-06-09 11:58:02] [INFO] Page fully loaded (networkidle)
[2026-06-09 11:58:02] [INFO] LoginPage opened
[2026-06-09 11:58:02] [INFO] Attempting login with user: standard_user
[2026-06-09 11:58:02] [INFO] Login button clicked for user: standard_user
[2026-06-09 11:58:02] [INFO] Inventory page ready
[2026-06-09 11:58:02] [INFO] First item added to cart
[2026-06-09 11:58:02] [INFO] Page fully loaded (networkidle)
[2026-06-09 11:58:02] [INFO] LoginPage opened
[2026-06-09 11:58:02] [INFO] Attempting login with user: standard_user
[2026-06-09 11:58:02] [INFO] Login button clicked for user: standard_user
[2026-06-09 11:58:02] [INFO] Inventory page ready
[2026-06-09 11:58:02] [INFO] Navigating to: /
[2026-06-09 11:58:03] [INFO] Page fully loaded (networkidle)
[2026-06-09 11:58:03] [INFO] LoginPage opened
[2026-06-09 11:58:03] [INFO] Attempting login with user: standard_user
[2026-06-09 11:58:03] [INFO] Login button clicked for user: standard_user
[2026-06-09 11:58:03] [INFO] Inventory page ready
[2026-06-09 11:58:03] [INFO] Sorting inventory by: za
[2026-06-09 11:58:03] [INFO] Page fully loaded (networkidle)
[2026-06-09 11:58:03] [INFO] LoginPage opened
[2026-06-09 11:58:03] [INFO] Attempting login with user: standard_user
[2026-06-09 11:58:03] [INFO] Login button clicked for user: standard_user
[2026-06-09 11:58:03] [INFO] Inventory page ready
[2026-06-09 11:58:03] [INFO] Sorting inventory by: az
[2026-06-09 11:58:03] [INFO] Navigating to: /
[2026-06-09 11:58:29] [INFO] Page fully loaded (networkidle)
[2026-06-09 11:58:29] [INFO] LoginPage opened
[2026-06-09 11:58:29] [INFO] Attempting login with user: standard_user
[2026-06-09 11:58:29] [INFO] Login button clicked for user: standard_user
[2026-06-09 11:58:29] [INFO] Inventory page ready
[2026-06-09 11:58:30] [INFO] Page fully loaded (networkidle)
[2026-06-09 11:58:30] [INFO] LoginPage opened
[2026-06-09 11:58:30] [INFO] Attempting login with user: wrong_user
[2026-06-09 11:58:30] [INFO] Login button clicked for user: wrong_user
[2026-06-09 11:58:38] [INFO] Page fully loaded (networkidle)
[2026-06-09 11:58:38] [INFO] LoginPage opened
[2026-06-09 11:58:38] [INFO] Attempting login with user: locked_out_user
[2026-06-09 11:58:38] [INFO] Login button clicked for user: locked_out_user
[2026-06-09 11:58:39] [INFO] Page fully loaded (networkidle)
[2026-06-09 11:58:39] [INFO] LoginPage opened
[2026-06-09 11:58:39] [INFO] Screenshot taken: login-page-baseline
[2026-06-21 12:52:57] [INFO] Navigating to: /
[2026-06-21 12:52:57] [INFO] Navigating to: /
[2026-06-21 12:52:57] [INFO] Navigating to: /
[2026-06-21 12:52:58] [INFO] Navigating to: /
[2026-06-21 12:52:58] [INFO] Navigating to: /
[2026-06-21 12:52:58] [INFO] Navigating to: /
[2026-06-21 12:53:15] [INFO] Page fully loaded (networkidle)
[2026-06-21 12:53:15] [INFO] LoginPage opened
[2026-06-21 12:53:15] [INFO] Attempting login with user: standard_user
[2026-06-21 12:53:15] [INFO] Page fully loaded (networkidle)
[2026-06-21 12:53:15] [INFO] Page fully loaded (networkidle)
[2026-06-21 12:53:15] [INFO] Page fully loaded (networkidle)
[2026-06-21 12:53:15] [INFO] LoginPage opened
[2026-06-21 12:53:15] [INFO] Attempting login with user: standard_user
[2026-06-21 12:53:15] [INFO] LoginPage opened
[2026-06-21 12:53:15] [INFO] Attempting login with user: standard_user
[2026-06-21 12:53:15] [INFO] LoginPage opened
[2026-06-21 12:53:15] [INFO] Attempting login with user: standard_user
[2026-06-21 12:53:15] [INFO] Login button clicked for user: standard_user
[2026-06-21 12:53:15] [INFO] Page fully loaded (networkidle)
[2026-06-21 12:53:15] [INFO] LoginPage opened
[2026-06-21 12:53:15] [INFO] Attempting login with user: standard_user
[2026-06-21 12:53:15] [INFO] Inventory page ready
[2026-06-21 12:53:15] [INFO] Login button clicked for user: standard_user
[2026-06-21 12:53:15] [INFO] Login button clicked for user: standard_user
[2026-06-21 12:53:15] [INFO] Login button clicked for user: standard_user
[2026-06-21 12:53:15] [INFO] Inventory page ready
[2026-06-21 12:53:15] [INFO] Inventory page ready
[2026-06-21 12:53:15] [INFO] Inventory page ready
[2026-06-21 12:53:15] [INFO] Sorting inventory by: az
[2026-06-21 12:53:15] [INFO] Login button clicked for user: standard_user
[2026-06-21 12:53:15] [INFO] Inventory page ready
[2026-06-21 12:53:15] [INFO] Sorting inventory by: za
[2026-06-21 12:53:15] [INFO] Item at index 0 added to cart
[2026-06-21 12:53:15] [INFO] Navigating to: /
[2026-06-21 12:53:16] [INFO] Navigating to: /
[2026-06-21 12:53:16] [INFO] Navigating to: /
[2026-06-21 12:53:16] [INFO] Logged out
[2026-06-21 12:53:16] [INFO] Item at index 1 added to cart
[2026-06-21 12:53:16] [INFO] Navigating to: /
[2026-06-21 12:53:18] [INFO] Page fully loaded (networkidle)
[2026-06-21 12:53:18] [INFO] LoginPage opened
[2026-06-21 12:53:18] [INFO] Attempting login with user: standard_user
[2026-06-21 12:53:18] [INFO] Login button clicked for user: standard_user
[2026-06-21 12:53:18] [INFO] Inventory page ready
[2026-06-21 12:53:18] [INFO] First item added to cart
[2026-06-21 12:53:18] [INFO] Page fully loaded (networkidle)
[2026-06-21 12:53:18] [INFO] LoginPage opened
[2026-06-21 12:53:18] [INFO] Attempting login with user: wrong_user
[2026-06-21 12:53:18] [INFO] Login button clicked for user: wrong_user
[2026-06-21 12:53:18] [INFO] Page fully loaded (networkidle)
[2026-06-21 12:53:18] [INFO] LoginPage opened
[2026-06-21 12:53:18] [INFO] Attempting login with user: locked_out_user
[2026-06-21 12:53:19] [INFO] Login button clicked for user: locked_out_user
[2026-06-21 12:53:19] [INFO] Page fully loaded (networkidle)
[2026-06-21 12:53:19] [INFO] LoginPage opened
[2026-06-21 12:53:19] [INFO] Screenshot taken: login-page-baseline
[2026-06-21 12:53:20] [INFO] Page fully loaded (networkidle)
[2026-06-21 12:53:20] [INFO] LoginPage opened
[2026-06-21 12:53:20] [INFO] Attempting login with user: standard_user
[2026-06-21 12:53:20] [INFO] Login button clicked for user: standard_user
[2026-06-21 12:53:20] [INFO] Inventory page ready
[2026-06-21 13:08:58] [INFO] Navigating to: /
[2026-06-21 13:10:05] [INFO] Navigating to: /
[2026-06-21 13:10:10] [INFO] Page fully loaded (networkidle)
[2026-06-21 13:10:10] [INFO] LoginPage opened
[2026-06-21 13:10:10] [INFO] Attempting login with user: standard_user
[2026-06-21 13:10:10] [INFO] Login button clicked for user: standard_user
[2026-06-21 13:10:10] [INFO] Inventory page ready
[2026-06-21 13:10:17] [INFO] Navigating to: /
[2026-06-21 13:10:18] [INFO] Page fully loaded (networkidle)
[2026-06-21 13:10:18] [INFO] LoginPage opened
[2026-06-21 13:10:18] [INFO] Attempting login with user: standard_user
[2026-06-21 13:10:19] [INFO] Login button clicked for user: standard_user
[2026-06-21 13:10:19] [INFO] Inventory page ready
[2026-06-21 13:10:19] [INFO] Sorting inventory by: az
[2026-06-21 13:10:25] [INFO] Navigating to: /
[2026-06-21 13:10:26] [INFO] Page fully loaded (networkidle)
[2026-06-21 13:10:26] [INFO] LoginPage opened
[2026-06-21 13:10:26] [INFO] Attempting login with user: standard_user
[2026-06-21 13:10:26] [INFO] Login button clicked for user: standard_user
[2026-06-21 13:10:26] [INFO] Inventory page ready
[2026-06-21 13:10:27] [INFO] Sorting inventory by: za
[2026-06-21 13:22:28] [INFO] Navigating to: /
[2026-06-21 13:22:32] [INFO] Page fully loaded (networkidle)
[2026-06-21 13:22:32] [INFO] LoginPage opened
[2026-06-21 13:22:32] [INFO] Attempting login with user: standard_user
[2026-06-21 13:22:33] [INFO] Login button clicked for user: standard_user
[2026-06-21 13:22:33] [INFO] Inventory page ready
[2026-06-21 13:22:39] [INFO] Navigating to: /
[2026-06-21 13:22:40] [INFO] Page fully loaded (networkidle)
[2026-06-21 13:22:40] [INFO] LoginPage opened
[2026-06-21 13:22:40] [INFO] Attempting login with user: standard_user
[2026-06-21 13:22:41] [INFO] Login button clicked for user: standard_user
[2026-06-21 13:22:41] [INFO] Inventory page ready
[2026-06-21 13:22:41] [INFO] Sorting inventory by: az
[2026-06-21 13:22:47] [INFO] Navigating to: /
[2026-06-21 13:22:49] [INFO] Page fully loaded (networkidle)
[2026-06-21 13:22:49] [INFO] LoginPage opened
[2026-06-21 13:22:49] [INFO] Attempting login with user: standard_user
[2026-06-21 13:22:49] [INFO] Login button clicked for user: standard_user
[2026-06-21 13:22:49] [INFO] Inventory page ready
[2026-06-21 13:22:53] [INFO] Navigating to: /
[2026-06-21 13:22:55] [INFO] Page fully loaded (networkidle)
[2026-06-21 13:22:55] [INFO] LoginPage opened
[2026-06-21 13:22:55] [INFO] Attempting login with user: wrong_user
[2026-06-21 13:22:55] [INFO] Login button clicked for user: wrong_user
[2026-06-21 13:23:00] [INFO] Navigating to: /
[2026-06-21 13:23:03] [INFO] Page fully loaded (networkidle)
[2026-06-21 13:23:03] [INFO] LoginPage opened
[2026-06-21 13:23:03] [INFO] Attempting login with user: locked_out_user
[2026-06-21 13:23:03] [INFO] Login button clicked for user: locked_out_user
[2026-06-21 13:23:07] [INFO] Navigating to: /
[2026-06-21 13:23:09] [INFO] Page fully loaded (networkidle)
[2026-06-21 13:23:09] [INFO] LoginPage opened
[2026-06-21 13:23:09] [INFO] Screenshot taken: login-page-baseline
[2026-06-21 13:23:14] [INFO] Navigating to: /
[2026-06-21 13:23:14] [INFO] Navigating to: /
[2026-06-21 13:23:14] [INFO] Navigating to: /
[2026-06-21 13:23:14] [INFO] Navigating to: /
[2026-06-21 13:23:14] [INFO] Navigating to: /
[2026-06-21 13:23:14] [INFO] Navigating to: /
[2026-06-21 13:23:16] [INFO] Page fully loaded (networkidle)
[2026-06-21 13:23:16] [INFO] Page fully loaded (networkidle)
[2026-06-21 13:23:16] [INFO] LoginPage opened
[2026-06-21 13:23:16] [INFO] Attempting login with user: standard_user
[2026-06-21 13:23:16] [INFO] LoginPage opened
[2026-06-21 13:23:16] [INFO] Attempting login with user: standard_user
[2026-06-21 13:23:16] [INFO] Page fully loaded (networkidle)
[2026-06-21 13:23:16] [INFO] LoginPage opened
[2026-06-21 13:23:16] [INFO] Attempting login with user: standard_user
[2026-06-21 13:23:16] [INFO] Page fully loaded (networkidle)
[2026-06-21 13:23:16] [INFO] LoginPage opened
[2026-06-21 13:23:16] [INFO] Attempting login with user: standard_user
[2026-06-21 13:23:16] [INFO] Page fully loaded (networkidle)
[2026-06-21 13:23:16] [INFO] LoginPage opened
[2026-06-21 13:23:16] [INFO] Attempting login with user: standard_user
[2026-06-21 13:23:16] [INFO] Page fully loaded (networkidle)
[2026-06-21 13:23:16] [INFO] LoginPage opened
[2026-06-21 13:23:16] [INFO] Attempting login with user: standard_user
[2026-06-21 13:23:16] [INFO] Login button clicked for user: standard_user
[2026-06-21 13:23:16] [INFO] Login button clicked for user: standard_user
[2026-06-21 13:23:16] [INFO] Inventory page ready
[2026-06-21 13:23:16] [INFO] Inventory page ready
[2026-06-21 13:23:16] [INFO] Login button clicked for user: standard_user
[2026-06-21 13:23:16] [INFO] Login button clicked for user: standard_user
[2026-06-21 13:23:16] [INFO] Login button clicked for user: standard_user
[2026-06-21 13:23:16] [INFO] Login button clicked for user: standard_user
[2026-06-21 13:23:16] [INFO] Inventory page ready
[2026-06-21 13:23:16] [INFO] Inventory page ready
[2026-06-21 13:23:16] [INFO] Inventory page ready
[2026-06-21 13:23:16] [INFO] Inventory page ready
[2026-06-21 13:23:16] [INFO] Sorting inventory by: za
[2026-06-21 13:23:16] [INFO] Sorting inventory by: az
[2026-06-21 13:23:16] [INFO] First item added to cart
[2026-06-21 13:23:17] [INFO] Item at index 0 added to cart
[2026-06-21 13:23:17] [INFO] Logged out
[2026-06-21 13:23:17] [INFO] Item at index 1 added to cart
[2026-06-21 13:25:14] [INFO] Navigating to: /
[2026-06-21 13:25:14] [INFO] Navigating to: /
[2026-06-21 13:25:14] [INFO] Navigating to: /
[2026-06-21 13:25:14] [INFO] Navigating to: /
[2026-06-21 13:25:14] [INFO] Navigating to: /
[2026-06-21 13:25:14] [INFO] Navigating to: /
[2026-06-21 13:25:15] [INFO] Page fully loaded (networkidle)
[2026-06-21 13:25:15] [INFO] Page fully loaded (networkidle)
[2026-06-21 13:25:15] [INFO] LoginPage opened
[2026-06-21 13:25:15] [INFO] Attempting login with user: standard_user
[2026-06-21 13:25:15] [INFO] LoginPage opened
[2026-06-21 13:25:15] [INFO] Attempting login with user: standard_user
[2026-06-21 13:25:15] [INFO] Login button clicked for user: standard_user
[2026-06-21 13:25:15] [INFO] Page fully loaded (networkidle)
[2026-06-21 13:25:15] [INFO] LoginPage opened
[2026-06-21 13:25:15] [INFO] Attempting login with user: standard_user
[2026-06-21 13:25:16] [INFO] Inventory page ready
[2026-06-21 13:25:16] [INFO] Login button clicked for user: standard_user
[2026-06-21 13:25:16] [INFO] Inventory page ready
[2026-06-21 13:25:16] [INFO] Page fully loaded (networkidle)
[2026-06-21 13:25:16] [INFO] LoginPage opened
[2026-06-21 13:25:16] [INFO] Attempting login with user: standard_user
[2026-06-21 13:25:16] [INFO] Sorting inventory by: az
[2026-06-21 13:25:16] [INFO] Login button clicked for user: standard_user
[2026-06-21 13:25:16] [INFO] Page fully loaded (networkidle)
[2026-06-21 13:25:16] [INFO] LoginPage opened
[2026-06-21 13:25:16] [INFO] Attempting login with user: standard_user
[2026-06-21 13:25:16] [INFO] Inventory page ready
[2026-06-21 13:25:16] [INFO] Login button clicked for user: standard_user
[2026-06-21 13:25:16] [INFO] Sorting inventory by: za
[2026-06-21 13:25:16] [INFO] Inventory page ready
[2026-06-21 13:25:16] [INFO] Page fully loaded (networkidle)
[2026-06-21 13:25:16] [INFO] LoginPage opened
[2026-06-21 13:25:16] [INFO] Attempting login with user: standard_user
[2026-06-21 13:25:16] [INFO] Login button clicked for user: standard_user
[2026-06-21 13:25:16] [INFO] Inventory page ready
[2026-06-21 13:25:16] [INFO] First item added to cart
[2026-06-21 13:25:16] [INFO] Login button clicked for user: standard_user
[2026-06-21 13:25:16] [INFO] Navigating to: /
[2026-06-21 13:25:16] [INFO] Inventory page ready
[2026-06-21 13:25:16] [INFO] Navigating to: /
[2026-06-21 13:25:16] [INFO] Navigating to: /
[2026-06-21 13:25:16] [INFO] Navigating to: /
[2026-06-21 13:25:16] [INFO] Item at index 0 added to cart
[2026-06-21 13:25:17] [INFO] Logged out
[2026-06-21 13:25:17] [INFO] Item at index 1 added to cart
[2026-06-21 13:25:18] [INFO] Page fully loaded (networkidle)
[2026-06-21 13:25:18] [INFO] LoginPage opened
[2026-06-21 13:25:18] [INFO] Attempting login with user: standard_user
[2026-06-21 13:25:18] [INFO] Login button clicked for user: standard_user
[2026-06-21 13:25:18] [INFO] Inventory page ready
[2026-06-21 13:25:18] [INFO] Page fully loaded (networkidle)
[2026-06-21 13:25:18] [INFO] LoginPage opened
[2026-06-21 13:25:18] [INFO] Attempting login with user: wrong_user
[2026-06-21 13:25:18] [INFO] Login button clicked for user: wrong_user
[2026-06-21 13:25:18] [INFO] Page fully loaded (networkidle)
[2026-06-21 13:25:18] [INFO] LoginPage opened
[2026-06-21 13:25:18] [INFO] Attempting login with user: locked_out_user
[2026-06-21 13:25:18] [INFO] Page fully loaded (networkidle)
[2026-06-21 13:25:18] [INFO] LoginPage opened
[2026-06-21 13:25:18] [INFO] Login button clicked for user: locked_out_user
[2026-06-21 13:25:18] [INFO] Screenshot taken: login-page-baseline
[2026-06-21 13:30:20] [INFO] Navigating to: /
[2026-06-21 13:30:22] [INFO] Page fully loaded (networkidle)
[2026-06-21 13:30:22] [INFO] LoginPage opened
[2026-06-21 13:30:22] [INFO] Attempting login with user: standard_user
[2026-06-21 13:30:22] [INFO] Login button clicked for user: standard_user
[2026-06-21 13:30:22] [INFO] Inventory page ready
[2026-06-21 13:30:27] [INFO] Navigating to: /
[2026-06-21 13:30:29] [INFO] Page fully loaded (networkidle)
[2026-06-21 13:30:29] [INFO] LoginPage opened
[2026-06-21 13:30:29] [INFO] Attempting login with user: standard_user
[2026-06-21 13:30:29] [INFO] Login button clicked for user: standard_user
[2026-06-21 13:30:29] [INFO] Inventory page ready
[2026-06-21 13:30:33] [INFO] Navigating to: /
[2026-06-21 13:30:36] [INFO] Page fully loaded (networkidle)
[2026-06-21 13:30:36] [INFO] LoginPage opened
[2026-06-21 13:30:36] [INFO] Attempting login with user: wrong_user
[2026-06-21 13:30:36] [INFO] Login button clicked for user: wrong_user
[2026-06-21 13:30:41] [INFO] Navigating to: /
[2026-06-21 13:30:41] [INFO] Navigating to: /
[2026-06-21 13:30:41] [INFO] Navigating to: /
[2026-06-21 13:30:41] [INFO] Navigating to: /
[2026-06-21 13:30:41] [INFO] Navigating to: /
[2026-06-21 13:30:41] [INFO] Navigating to: /
[2026-06-21 13:30:43] [INFO] Page fully loaded (networkidle)
[2026-06-21 13:30:43] [INFO] Page fully loaded (networkidle)
[2026-06-21 13:30:43] [INFO] LoginPage opened
[2026-06-21 13:30:43] [INFO] Attempting login with user: standard_user
[2026-06-21 13:30:43] [INFO] LoginPage opened
[2026-06-21 13:30:43] [INFO] Attempting login with user: standard_user
[2026-06-21 13:30:43] [INFO] Page fully loaded (networkidle)
[2026-06-21 13:30:43] [INFO] Page fully loaded (networkidle)
[2026-06-21 13:30:43] [INFO] LoginPage opened
[2026-06-21 13:30:43] [INFO] Attempting login with user: standard_user
[2026-06-21 13:30:43] [INFO] LoginPage opened
[2026-06-21 13:30:43] [INFO] Attempting login with user: standard_user
[2026-06-21 13:30:43] [INFO] Page fully loaded (networkidle)
[2026-06-21 13:30:43] [INFO] LoginPage opened
[2026-06-21 13:30:43] [INFO] Attempting login with user: standard_user
[2026-06-21 13:30:43] [INFO] Login button clicked for user: standard_user
[2026-06-21 13:30:43] [INFO] Page fully loaded (networkidle)
[2026-06-21 13:30:43] [INFO] LoginPage opened
[2026-06-21 13:30:43] [INFO] Attempting login with user: standard_user
[2026-06-21 13:30:43] [INFO] Inventory page ready
[2026-06-21 13:30:43] [INFO] Login button clicked for user: standard_user
[2026-06-21 13:30:43] [INFO] Login button clicked for user: standard_user
[2026-06-21 13:30:43] [INFO] Inventory page ready
[2026-06-21 13:30:43] [INFO] Inventory page ready
[2026-06-21 13:30:43] [INFO] Sorting inventory by: za
[2026-06-21 13:30:43] [INFO] Login button clicked for user: standard_user
[2026-06-21 13:30:43] [INFO] Login button clicked for user: standard_user
[2026-06-21 13:30:43] [INFO] Inventory page ready
[2026-06-21 13:30:43] [INFO] Login button clicked for user: standard_user
[2026-06-21 13:30:43] [INFO] Inventory page ready
[2026-06-21 13:30:43] [INFO] Inventory page ready
[2026-06-21 13:30:43] [INFO] Sorting inventory by: az
[2026-06-21 13:30:43] [INFO] First item added to cart
[2026-06-21 13:30:44] [INFO] Item at index 0 added to cart
[2026-06-21 13:30:44] [INFO] Logged out
[2026-06-21 13:30:44] [INFO] Item at index 1 added to cart
[2026-06-21 13:30:50] [INFO] Navigating to: /
[2026-06-21 13:30:50] [INFO] Navigating to: /
[2026-06-21 13:30:50] [INFO] Navigating to: /
[2026-06-21 13:30:50] [INFO] Navigating to: /
[2026-06-21 13:30:51] [INFO] Page fully loaded (networkidle)
[2026-06-21 13:30:51] [INFO] Page fully loaded (networkidle)
[2026-06-21 13:30:51] [INFO] LoginPage opened
[2026-06-21 13:30:51] [INFO] Attempting login with user: locked_out_user
[2026-06-21 13:30:51] [INFO] Page fully loaded (networkidle)
[2026-06-21 13:30:51] [INFO] LoginPage opened
[2026-06-21 13:30:51] [INFO] Attempting login with user: standard_user
[2026-06-21 13:30:51] [INFO] LoginPage opened
[2026-06-21 13:30:52] [INFO] Screenshot taken: login-page-baseline
[2026-06-21 13:30:52] [INFO] Login button clicked for user: locked_out_user
[2026-06-21 13:30:52] [INFO] Page fully loaded (networkidle)
[2026-06-21 13:30:52] [INFO] Login button clicked for user: standard_user
[2026-06-21 13:30:52] [INFO] LoginPage opened
[2026-06-21 13:30:52] [INFO] Attempting login with user: wrong_user
[2026-06-21 13:30:52] [INFO] Inventory page ready
[2026-06-21 13:30:52] [INFO] Login button clicked for user: wrong_user
[2026-06-21 13:32:01] [INFO] Navigating to: /
[2026-06-21 13:32:02] [INFO] Navigating to: /
[2026-06-21 13:32:02] [INFO] Navigating to: /
[2026-06-21 13:32:02] [INFO] Navigating to: /
[2026-06-21 13:32:02] [INFO] Navigating to: /
[2026-06-21 13:32:02] [INFO] Navigating to: /
[2026-06-21 13:32:04] [INFO] Page fully loaded (networkidle)
[2026-06-21 13:32:04] [INFO] LoginPage opened
[2026-06-21 13:32:04] [INFO] Attempting login with user: standard_user
[2026-06-21 13:32:04] [INFO] Page fully loaded (networkidle)
[2026-06-21 13:32:04] [INFO] LoginPage opened
[2026-06-21 13:32:04] [INFO] Attempting login with user: standard_user
[2026-06-21 13:32:04] [INFO] Login button clicked for user: standard_user
[2026-06-21 13:32:04] [INFO] Inventory page ready
[2026-06-21 13:32:04] [INFO] Page fully loaded (networkidle)
[2026-06-21 13:32:04] [INFO] LoginPage opened
[2026-06-21 13:32:04] [INFO] Attempting login with user: standard_user
[2026-06-21 13:32:04] [INFO] Page fully loaded (networkidle)
[2026-06-21 13:32:04] [INFO] LoginPage opened
[2026-06-21 13:32:04] [INFO] Attempting login with user: standard_user
[2026-06-21 13:32:04] [INFO] Login button clicked for user: standard_user
[2026-06-21 13:32:04] [INFO] Page fully loaded (networkidle)
[2026-06-21 13:32:04] [INFO] LoginPage opened
[2026-06-21 13:32:04] [INFO] Attempting login with user: standard_user
[2026-06-21 13:32:04] [INFO] Sorting inventory by: az
[2026-06-21 13:32:04] [INFO] Inventory page ready
[2026-06-21 13:32:04] [INFO] Page fully loaded (networkidle)
[2026-06-21 13:32:04] [INFO] Login button clicked for user: standard_user
[2026-06-21 13:32:04] [INFO] LoginPage opened
[2026-06-21 13:32:04] [INFO] Attempting login with user: standard_user
[2026-06-21 13:32:04] [INFO] Inventory page ready
[2026-06-21 13:32:04] [INFO] Login button clicked for user: standard_user
[2026-06-21 13:32:04] [INFO] Login button clicked for user: standard_user
[2026-06-21 13:32:04] [INFO] Inventory page ready
[2026-06-21 13:32:04] [INFO] Inventory page ready
[2026-06-21 13:32:04] [INFO] First item added to cart
[2026-06-21 13:32:04] [INFO] Sorting inventory by: za
[2026-06-21 13:32:04] [INFO] Login button clicked for user: standard_user
[2026-06-21 13:32:04] [INFO] Inventory page ready
[2026-06-21 13:32:05] [INFO] Item at index 0 added to cart
[2026-06-21 13:32:05] [INFO] Navigating to: /
[2026-06-21 13:32:05] [INFO] Navigating to: /
[2026-06-21 13:32:05] [INFO] Navigating to: /
[2026-06-21 13:32:05] [INFO] Navigating to: /
[2026-06-21 13:32:05] [INFO] Logged out
[2026-06-21 13:32:05] [INFO] Item at index 1 added to cart
[2026-06-21 13:32:07] [INFO] Page fully loaded (networkidle)
[2026-06-21 13:32:07] [INFO] Page fully loaded (networkidle)
[2026-06-21 13:32:07] [INFO] LoginPage opened
[2026-06-21 13:32:07] [INFO] LoginPage opened
[2026-06-21 13:32:07] [INFO] Attempting login with user: locked_out_user
[2026-06-21 13:32:07] [INFO] Attempting login with user: standard_user
[2026-06-21 13:32:07] [INFO] Login button clicked for user: locked_out_user
[2026-06-21 13:32:07] [INFO] Login button clicked for user: standard_user
[2026-06-21 13:32:07] [INFO] Inventory page ready
[2026-06-21 13:32:07] [INFO] Page fully loaded (networkidle)
[2026-06-21 13:32:07] [INFO] LoginPage opened
[2026-06-21 13:32:07] [INFO] Attempting login with user: wrong_user
[2026-06-21 13:32:07] [INFO] Login button clicked for user: wrong_user
[2026-06-21 13:32:07] [INFO] Page fully loaded (networkidle)
[2026-06-21 13:32:07] [INFO] LoginPage opened
[2026-06-21 13:32:07] [INFO] Screenshot taken: login-page-baseline
[2026-06-25 00:26:49] [INFO] Navigating to: /
[2026-06-25 00:26:49] [INFO] Navigating to: /
[2026-06-25 00:26:49] [INFO] Navigating to: /
[2026-06-25 00:26:49] [INFO] Navigating to: /
[2026-06-25 00:26:50] [INFO] Navigating to: /
[2026-06-25 00:26:50] [INFO] Navigating to: /
[2026-06-25 00:27:03] [INFO] Page fully loaded (networkidle)
[2026-06-25 00:27:03] [INFO] Page fully loaded (networkidle)
[2026-06-25 00:27:03] [INFO] LoginPage opened
[2026-06-25 00:27:03] [INFO] Attempting login with user: standard_user
[2026-06-25 00:27:03] [INFO] LoginPage opened
[2026-06-25 00:27:03] [INFO] Attempting login with user: standard_user
[2026-06-25 00:27:03] [INFO] Login button clicked for user: standard_user
[2026-06-25 00:27:03] [INFO] Login button clicked for user: standard_user
[2026-06-25 00:27:03] [INFO] Inventory page ready
[2026-06-25 00:27:03] [INFO] Inventory page ready
[2026-06-25 00:27:03] [INFO] Sorting inventory by: za
[2026-06-25 00:27:03] [INFO] Item at index 0 added to cart
[2026-06-25 00:27:03] [INFO] Navigating to: /
[2026-06-25 00:27:04] [INFO] Item at index 1 added to cart
[2026-06-25 00:27:06] [INFO] Navigating to: /
[2026-06-25 00:27:09] [INFO] Page fully loaded (networkidle)
[2026-06-25 00:27:09] [INFO] LoginPage opened
[2026-06-25 00:27:09] [INFO] Attempting login with user: standard_user
[2026-06-25 00:27:09] [INFO] Page fully loaded (networkidle)
[2026-06-25 00:27:09] [INFO] LoginPage opened
[2026-06-25 00:27:09] [INFO] Attempting login with user: standard_user
[2026-06-25 00:27:09] [INFO] Page fully loaded (networkidle)
[2026-06-25 00:27:09] [INFO] LoginPage opened
[2026-06-25 00:27:09] [INFO] Attempting login with user: standard_user
[2026-06-25 00:27:09] [INFO] Login button clicked for user: standard_user
[2026-06-25 00:27:09] [INFO] Inventory page ready
[2026-06-25 00:27:09] [INFO] Login button clicked for user: standard_user
[2026-06-25 00:27:09] [INFO] Login button clicked for user: standard_user
[2026-06-25 00:27:09] [INFO] Inventory page ready
[2026-06-25 00:27:09] [INFO] Inventory page ready
[2026-06-25 00:27:09] [INFO] Sorting inventory by: az
[2026-06-25 00:27:10] [INFO] Navigating to: /
[2026-06-25 00:27:10] [INFO] Navigating to: /
[2026-06-25 00:27:10] [INFO] Logged out
[2026-06-25 00:27:11] [INFO] Page fully loaded (networkidle)
[2026-06-25 00:27:11] [INFO] LoginPage opened
[2026-06-25 00:27:11] [INFO] Attempting login with user: wrong_user
[2026-06-25 00:27:11] [INFO] Login button clicked for user: wrong_user
[2026-06-25 00:27:11] [INFO] Page fully loaded (networkidle)
[2026-06-25 00:27:11] [INFO] LoginPage opened
[2026-06-25 00:27:11] [INFO] Attempting login with user: standard_user
[2026-06-25 00:27:11] [INFO] Login button clicked for user: standard_user
[2026-06-25 00:27:11] [INFO] Inventory page ready
[2026-06-25 00:27:12] [INFO] First item added to cart
[2026-06-25 00:27:12] [INFO] Page fully loaded (networkidle)
[2026-06-25 00:27:12] [INFO] LoginPage opened
[2026-06-25 00:27:12] [INFO] Attempting login with user: locked_out_user
[2026-06-25 00:27:12] [INFO] Login button clicked for user: locked_out_user
[2026-06-25 00:27:13] [INFO] Page fully loaded (networkidle)
[2026-06-25 00:27:13] [INFO] LoginPage opened
[2026-06-25 00:27:13] [INFO] Screenshot taken: login-page-baseline
[2026-06-25 00:27:46] [INFO] Page fully loaded (networkidle)
[2026-06-25 00:27:46] [INFO] LoginPage opened
[2026-06-25 00:27:46] [INFO] Attempting login with user: standard_user
[2026-06-25 00:27:46] [INFO] Login button clicked for user: standard_user
[2026-06-25 00:27:46] [INFO] Inventory page ready
